Component: ARM Compiler 5.06 update 5 (build 528) Tool: armlink [4d35e2]

==============================================================================

Section Cross References

    startup_stm32f103xe.o(STACK) refers (Special) to heapauxi.o(.text) for __use_two_region_memory
    startup_stm32f103xe.o(HEAP) refers (Special) to heapauxi.o(.text) for __use_two_region_memory
    startup_stm32f103xe.o(RESET) refers (Special) to heapauxi.o(.text) for __use_two_region_memory
    startup_stm32f103xe.o(RESET) refers to startup_stm32f103xe.o(STACK) for __initial_sp
    startup_stm32f103xe.o(RESET) refers to startup_stm32f103xe.o(.text) for Reset_Handler
    startup_stm32f103xe.o(RESET) refers to stm32f1xx_it.o(i.NMI_Handler) for NMI_Handler
    startup_stm32f103xe.o(RESET) refers to stm32f1xx_it.o(i.HardFault_Handler) for HardFault_Handler
    startup_stm32f103xe.o(RESET) refers to stm32f1xx_it.o(i.MemManage_Handler) for MemManage_Handler
    startup_stm32f103xe.o(RESET) refers to stm32f1xx_it.o(i.BusFault_Handler) for BusFault_Handler
    startup_stm32f103xe.o(RESET) refers to stm32f1xx_it.o(i.UsageFault_Handler) for UsageFault_Handler
    startup_stm32f103xe.o(RESET) refers to stm32f1xx_it.o(i.SVC_Handler) for SVC_Handler
    startup_stm32f103xe.o(RESET) refers to stm32f1xx_it.o(i.DebugMon_Handler) for DebugMon_Handler
    startup_stm32f103xe.o(RESET) refers to stm32f1xx_it.o(i.PendSV_Handler) for PendSV_Handler
    startup_stm32f103xe.o(RESET) refers to stm32f1xx_it.o(i.SysTick_Handler) for SysTick_Handler
    startup_stm32f103xe.o(.text) refers (Special) to heapauxi.o(.text) for __use_two_region_memory
    startup_stm32f103xe.o(.text) refers to system_stm32f1xx.o(i.SystemInit) for SystemInit
    startup_stm32f103xe.o(.text) refers to __main.o(!!!main) for __main
    startup_stm32f103xe.o(.text) refers to startup_stm32f103xe.o(HEAP) for Heap_Mem
    startup_stm32f103xe.o(.text) refers to startup_stm32f103xe.o(STACK) for Stack_Mem
    lcd.o(i.LCD_BackLed_Control) refers to stm32f1xx_hal_gpio.o(i.HAL_GPIO_WritePin) for HAL_GPIO_WritePin
    lcd.o(i.LCD_Clear) refers to lcd.o(i.LCD_OpenWindow) for LCD_OpenWindow
    lcd.o(i.LCD_Clear) refers to lcd.o(i.LCD_FillColor) for LCD_FillColor
    lcd.o(i.LCD_DrawChar) refers to lcd.o(i.LCD_OpenWindow) for LCD_OpenWindow
    lcd.o(i.LCD_DrawChar) refers to lcd.o(.constdata) for .constdata
    lcd.o(i.LCD_DrawDot) refers to lcd.o(i.LCD_OpenWindow) for LCD_OpenWindow
    lcd.o(i.LCD_DrawDot) refers to lcd.o(i.LCD_FillColor) for LCD_FillColor
    lcd.o(i.LCD_DrawEllipse) refers to lcd.o(i.LCD_OpenWindow) for LCD_OpenWindow
    lcd.o(i.LCD_DrawEllipse) refers to fflt_clz.o(x$fpl$ffltu) for __aeabi_ui2f
    lcd.o(i.LCD_DrawEllipse) refers to dflt_clz.o(x$fpl$dfltu) for __aeabi_ui2d
    lcd.o(i.LCD_DrawEllipse) refers to scalbn.o(x$fpl$scalbn) for __ARM_scalbn
    lcd.o(i.LCD_DrawEllipse) refers to dmul.o(x$fpl$dmul) for __aeabi_dmul
    lcd.o(i.LCD_DrawEllipse) refers to dflt_clz.o(x$fpl$dflt) for __aeabi_i2d
    lcd.o(i.LCD_DrawEllipse) refers to daddsub_clz.o(x$fpl$dadd) for __aeabi_dadd
    lcd.o(i.LCD_DrawEllipse) refers to d2f.o(x$fpl$d2f) for __aeabi_d2f
    lcd.o(i.LCD_DrawEllipse) refers to fflt_clz.o(x$fpl$fflt) for __aeabi_i2f
    lcd.o(i.LCD_DrawEllipse) refers to fmul.o(x$fpl$fmul) for __aeabi_fmul
    lcd.o(i.LCD_DrawEllipse) refers to faddsub_clz.o(x$fpl$fadd) for __aeabi_fadd
    lcd.o(i.LCD_DrawEllipse) refers to ffixu.o(x$fpl$ffixu) for __aeabi_f2uiz
    lcd.o(i.LCD_DrawEllipse) refers to lcd.o(i.LCD_DrawDot) for LCD_DrawDot
    lcd.o(i.LCD_DrawEllipse) refers to faddsub_clz.o(x$fpl$fsub) for __aeabi_fsub
    lcd.o(i.LCD_DrawEllipse) refers to faddsub_clz.o(x$fpl$frsb) for __aeabi_frsub
    lcd.o(i.LCD_DrawEllipse) refers to fleqf.o(x$fpl$fleqf) for __aeabi_cfcmple
    lcd.o(i.LCD_DrawEllipse) refers to f2d.o(x$fpl$f2d) for __aeabi_f2d
    lcd.o(i.LCD_DrawEllipse) refers to daddsub_clz.o(x$fpl$dsub) for __aeabi_dsub
    lcd.o(i.LCD_DrawLine) refers to lcd.o(i.LCD_DrawDot) for LCD_DrawDot
    lcd.o(i.LCD_DrawString) refers to lcd.o(i.LCD_DrawChar) for LCD_DrawChar
    lcd.o(i.LCD_GetPointPixel) refers to lcd.o(i.LCD_OpenWindow) for LCD_OpenWindow
    lcd.o(i.LCD_GetPointPixel) refers to lcd.o(i.LCD_Read_PixelData) for LCD_Read_PixelData
    lcd.o(i.LCD_INIT) refers to lcd.o(i.LCD_BackLed_Control) for LCD_BackLed_Control
    lcd.o(i.LCD_INIT) refers to lcd.o(i.LCD_Rst) for LCD_Rst
    lcd.o(i.LCD_INIT) refers to lcd.o(i.LCD_REG_Config) for LCD_REG_Config
    lcd.o(i.LCD_INIT) refers to lcd.o(i.LCD_Clear) for LCD_Clear
    lcd.o(i.LCD_REG_Config) refers to lcd.o(i.Delay) for Delay
    lcd.o(i.LCD_Rst) refers to stm32f1xx_hal_gpio.o(i.HAL_GPIO_WritePin) for HAL_GPIO_WritePin
    lcd.o(i.LCD_Rst) refers to lcd.o(i.Delay) for Delay
    lcd.o(i.LCD_chinese_name) refers to lcd.o(i.LCD_OpenWindow) for LCD_OpenWindow
    lcd.o(i.LCD_chinese_name) refers to lcd.o(.constdata) for .constdata
[...]
    i.HAL_MspInit                            0x08000da0   Section        0  stm32f1xx_hal_msp.o(i.HAL_MspInit)
    i.HAL_NVIC_SetPriority                   0x08000df4   Section        0  stm32f1xx_hal_cortex.o(i.HAL_NVIC_SetPriority)
    i.HAL_NVIC_SetPriorityGrouping           0x08000e70   Section        0  stm32f1xx_hal_cortex.o(i.HAL_NVIC_SetPriorityGrouping)
    i.HAL_RCC_ClockConfig                    0x08000e98   Section        0  stm32f1xx_hal_rcc.o(i.HAL_RCC_ClockConfig)
    i.HAL_RCC_GetSysClockFreq                0x08001024   Section        0  stm32f1xx_hal_rcc.o(i.HAL_RCC_GetSysClockFreq)
    i.HAL_RCC_OscConfig                      0x080010b8   Section        0  stm32f1xx_hal_rcc.o(i.HAL_RCC_OscConfig)
    i.HAL_SD_ConfigWideBusOperation          0x0800151c   Section        0  stm32f1xx_hal_sd.o(i.HAL_SD_ConfigWideBusOperation)
    i.HAL_SD_GetCardCSD                      0x080015e4   Section        0  stm32f1xx_hal_sd.o(i.HAL_SD_GetCardCSD)
    i.HAL_SD_GetCardInfo                     0x080017ac   Section        0  stm32f1xx_hal_sd.o(i.HAL_SD_GetCardInfo)
    i.HAL_SD_GetCardState                    0x080017d2   Section        0  stm32f1xx_hal_sd.o(i.HAL_SD_GetCardState)
    i.HAL_SD_Init                            0x080017f6   Section        0  stm32f1xx_hal_sd.o(i.HAL_SD_Init)
    i.HAL_SD_InitCard                        0x08001834   Section        0  stm32f1xx_hal_sd.o(i.HAL_SD_InitCard)
    i.HAL_SD_MspInit                         0x080018e0   Section        0  stm32f1xx_hal_msp.o(i.HAL_SD_MspInit)
    i.HAL_SD_ReadBlocks                      0x08001988   Section        0  stm32f1xx_hal_sd.o(i.HAL_SD_ReadBlocks)
    i.HAL_SD_WriteBlocks                     0x08001c20   Section        0  stm32f1xx_hal_sd.o(i.HAL_SD_WriteBlocks)
    i.HAL_SRAM_Init                          0x08001e50   Section        0  stm32f1xx_hal_sram.o(i.HAL_SRAM_Init)
    i.HAL_SRAM_MspInit                       0x08001eb6   Section        0  stm32f1xx_hal_msp.o(i.HAL_SRAM_MspInit)
    i.HAL_SYSTICK_Config                     0x08001ec0   Section        0  stm32f1xx_hal_cortex.o(i.HAL_SYSTICK_Config)
    i.HAL_TIMEx_MasterConfigSynchronization  0x08001ef4   Section        0  stm32f1xx_hal_tim_ex.o(i.HAL_TIMEx_MasterConfigSynchronization)
    i.HAL_TIM_Encoder_Init                   0x08001f90   Section        0  stm32f1xx_hal_tim.o(i.HAL_TIM_Encoder_Init)
    i.HAL_TIM_Encoder_MspInit                0x08002054   Section        0  stm32f1xx_hal_msp.o(i.HAL_TIM_Encoder_MspInit)
    i.HAL_TIM_Encoder_Start                  0x080020c4   Section        0  stm32f1xx_hal_tim.o(i.HAL_TIM_Encoder_Start)
    i.HardFault_Handler                      0x08002190   Section        0  stm32f1xx_it.o(i.HardFault_Handler)
    i.LCD_BackLed_Control                    0x08002194   Section        0  lcd.o(i.LCD_BackLed_Control)
    i.LCD_Clear                              0x080021ac   Section        0  lcd.o(i.LCD_Clear)
    i.LCD_DrawChar                           0x080021c8   Section        0  lcd.o(i.LCD_DrawChar)
    i.LCD_DrawString                         0x08002218   Section        0  lcd.o(i.LCD_DrawString)
    i.LCD_FillColor                          0x08002258   Section        0  lcd.o(i.LCD_FillColor)
    i.LCD_INIT                               0x08002274   Section        0  lcd.o(i.LCD_INIT)
    i.LCD_OpenWindow                         0x0800229c   Section        0  lcd.o(i.LCD_OpenWindow)
    i.LCD_REG_Config                         0x080022dc   Section        0  lcd.o(i.LCD_REG_Config)
    i.LCD_Rst                                0x08002454   Section        0  lcd.o(i.LCD_Rst)
    i.MX_FATFS_Init                          0x08002488   Section        0  fatfs.o(i.MX_FATFS_Init)
    i.MX_FSMC_Init                           0x080024a4   Section        0  main.o(i.MX_FSMC_Init)
    MX_FSMC_Init                             0x080024a5   Thumb Code   106  main.o(i.MX_FSMC_Init)
    i.MX_GPIO_Init                           0x0800251c   Section        0  main.o(i.MX_GPIO_Init)
    MX_GPIO_Init                             0x0800251d   Thumb Code   206  main.o(i.MX_GPIO_Init)
    i.MX_TIM3_Init                           0x080025fc   Section        0  main.o(i.MX_TIM3_Init)
    MX_TIM3_Init                             0x080025fd   Thumb Code   100  main.o(i.MX_TIM3_Init)
    i.MemManage_Handler                      0x08002668   Section        0  stm32f1xx_it.o(i.MemManage_Handler)
    i.NMI_Handler                            0x0800266c   Section        0  stm32f1xx_it.o(i.NMI_Handler)
    i.PendSV_Handler                         0x08002670   Section        0  stm32f1xx_it.o(i.PendSV_Handler)
    i.RCC_Delay                              0x08002674   Section        0  stm32f1xx_hal_rcc.o(i.RCC_Delay)
    RCC_Delay                                0x08002675   Thumb Code    36  stm32f1xx_hal_rcc.o(i.RCC_Delay)
    i.SDIO_ConfigData                        0x0800269c   Section        0  stm32f1xx_ll_sdmmc.o(i.SDIO_ConfigData)
    i.SDIO_GetCommandResponse                0x080026c8   Section        0  stm32f1xx_ll_sdmmc.o(i.SDIO_GetCommandResponse)
    i.SDIO_GetPowerState                     0x080026d0   Section        0  stm32f1xx_ll_sdmmc.o(i.SDIO_GetPowerState)
    i.SDIO_GetResponse                       0x080026da   Section        0  stm32f1xx_ll_sdmmc.o(i.SDIO_GetResponse)
    i.SDIO_Init                              0x080026e6   Section        0  stm32f1xx_ll_sdmmc.o(i.SDIO_Init)
    i.SDIO_PowerState_ON                     0x0800271a   Section        0  stm32f1xx_ll_sdmmc.o(i.SDIO_PowerState_ON)
    i.SDIO_ReadFIFO                          0x0800272c   Section        0  stm32f1xx_ll_sdmmc.o(i.SDIO_ReadFIFO)
    i.SDIO_SendCommand                       0x08002734   Section        0  stm32f1xx_ll_sdmmc.o(i.SDIO_SendCommand)
    i.SDIO_WriteFIFO                         0x0800275c   Section        0  stm32f1xx_ll_sdmmc.o(i.SDIO_WriteFIFO)
    i.SDMMC_CmdAppCommand                    0x08002768   Section        0  stm32f1xx_ll_sdmmc.o(i.SDMMC_CmdAppCommand)
    i.SDMMC_CmdAppOperCommand                0x080027a0   Section        0  stm32f1xx_ll_sdmmc.o(i.SDMMC_CmdAppOperCommand)
    i.SDMMC_CmdBlockLength                   0x080027dc   Section        0  stm32f1xx_ll_sdmmc.o(i.SDMMC_CmdBlockLength)
    i.SDMMC_CmdBusWidth                      0x08002814   Section        0  stm32f1xx_ll_sdmmc.o(i.SDMMC_CmdBusWidth)
    i.SDMMC_CmdGoIdleState                   0x0800284c   Section        0  stm32f1xx_ll_sdmmc.o(i.SDMMC_CmdGoIdleState)
    i.SDMMC_CmdOperCond                      0x08002878   Section        0  stm32f1xx_ll_sdmmc.o(i.SDMMC_CmdOperCond)
    i.SDMMC_CmdReadMultiBlock                0x080028ac   Section        0  stm32f1xx_ll_sdmmc.o(i.SDMMC_CmdReadMultiBlock)
    i.SDMMC_CmdReadSingleBlock               0x080028e4   Section        0  stm32f1xx_ll_sdmmc.o(i.SDMMC_CmdReadSingleBlock)
    i.SDMMC_CmdSelDesel                      0x0800291c   Section        0  stm32f1xx_ll_sdmmc.o(i.SDMMC_CmdSelDesel)
    i.SDMMC_CmdSendCID                       0x08002956   Section        0  stm32f1xx_ll_sdmmc.o(i.SDMMC_CmdSendCID)
    i.SDMMC_CmdSendCSD                       0x08002988   Section        0  stm32f1xx_ll_sdmmc.o(i.SDMMC_CmdSendCSD)
    i.SDMMC_CmdSendSCR                       0x080029ba   Section        0  stm32f1xx_ll_sdmmc.o(i.SDMMC_CmdSendSCR)
    i.SDMMC_CmdSendStatus                    0x080029f2   Section        0  stm32f1xx_ll_sdmmc.o(i.SDMMC_CmdSendStatus)
    i.SDMMC_CmdSetRelAdd                     0x08002a2a   Section        0  stm32f1xx_ll_sdmmc.o(i.SDMMC_CmdSetRelAdd)
    i.SDMMC_CmdStopTransfer                  0x08002a64   Section        0  stm32f1xx_ll_sdmmc.o(i.SDMMC_CmdStopTransfer)
    i.SDMMC_CmdWriteMultiBlock               0x08002aa0   Section        0  stm32f1xx_ll_sdmmc.o(i.SDMMC_CmdWriteMultiBlock)
    i.SDMMC_CmdWriteSingleBlock              0x08002ad8   Section        0  stm32f1xx_ll_sdmmc.o(i.SDMMC_CmdWriteSingleBlock)
    i.SDMMC_GetCmdError                      0x08002b10   Section        0  stm32f1xx_ll_sdmmc.o(i.SDMMC_GetCmdError)
    SDMMC_GetCmdError                        0x08002b11   Thumb Code    58  stm32f1xx_ll_sdmmc.o(i.SDMMC_GetCmdError)
    i.SDMMC_GetCmdResp1                      0x08002b50   Section        0  stm32f1xx_ll_sdmmc.o(i.SDMMC_GetCmdResp1)
    SDMMC_GetCmdResp1                        0x08002b51   Thumb Code   418  stm32f1xx_ll_sdmmc.o(i.SDMMC_GetCmdResp1)
    i.SDMMC_GetCmdResp2                      0x08002cfc   Section        0  stm32f1xx_ll_sdmmc.o(i.SDMMC_GetCmdResp2)
    SDMMC_GetCmdResp2                        0x08002cfd   Thumb Code    96  stm32f1xx_ll_sdmmc.o(i.SDMMC_GetCmdResp2)
    i.SDMMC_GetCmdResp3                      0x08002d60   Section        0  stm32f1xx_ll_sdmmc.o(i.SDMMC_GetCmdResp3)
    SDMMC_GetCmdResp3                        0x08002d61   Thumb Code    82  stm32f1xx_ll_sdmmc.o(i.SDMMC_GetCmdResp3)
    i.SDMMC_GetCmdResp6                      0x08002db8   Section        0  stm32f1xx_ll_sdmmc.o(i.SDMMC_GetCmdResp6)
    SDMMC_GetCmdResp6                        0x08002db9   Thumb Code   180  stm32f1xx_ll_sdmmc.o(i.SDMMC_GetCmdResp6)
    i.SDMMC_GetCmdResp7                      0x08002e70   Section        0  stm32f1xx_ll_sdmmc.o(i.SDMMC_GetCmdResp7)
    SDMMC_GetCmdResp7                        0x08002e71   Thumb Code   104  stm32f1xx_ll_sdmmc.o(i.SDMMC_GetCmdResp7)
    i.SD_FindSCR                             0x08002edc   Section        0  stm32f1xx_hal_sd.o(i.SD_FindSCR)
    SD_FindSCR                               0x08002edd   Thumb Code   322  stm32f1xx_hal_sd.o(i.SD_FindSCR)
    i.SD_InitCard                            0x0800301e   Section        0  stm32f1xx_hal_sd.o(i.SD_InitCard)
    SD_InitCard                              0x0800301f   Thumb Code   258  stm32f1xx_hal_sd.o(i.SD_InitCard)
    i.SD_PowerON                             0x08003120   Section        0  stm32f1xx_hal_sd.o(i.SD_PowerON)
    SD_PowerON                               0x08003121   Thumb Code   198  stm32f1xx_hal_sd.o(i.SD_PowerON)
    i.SD_SendStatus                          0x080031ec   Section        0  stm32f1xx_hal_sd.o(i.SD_SendStatus)
    SD_SendStatus                            0x080031ed   Thumb Code    48  stm32f1xx_hal_sd.o(i.SD_SendStatus)
    i.SD_WideBus_Disable                     0x0800321c   Section        0  stm32f1xx_hal_sd.o(i.SD_WideBus_Disable)
    SD_WideBus_Disable                       0x0800321d   Thumb Code   104  stm32f1xx_hal_sd.o(i.SD_WideBus_Disable)
    i.SD_WideBus_Enable                      0x08003284   Section        0  stm32f1xx_hal_sd.o(i.SD_WideBus_Enable)
    SD_WideBus_Enable                        0x08003285   Thumb Code   104  stm32f1xx_hal_sd.o(i.SD_WideBus_Enable)
    i.SD_initialize                          0x080032ec   Section        0  sd_diskio.o(i.SD_initialize)
    i.SD_ioctl                               0x08003314   Section        0  sd_diskio.o(i.SD_ioctl)
    i.SD_read                                0x0800337c   Section        0  sd_diskio.o(i.SD_read)
    i.SD_status                              0x080033c4   Section        0  sd_diskio.o(i.SD_status)
    i.SD_write                               0x080033ec   Section        0  sd_diskio.o(i.SD_write)
    i.SVC_Handler                            0x08003434   Section        0  stm32f1xx_it.o(i.SVC_Handler)
    i.SysTick_Handler                        0x08003436   Section        0  stm32f1xx_it.o(i.SysTick_Handler)
    i.SystemClock_Config                     0x0800343e   Section        0  main.o(i.SystemClock_Config)
    i.SystemInit                             0x0800349c   Section        0  system_stm32f1xx.o(i.SystemInit)
    i.TIM_Base_SetConfig                     0x080034a0   Section        0  stm32f1xx_hal_tim.o(i.TIM_Base_SetConfig)
    i.TIM_CCxChannelCmd                      0x0800353c   Section        0  stm32f1xx_hal_tim.o(i.TIM_CCxChannelCmd)
    i.UsageFault_Handler                     0x0800355e   Section        0  stm32f1xx_it.o(i.UsageFault_Handler)
    i.__NVIC_GetPriorityGrouping             0x08003564   Section        0  stm32f1xx_hal_cortex.o(i.__NVIC_GetPriorityGrouping)
    __NVIC_GetPriorityGrouping               0x08003565   Thumb Code    10  stm32f1xx_hal_cortex.o(i.__NVIC_GetPriorityGrouping)
    i.__NVIC_SetPriority                     0x08003574   Section        0  stm32f1xx_hal_cortex.o(i.__NVIC_SetPriority)
    __NVIC_SetPriority                       0x08003575   Thumb Code    32  stm32f1xx_hal_cortex.o(i.__NVIC_SetPriority)
    i.check_fs                               0x0800359c   Section        0  ff.o(i.check_fs)
    check_fs                                 0x0800359d   Thumb Code    90  ff.o(i.check_fs)
    i.chk_chr                                0x080035fc   Section        0  ff.o(i.chk_chr)
    chk_chr                                  0x080035fd   Thumb Code    16  ff.o(i.chk_chr)
    i.chk_lock                               0x0800360c   Section        0  ff.o(i.chk_lock)
    chk_lock                                 0x0800360d   Thumb Code   100  ff.o(i.chk_lock)
    i.clear_lock                             0x08003674   Section        0  ff.o(i.clear_lock)
    clear_lock                               0x08003675   Thumb Code    32  ff.o(i.clear_lock)
    i.clmt_clust                             0x08003698   Section        0  ff.o(i.clmt_clust)
    clmt_clust                               0x08003699   Thumb Code    46  ff.o(i.clmt_clust)
    i.clust2sect                             0x080036c6   Section        0  ff.o(i.clust2sect)
    i.create_chain                           0x080036e2   Section        0  ff.o(i.create_chain)
    create_chain                             0x080036e3   Thumb Code   164  ff.o(i.create_chain)
    i.create_name                            0x08003788   Section        0  ff.o(i.create_name)
    create_name                              0x08003789   Thumb Code   492  ff.o(i.create_name)
    i.dec_lock                               0x0800398c   Section        0  ff.o(i.dec_lock)
    dec_lock                                 0x0800398d   Thumb Code    54  ff.o(i.dec_lock)
    i.dir_find                               0x080039c8   Section        0  ff.o(i.dir_find)
    dir_find                                 0x080039c9   Thumb Code   314  ff.o(i.dir_find)
    i.dir_next                               0x08003b08   Section        0  ff.o(i.dir_next)
    dir_next                                 0x08003b09   Thumb Code   284  ff.o(i.dir_next)
    i.dir_read                               0x08003c24   Section        0  ff.o(i.dir_read)
    dir_read                                 0x08003c25   Thumb Code   252  ff.o(i.dir_read)
    i.dir_register                           0x08003d24   Section        0  ff.o(i.dir_register)
    dir_register                             0x08003d25   Thumb Code   444  ff.o(i.dir_register)
    i.dir_sdi                                0x08003ee4   Section        0  ff.o(i.dir_sdi)
    dir_sdi                                  0x08003ee5   Thumb Code   154  ff.o(i.dir_sdi)
    i.disk_initialize                        0x08003f80   Section        0  diskio.o(i.disk_initialize)
    i.disk_ioctl                             0x08003fac   Section        0  diskio.o(i.disk_ioctl)
    i.disk_read                              0x08003fd4   Section        0  diskio.o(i.disk_read)
    i.disk_status                            0x08004004   Section        0  diskio.o(i.disk_status)
    i.disk_write                             0x08004020   Section        0  diskio.o(i.disk_write)
    i.f_close                                0x08004050   Section        0  ff.o(i.f_close)
    i.f_lseek                                0x0800407a   Section        0  ff.o(i.f_lseek)
    i.f_mount                                0x080042e0   Section        0  ff.o(i.f_mount)
    i.f_open                                 0x08004344   Section        0  ff.o(i.f_open)
    i.f_opendir                              0x08004538   Section        0  ff.o(i.f_opendir)
    i.f_read                                 0x080045c4   Section        0  ff.o(i.f_read)
    i.f_readdir                              0x08004752   Section        0  ff.o(i.f_readdir)
    i.f_sync                                 0x080047ac   Section        0  ff.o(i.f_sync)
    i.ff_convert                             0x08004850   Section        0  ccsbcs.o(i.ff_convert)
    i.ff_wtoupper                            0x0800489c   Section        0  ccsbcs.o(i.ff_wtoupper)
    i.find_file_type                         0x080048d4   Section        0  file_sys_func.o(i.find_file_type)
    i.find_volume                            0x080048fc   Section        0  ff.o(i.find_volume)
    find_volume                              0x080048fd   Thumb Code   606  ff.o(i.find_volume)
    i.follow_path                            0x08004b68   Section        0  ff.o(i.follow_path)
    follow_path                              0x08004b69   Thumb Code   106  ff.o(i.follow_path)
    i.gen_numname                            0x08004bd4   Section        0  ff.o(i.gen_numname)
    gen_numname                              0x08004bd5   Thumb Code   122  ff.o(i.gen_numname)
    i.get_fat                                0x08004c54   Section        0  ff.o(i.get_fat)
    i.get_fattime                            0x08004d3a   Section        0  fatfs.o(i.get_fattime)
    i.get_fileinfo                           0x08004d3e   Section        0  ff.o(i.get_fileinfo)
    get_fileinfo                             0x08004d3f   Thumb Code   190  ff.o(i.get_fileinfo)
    i.get_ldnumber                           0x08004dfc   Section        0  ff.o(i.get_ldnumber)
    get_ldnumber                             0x08004dfd   Thumb Code    60  ff.o(i.get_ldnumber)
    i.inc_lock                               0x08004e38   Section        0  ff.o(i.inc_lock)
    inc_lock                                 0x08004e39   Thumb Code   146  ff.o(i.inc_lock)
    i.ld_clust                               0x08004ed0   Section        0  ff.o(i.ld_clust)
    ld_clust                                 0x08004ed1   Thumb Code    22  ff.o(i.ld_clust)
    i.main                                   0x08004ee8   Section        0  main.o(i.main)
    i.mem_cpy                                0x08004ff4   Section        0  ff.o(i.mem_cpy)
    mem_cpy                                  0x08004ff5   Thumb Code    18  ff.o(i.mem_cpy)
    i.mem_set                                0x08005006   Section        0  ff.o(i.mem_set)
    mem_set                                  0x08005007   Thumb Code    14  ff.o(i.mem_set)
    i.move_window                            0x08005014   Section        0  ff.o(i.move_window)
    move_window                              0x08005015   Thumb Code    56  ff.o(i.move_window)
    i.put_fat                                0x0800504c   Section        0  ff.o(i.put_fat)
    i.remove_chain                           0x0800516a   Section        0  ff.o(i.remove_chain)
    remove_chain                             0x0800516b   Thumb Code   102  ff.o(i.remove_chain)
    i.scan_file                              0x080051d0   Section        0  file_sys_func.o(i.scan_file)
    i.st_clust                               0x0800529c   Section        0  ff.o(i.st_clust)
    st_clust                                 0x0800529d   Thumb Code    16  ff.o(i.st_clust)
    i.sum_sfn                                0x080052ac   Section        0  ff.o(i.sum_sfn)
    sum_sfn                                  0x080052ad   Thumb Code    26  ff.o(i.sum_sfn)
    i.sync_fs                                0x080052c6   Section        0  ff.o(i.sync_fs)
    sync_fs                                  0x080052c7   Thumb Code   168  ff.o(i.sync_fs)
    i.sync_window                            0x0800536e   Section        0  ff.o(i.sync_window)
    sync_window                              0x0800536f   Thumb Code    82  ff.o(i.sync_window)
    i.validate                               0x080053c0   Section        0  ff.o(i.validate)
    validate                                 0x080053c1   Thumb Code    42  ff.o(i.validate)
    i.wav_read_header                        0x080053ec   Section        0  wav_decoder.o(i.wav_read_header)
    .constdata                               0x08005970   Section     1648  lcd.o(.constdata)
    .constdata                               0x08005fe0   Section       24  system_stm32f1xx.o(.constdata)
    .constdata                               0x08005ff8   Section      186  ff.o(.constdata)
    ExCvt                                    0x08005ff8   Data         128  ff.o(.constdata)
    LfnOfs                                   0x08006078   Data          13  ff.o(.constdata)
    vst                                      0x08006086   Data          22  ff.o(.constdata)
    cst                                      0x0800609c   Data          22  ff.o(.constdata)
    .constdata                               0x080060b2   Section     1216  ccsbcs.o(.constdata)
    Tbl                                      0x080060b2   Data         256  ccsbcs.o(.constdata)
    tbl_lower                                0x080061b2   Data         480  ccsbcs.o(.constdata)
    tbl_upper                                0x08006392   Data         480  ccsbcs.o(.constdata)
    .constdata                               0x08006574   Section       20  sd_diskio.o(.constdata)
    .data                                    0x20000000   Section        5  fatfs.o(.data)
    .data                                    0x20000008   Section        8  stm32f1xx_hal_msp.o(.data)
    FSMC_Initialized                         0x20000008   Data           4  stm32f1xx_hal_msp.o(.data)
    FSMC_DeInitialized                       0x2000000c   Data           4  stm32f1xx_hal_msp.o(.data)
    .data                                    0x20000010   Section        9  stm32f1xx_hal.o(.data)
    .data                                    0x2000001c   Section        4  system_stm32f1xx.o(.data)
    .data                                    0x20000020   Section        8  ff.o(.data)
    Fsid                                     0x20000020   Data           2  ff.o(.data)
    FatFs                                    0x20000024   Data           4  ff.o(.data)
    .data                                    0x20000028   Section        1  sd_diskio.o(.data)
    Stat                                     0x20000028   Data           1  sd_diskio.o(.data)
    .bss                                     0x2000002c   Section    12928  file_sys_func.o(.bss)
    lfname                                   0x2000322c   Data         128  file_sys_func.o(.bss)
    .bss                                     0x200032ac   Section      404  main.o(.bss)
    lfname                                   0x200032ac   Data         128  main.o(.bss)
    .bss                                     0x20003440   Section      248  wav_decoder.o(.bss)
    .bss                                     0x20003538   Section       24  ff.o(.bss)
    Files                                    0x20003538   Data          24  ff.o(.bss)
    .bss                                     0x20003550   Section       12  ff_gen_drv.o(.bss)
    .bss                                     0x2000355c   Section       96  libspace.o(.bss)
    HEAP                                     0x200035c0   Section     8192  startup_stm32f103xe.o(HEAP)
    Heap_Mem                                 0x200035c0   Data        8192  startup_stm32f103xe.o(HEAP)
    STACK                                    0x200055c0   Section    16384  startup_stm32f103xe.o(STACK)
    Stack_Mem                                0x200055c0   Data       16384  startup_stm32f103xe.o(STACK)
    __initial_sp                             0x200095c0   Data           0  startup_stm32f103xe.o(STACK)

    Global Symbols

    Symbol Name                              Value     Ov Type        Size  Object(Section)

    BuildAttributes$$THM_ISAv4$P$D$K$B$S$PE$A:L22UL41UL21$X:L11$S22US41US21$IEEE1$IW$USESV6$~STKCKD$USESV7$~SHL$OTIME$ROPI$EBA8$UX$STANDARDLIB$REQ8$EABIv2 0x00000000   Number         0  anon$$obj.o ABSOLUTE
    __ARM_use_no_argv                        0x00000000   Number         0  main.o ABSOLUTE
    __ARM_exceptions_init                     - Undefined Weak Reference
    __alloca_initialize                       - Undefined Weak Reference
    __arm_preinit_                            - Undefined Weak Reference
    __cpp_initialize__aeabi_                  - Undefined Weak Reference
    __cxa_finalize                            - Undefined Weak Reference
    __rt_locale                               - Undefined Weak Reference
    __sigvec_lookup                           - Undefined Weak Reference
    __user_heap_extent                        - Undefined Weak Reference
    _atexit_init                              - Undefined Weak Reference
    _call_atexit_fns                          - Undefined Weak Reference
    _clock_init                               - Undefined Weak Reference
    _fp_trap_init                             - Undefined Weak Reference
    _fp_trap_shutdown                         - Undefined Weak Reference
    _get_lc_collate                           - Undefined Weak Reference
    _get_lc_ctype                             - Undefined Weak Reference
    _get_lc_monetary                          - Undefined Weak Reference
    _get_lc_numeric                           - Undefined Weak Reference
    _get_lc_time                              - Undefined Weak Reference
    _getenv_init                              - Undefined Weak Reference
    _handle_redirection                       - Undefined Weak Reference
    _initio                                   - Undefined Weak Reference
    _mutex_acquire                            - Undefined Weak Reference
    _mutex_free                               - Undefined Weak Reference
    _mutex_release                            - Undefined Weak Reference
    _printf_mbtowc                            - Undefined Weak Reference
    _printf_post_padding                      - Undefined Weak Reference
    _printf_pre_padding                       - Undefined Weak Reference
    _printf_truncate_signed                   - Undefined Weak Reference
    _printf_truncate_unsigned                 - Undefined Weak Reference
    _rand_init                                - Undefined Weak Reference
    _signal_finish                            - Undefined Weak Reference
    _signal_init                              - Undefined Weak Reference
    _terminateio                              - Undefined Weak Reference
    __Vectors_Size                           0x00000130   Number         0  startup_stm32f103xe.o ABSOLUTE
    __Vectors                                0x08000000   Data           4  startup_stm32f103xe.o(RESET)
    __Vectors_End                            0x08000130   Data           0  startup_stm32f103xe.o(RESET)
    __main                                   0x08000131   Thumb Code     8  __main.o(!!!main)
    __scatterload                            0x08000139   Thumb Code     0  __scatter.o(!!!scatter)
    __scatterload_rt2                        0x08000139   Thumb Code    44  __scatter.o(!!!scatter)
    __scatterload_rt2_thumb_only             0x08000139   Thumb Code     0  __scatter.o(!!!scatter)
    __scatterload_null                       0x08000147   Thumb Code     0  __scatter.o(!!!scatter)
    __scatterload_copy                       0x0800016d   Thumb Code    26  __scatter_copy.o(!!handler_copy)
    __scatterload_zeroinit                   0x08000189   Thumb Code    28  __scatter_zi.o(!!handler_zi)
    _printf_d                                0x080001a5   Thumb Code     0  _printf_d.o(.ARM.Collect$$_printf_percent$$00000009)
    _printf_percent                          0x080001a5   Thumb Code     0  _printf_percent.o(.ARM.Collect$$_printf_percent$$00000000)
    _printf_s                                0x080001ab   Thumb Code     0  _printf_s.o(.ARM.Collect$$_printf_percent$$00000014)
    _printf_percent_end                      0x080001b1   Thumb Code     0  _printf_percent_end.o(.ARM.Collect$$_printf_percent$$00000017)
    __rt_lib_init                            0x080001b5   Thumb Code     0  libinit.o(.ARM.Collect$$libinit$$00000000)
    __rt_lib_init_alloca_1                   0x080001b7   Thumb Code     0  libinit2.o(.ARM.Collect$$libinit$$0000002E)
    __rt_lib_init_argv_1                     0x080001b7   Thumb Code     0  libinit2.o(.ARM.Collect$$libinit$$0000002C)
    __rt_lib_init_atexit_1                   0x080001b7   Thumb Code     0  libinit2.o(.ARM.Collect$$libinit$$0000001B)
    __rt_lib_init_clock_1                    0x080001b7   Thumb Code     0  libinit2.o(.ARM.Collect$$libinit$$00000021)
    __rt_lib_init_cpp_1                      0x080001b7   Thumb Code     0  libinit2.o(.ARM.Collect$$libinit$$00000032)
    __rt_lib_init_exceptions_1               0x080001b7   Thumb Code     0  libinit2.o(.ARM.Collect$$libinit$$00000030)
    __rt_lib_init_fp_1                       0x080001b7   Thumb Code     0  libinit2.o(.ARM.Collect$$libinit$$00000002)
    __rt_lib_init_fp_trap_1                  0x080001b7   Thumb Code     0  libinit2.o(.ARM.Collect$$libinit$$0000001F)
    __rt_lib_init_getenv_1                   0x080001b7   Thumb Code     0  libinit2.o(.ARM.Collect$$libinit$$00000023)
    __rt_lib_init_heap_1                     0x080001b7   Thumb Code     0  libinit2.o(.ARM.Collect$$libinit$$0000000A)
    __rt_lib_init_lc_collate_1               0x080001b7   Thumb Code     0  libinit2.o(.ARM.Collect$$libinit$$00000011)
    __rt_lib_init_lc_ctype_1                 0x080001b7   Thumb Code     0  libinit2.o(.ARM.Collect$$libinit$$00000013)
    __rt_lib_init_lc_monetary_1              0x080001b7   Thumb Code     0  libinit2.o(.ARM.Collect$$libinit$$00000015)
    __rt_lib_init_lc_numeric_1               0x080001b7   Thumb Code     0  libinit2.o(.ARM.Collect$$libinit$$00000017)
    __rt_lib_init_lc_time_1                  0x080001b7   Thumb Code     0  libinit2.o(.ARM.Collect$$libinit$$00000019)
    __rt_lib_init_preinit_1                  0x080001b7   Thumb Code     0  libinit2.o(.ARM.Collect$$libinit$$00000004)
    __rt_lib_init_rand_1                     0x080001b7   Thumb Code     0  libinit2.o(.ARM.Collect$$libinit$$0000000E)
    __rt_lib_init_return                     0x080001b7   Thumb Code     0  libinit2.o(.ARM.Collect$$libinit$$00000033)
    __rt_lib_init_signal_1                   0x080001b7   Thumb Code     0  libinit2.o(.ARM.Collect$$libinit$$0000001D)
    __rt_lib_init_stdio_1                    0x080001b7   Thumb Code     0  libinit2.o(.ARM.Collect$$libinit$$00000025)
    __rt_lib_init_user_alloc_1               0x080001b7   Thumb Code     0  libinit2.o(.ARM.Collect$$libinit$$0000000C)
    __rt_lib_shutdown                        0x080001b9   Thumb Code     0  libshutdown.o(.ARM.Collect$$libshutdown$$00000000)
    __rt_lib_shutdown_cpp_1                  0x080001bb   Thumb Code     0  libshutdown2.o(.ARM.Collect$$libshutdown$$00000002)
    __rt_lib_shutdown_fp_trap_1              0x080001bb   Thumb Code     0  libshutdown2.o(.ARM.Collect$$libshutdown$$00000007)
    __rt_lib_shutdown_heap_1                 0x080001bb   Thumb Code     0  libshutdown2.o(.ARM.Collect$$libshutdown$$0000000F)
    __rt_lib_shutdown_return                 0x080001bb   Thumb Code     0  libshutdown2.o(.ARM.Collect$$libshutdown$$00000010)
    __rt_lib_shutdown_signal_1               0x080001bb   Thumb Code     0  libshutdown2.o(.ARM.Collect$$libshutdown$$0000000A)
    __rt_lib_shutdown_stdio_1                0x080001bb   Thumb Code     0  libshutdown2.o(.ARM.Collect$$libshutdown$$00000004)
    __rt_lib_shutdown_user_alloc_1           0x080001bb   Thumb Code     0  libshutdown2.o(.ARM.Collect$$libshutdown$$0000000C)
    __rt_entry                               0x080001bd   Thumb Code     0  __rtentry.o(.ARM.Collect$$rtentry$$00000000)
    __rt_entry_presh_1                       0x080001bd   Thumb Code     0  __rtentry2.o(.ARM.Collect$$rtentry$$00000002)
    __rt_entry_sh                            0x080001bd   Thumb Code     0  __rtentry4.o(.ARM.Collect$$rtentry$$00000004)
    __rt_entry_li                            0x080001c3   Thumb Code     0  __rtentry2.o(.ARM.Collect$$rtentry$$0000000A)
    __rt_entry_postsh_1                      0x080001c3   Thumb Code     0  __rtentry2.o(.ARM.Collect$$rtentry$$00000009)
    __rt_entry_main                          0x080001c7   Thumb Code     0  __rtentry2.o(.ARM.Collect$$rtentry$$0000000D)
    __rt_entry_postli_1                      0x080001c7   Thumb Code     0  __rtentry2.o(.ARM.Collect$$rtentry$$0000000C)
    __rt_exit                                0x080001cf   Thumb Code     0  rtexit.o(.ARM.Collect$$rtexit$$00000000)
    __rt_exit_ls                             0x080001d1   Thumb Code     0  rtexit2.o(.ARM.Collect$$rtexit$$00000003)
    __rt_exit_prels_1                        0x080001d1   Thumb Code     0  rtexit2.o(.ARM.Collect$$rtexit$$00000002)
    __rt_exit_exit                           0x080001d5   Thumb Code     0  rtexit2.o(.ARM.Collect$$rtexit$$00000004)
    Reset_Handler                            0x080001dd   Thumb Code     8  startup_stm32f103xe.o(.text)
    ADC1_2_IRQHandler                        0x080001f7   Thumb Code     0  startup_stm32f103xe.o(.text)
    ADC3_IRQHandler                          0x080001f7   Thumb Code     0  startup_stm32f103xe.o(.text)
    CAN1_RX1_IRQHandler                      0x080001f7   Thumb Code     0  startup_stm32f103xe.o(.text)
    CAN1_SCE_IRQHandler                      0x080001f7   Thumb Code     0  startup_stm32f103xe.o(.text)
    DMA1_Channel1_IRQHandler                 0x080001f7   Thumb Code     0  startup_stm32f103xe.o(.text)
    DMA1_Channel2_IRQHandler                 0x080001f7   Thumb Code     0  startup_stm32f103xe.o(.text)
    DMA1_Channel3_IRQHandler                 0x080001f7   Thumb Code     0  startup_stm32f103xe.o(.text)
    DMA1_Channel4_IRQHandler                 0x080001f7   Thumb Code     0  startup_stm32f103xe.o(.text)
    DMA1_Channel5_IRQHandler                 0x080001f7   Thumb Code     0  startup_stm32f103xe.o(.text)
    DMA1_Channel6_IRQHandler                 0x080001f7   Thumb Code     0  startup_stm32f103xe.o(.text)
    DMA1_Channel7_IRQHandler                 0x080001f7   Thumb Code     0  startup_stm32f103xe.o(.text)
    DMA2_Channel1_IRQHandler                 0x080001f7   Thumb Code     0  startup_stm32f103xe.o(.text)
    DMA2_Channel2_IRQHandler                 0x080001f7   Thumb Code     0  startup_stm32f103xe.o(.text)
    DMA2_Channel3_IRQHandler                 0x080001f7   Thumb Code     0  startup_stm32f103xe.o(.text)
    DMA2_Channel4_5_IRQHandler               0x080001f7   Thumb Code     0  startup_stm32f103xe.o(.text)
    EXTI0_IRQHandler                         0x080001f7   Thumb Code     0  startup_stm32f103xe.o(.text)
    EXTI15_10_IRQHandler                     0x080001f7   Thumb Code     0  startup_stm32f103xe.o(.text)
    EXTI1_IRQHandler                         0x080001f7   Thumb Code     0  startup_stm32f103xe.o(.text)
    EXTI2_IRQHandler                         0x080001f7   Thumb Code     0  startup_stm32f103xe.o(.text)
    EXTI3_IRQHandler                         0x080001f7   Thumb Code     0  startup_stm32f103xe.o(.text)
    EXTI4_IRQHandler                         0x080001f7   Thumb Code     0  startup_stm32f103xe.o(.text)
    EXTI9_5_IRQHandler                       0x080001f7   Thumb Code     0  startup_stm32f103xe.o(.text)
    FLASH_IRQHandler                         0x080001f7   Thumb Code     0  startup_stm32f103xe.o(.text)
    FSMC_IRQHandler                          0x080001f7   Thumb Code     0  startup_stm32f103xe.o(.text)
    I2C1_ER_IRQHandler                       0x080001f7   Thumb Code     0  startup_stm32f103xe.o(.text)
    I2C1_EV_IRQHandler                       0x080001f7   Thumb Code     0  startup_stm32f103xe.o(.text)
    I2C2_ER_IRQHandler                       0x080001f7   Thumb Code     0  startup_stm32f103xe.o(.text)
    I2C2_EV_IRQHandler                       0x080001f7   Thumb Code     0  startup_stm32f103xe.o(.text)
    PVD_IRQHandler                           0x080001f7   Thumb Code     0  startup_stm32f103xe.o(.text)
    RCC_IRQHandler                           0x080001f7   Thumb Code     0  startup_stm32f103xe.o(.text)
    RTC_Alarm_IRQHandler                     0x080001f7   Thumb Code     0  startup_stm32f103xe.o(.text)
    RTC_IRQHandler                           0x080001f7   Thumb Code     0  startup_stm32f103xe.o(.text)
    SDIO_IRQHandler                          0x080001f7   Thumb Code     0  startup_stm32f103xe.o(.text)
    SPI1_IRQHandler                          0x080001f7   Thumb Code     0  startup_stm32f103xe.o(.text)
    SPI2_IRQHandler                          0x080001f7   Thumb Code     0  startup_stm32f103xe.o(.text)
    SPI3_IRQHandler                          0x080001f7   Thumb Code     0  startup_stm32f103xe.o(.text)
    TAMPER_IRQHandler                        0x080001f7   Thumb Code     0  startup_stm32f103xe.o(.text)
    TIM1_BRK_IRQHandler                      0x080001f7   Thumb Code     0  startup_stm32f103xe.o(.text)
    TIM1_CC_IRQHandler                       0x080001f7   Thumb Code     0  startup_stm32f103xe.o(.text)
    TIM1_TRG_COM_IRQHandler                  0x080001f7   Thumb Code     0  startup_stm32f103xe.o(.text)
    TIM1_UP_IRQHandler                       0x080001f7   Thumb Code     0  startup_stm32f103xe.o(.text)
    TIM2_IRQHandler                          0x080001f7   Thumb Code     0  startup_stm32f103xe.o(.text)
    TIM3_IRQHandler                          0x080001f7   Thumb Code     0  startup_stm32f103xe.o(.text)
    TIM4_IRQHandler                          0x080001f7   Thumb Code     0  startup_stm32f103xe.o(.text)
    TIM5_IRQHandler                          0x080001f7   Thumb Code     0  startup_stm32f103xe.o(.text)
    TIM6_IRQHandler                          0x080001f7   Thumb Code     0  startup_stm32f103xe.o(.text)
    TIM7_IRQHandler                          0x080001f7   Thumb Code     0  startup_stm32f103xe.o(.text)
    TIM8_BRK_IRQHandler                      0x080001f7   Thumb Code     0  startup_stm32f103xe.o(.text)
    TIM8_CC_IRQHandler                       0x080001f7   Thumb Code     0  startup_stm32f103xe.o(.text)
    TIM8_TRG_COM_IRQHandler                  0x080001f7   Thumb Code     0  startup_stm32f103xe.o(.text)
    TIM8_UP_IRQHandler                       0x080001f7   Thumb Code     0  startup_stm32f103xe.o(.text)
    UART4_IRQHandler                         0x080001f7   Thumb Code     0  startup_stm32f103xe.o(.text)
    UART5_IRQHandler                         0x080001f7   Thumb Code     0  startup_stm32f103xe.o(.text)
    USART1_IRQHandler                        0x080001f7   Thumb Code     0  startup_stm32f103xe.o(.text)
    USART2_IRQHandler                        0x080001f7   Thumb Code     0  startup_stm32f103xe.o(.text)
    USART3_IRQHandler                        0x080001f7   Thumb Code     0  startup_stm32f103xe.o(.text)
    USBWakeUp_IRQHandler                     0x080001f7   Thumb Code     0  startup_stm32f103xe.o(.text)
    USB_HP_CAN1_TX_IRQHandler                0x080001f7   Thumb Code     0  startup_stm32f103xe.o(.text)
    USB_LP_CAN1_RX0_IRQHandler               0x080001f7   Thumb Code     0  startup_stm32f103xe.o(.text)
    WWDG_IRQHandler                          0x080001f7   Thumb Code     0  startup_stm32f103xe.o(.text)
    __user_initial_stackheap                 0x080001f9   Thumb Code     0  startup_stm32f103xe.o(.text)
    __2sprintf                               0x0800021d   Thumb Code    34  noretval__2sprintf.o(.text)
    __printf                                 0x08000245   Thumb Code   104  __printf.o(.text)
    _printf_str                              0x080002ad   Thumb Code    82  _printf_str.o(.text)
    _printf_int_dec                          0x08000301   Thumb Code   104  _printf_dec.o(.text)
    strcpy                                   0x08000379   Thumb Code    72  strcpy.o(.text)
    strcat                                   0x080003c1   Thumb Code    24  strcat.o(.text)
    __aeabi_memclr4                          0x080003d9   Thumb Code     0  rt_memclr_w.o(.text)
    __aeabi_memclr8                          0x080003d9   Thumb Code     0  rt_memclr_w.o(.text)
    __rt_memclr_w                            0x080003d9   Thumb Code    78  rt_memclr_w.o(.text)
    _memset_w                                0x080003dd   Thumb Code     0  rt_memclr_w.o(.text)
    strncpy                                  0x08000427   Thumb Code    86  strncpy.o(.text)
    strcmp                                   0x0800047d   Thumb Code   128  strcmpv7m.o(.text)
    __use_two_region_memory                  0x080004fd   Thumb Code     2  heapauxi.o(.text)
    __rt_heap_escrow                         0x080004ff   Thumb Code     2  heapauxi.o(.text)
    __rt_heap_expand                         0x08000501   Thumb Code     2  heapauxi.o(.text)
    _printf_int_common                       0x08000503   Thumb Code   178  _printf_intcommon.o(.text)
    _printf_char_common                      0x080005bf   Thumb Code    32  _printf_char_common.o(.text)
    _sputc                                   0x080005e5   Thumb Code    10  _sputc.o(.text)
    _printf_cs_common                        0x080005ef   Thumb Code    20  _printf_char.o(.text)
    _printf_char                             0x08000603   Thumb Code    16  _printf_char.o(.text)
    _printf_string                           0x08000613   Thumb Code     8  _printf_char.o(.text)
    __aeabi_memclr                           0x0800061b   Thumb Code     0  rt_memclr.o(.text)
    __rt_memclr                              0x0800061b   Thumb Code    68  rt_memclr.o(.text)
    _memset                                  0x0800061f   Thumb Code     0  rt_memclr.o(.text)
    __user_libspace                          0x08000661   Thumb Code     8  libspace.o(.text)
    __user_perproc_libspace                  0x08000661   Thumb Code     0  libspace.o(.text)
    __user_perthread_libspace                0x08000661   Thumb Code     0  libspace.o(.text)
    __I$use$semihosting                      0x08000669   Thumb Code     0  use_no_semi.o(.text)
    __use_no_semihosting_swi                 0x08000669   Thumb Code     2  use_no_semi.o(.text)
    __semihosting_library_function           0x0800066b   Thumb Code     0  indicate_semi.o(.text)
    __user_setup_stackheap                   0x0800066b   Thumb Code    74  sys_stackheap_outer.o(.text)
    exit                                     0x080006b5   Thumb Code    18  exit.o(.text)
    _sys_exit                                0x080006c9   Thumb Code     8  sys_exit.o(.text)
    BSP_SD_GetCardInfo                       0x080006d5   Thumb Code    14  bsp_driver_sd.o(i.BSP_SD_GetCardInfo)
    BSP_SD_GetCardState                      0x080006e9   Thumb Code    20  bsp_driver_sd.o(i.BSP_SD_GetCardState)
    BSP_SD_Init                              0x08000701   Thumb Code    44  bsp_driver_sd.o(i.BSP_SD_Init)
    BSP_SD_IsDetected                        0x08000731   Thumb Code    12  bsp_driver_sd.o(i.BSP_SD_IsDetected)
    BSP_SD_ReadBlocks                        0x0800073d   Thumb Code    42  bsp_driver_sd.o(i.BSP_SD_ReadBlocks)
    BSP_SD_WriteBlocks                       0x0800076d   Thumb Code    42  bsp_driver_sd.o(i.BSP_SD_WriteBlocks)
    BusFault_Handler                         0x0800079d   Thumb Code     4  stm32f1xx_it.o(i.BusFault_Handler)
    DebugMon_Handler                         0x080007a1   Thumb Code     2  stm32f1xx_it.o(i.DebugMon_Handler)
    Delay                                    0x080007a3   Thumb Code    16  lcd.o(i.Delay)
    FATFS_LinkDriver                         0x080007b3   Thumb Code    18  ff_gen_drv.o(i.FATFS_LinkDriver)
    FATFS_LinkDriverEx                       0x080007c5   Thumb Code    78  ff_gen_drv.o(i.FATFS_LinkDriverEx)
    FSMC_NORSRAM_Extended_Timing_Init        0x08000819   Thumb Code    62  stm32f1xx_ll_fsmc.o(i.FSMC_NORSRAM_Extended_Timing_Init)
    FSMC_NORSRAM_Init                        0x0800085d   Thumb Code   116  stm32f1xx_ll_fsmc.o(i.FSMC_NORSRAM_Init)
    FSMC_NORSRAM_Timing_Init                 0x080008d5   Thumb Code    66  stm32f1xx_ll_fsmc.o(i.FSMC_NORSRAM_Timing_Init)
    HAL_Delay                                0x08000919   Thumb Code    36  stm32f1xx_hal.o(i.HAL_Delay)
    HAL_GPIO_Init                            0x080009bd   Thumb Code   792  stm32f1xx_hal_gpio.o(i.HAL_GPIO_Init)
    HAL_GPIO_WritePin                        0x08000cfd   Thumb Code    12  stm32f1xx_hal_gpio.o(i.HAL_GPIO_WritePin)
    HAL_GetTick                              0x08000d09   Thumb Code     6  stm32f1xx_hal.o(i.HAL_GetTick)
    HAL_IncTick                              0x08000d15   Thumb Code    16  stm32f1xx_hal.o(i.HAL_IncTick)
    HAL_Init                                 0x08000d2d   Thumb Code    34  stm32f1xx_hal.o(i.HAL_Init)
    HAL_InitTick                             0x08000d55   Thumb Code    64  stm32f1xx_hal.o(i.HAL_InitTick)
    HAL_MspInit                              0x08000da1   Thumb Code    76  stm32f1xx_hal_msp.o(i.HAL_MspInit)
    HAL_NVIC_SetPriority                     0x08000df5   Thumb Code   124  stm32f1xx_hal_cortex.o(i.HAL_NVIC_SetPriority)
    HAL_NVIC_SetPriorityGrouping             0x08000e71   Thumb Code    32  stm32f1xx_hal_cortex.o(i.HAL_NVIC_SetPriorityGrouping)
    HAL_RCC_ClockConfig                      0x08000e99   Thumb Code   376  stm32f1xx_hal_rcc.o(i.HAL_RCC_ClockConfig)
    HAL_RCC_GetSysClockFreq                  0x08001025   Thumb Code   116  stm32f1xx_hal_rcc.o(i.HAL_RCC_GetSysClockFreq)
    HAL_RCC_OscConfig                        0x080010b9   Thumb Code  1114  stm32f1xx_hal_rcc.o(i.HAL_RCC_OscConfig)
    HAL_SD_ConfigWideBusOperation            0x0800151d   Thumb Code   196  stm32f1xx_hal_sd.o(i.HAL_SD_ConfigWideBusOperation)
    HAL_SD_GetCardCSD                        0x080015e5   Thumb Code   450  stm32f1xx_hal_sd.o(i.HAL_SD_GetCardCSD)
    HAL_SD_GetCardInfo                       0x080017ad   Thumb Code    38  stm32f1xx_hal_sd.o(i.HAL_SD_GetCardInfo)
    HAL_SD_GetCardState                      0x080017d3   Thumb Code    36  stm32f1xx_hal_sd.o(i.HAL_SD_GetCardState)
    HAL_SD_Init                              0x080017f7   Thumb Code    60  stm32f1xx_hal_sd.o(i.HAL_SD_Init)
    HAL_SD_InitCard                          0x08001835   Thumb Code   162  stm32f1xx_hal_sd.o(i.HAL_SD_InitCard)
    HAL_SD_MspInit                           0x080018e1   Thumb Code   150  stm32f1xx_hal_msp.o(i.HAL_SD_MspInit)
    HAL_SD_ReadBlocks                        0x08001989   Thumb Code   660  stm32f1xx_hal_sd.o(i.HAL_SD_ReadBlocks)
    HAL_SD_WriteBlocks                       0x08001c21   Thumb Code   556  stm32f1xx_hal_sd.o(i.HAL_SD_WriteBlocks)
    HAL_SRAM_Init                            0x08001e51   Thumb Code   102  stm32f1xx_hal_sram.o(i.HAL_SRAM_Init)
    HAL_SRAM_MspInit                         0x08001eb7   Thumb Code    10  stm32f1xx_hal_msp.o(i.HAL_SRAM_MspInit)
    HAL_SYSTICK_Config                       0x08001ec1   Thumb Code    52  stm32f1xx_hal_cortex.o(i.HAL_SYSTICK_Config)
    HAL_TIMEx_MasterConfigSynchronization    0x08001ef5   Thumb Code   134  stm32f1xx_hal_tim_ex.o(i.HAL_TIMEx_MasterConfigSynchronization)
    HAL_TIM_Encoder_Init                     0x08001f91   Thumb Code   196  stm32f1xx_hal_tim.o(i.HAL_TIM_Encoder_Init)
    HAL_TIM_Encoder_MspInit                  0x08002055   Thumb Code   100  stm32f1xx_hal_msp.o(i.HAL_TIM_Encoder_MspInit)
    HAL_TIM_Encoder_Start                    0x080020c5   Thumb Code   204  stm32f1xx_hal_tim.o(i.HAL_TIM_Encoder_Start)
    HardFault_Handler                        0x08002191   Thumb Code     4  stm32f1xx_it.o(i.HardFault_Handler)
    LCD_BackLed_Control                      0x08002195   Thumb Code    20  lcd.o(i.LCD_BackLed_Control)
    LCD_Clear                                0x080021ad   Thumb Code    26  lcd.o(i.LCD_Clear)
    LCD_DrawChar                             0x080021c9   Thumb Code    70  lcd.o(i.LCD_DrawChar)
    LCD_DrawString                           0x08002219   Thumb Code    64  lcd.o(i.LCD_DrawString)
    LCD_FillColor                            0x08002259   Thumb Code    24  lcd.o(i.LCD_FillColor)
    LCD_INIT                                 0x08002275   Thumb Code    38  lcd.o(i.LCD_INIT)
    LCD_OpenWindow                           0x0800229d   Thumb Code    58  lcd.o(i.LCD_OpenWindow)
    LCD_REG_Config                           0x080022dd   Thumb Code   368  lcd.o(i.LCD_REG_Config)
    LCD_Rst                                  0x08002455   Thumb Code    42  lcd.o(i.LCD_Rst)
    MX_FATFS_Init                            0x08002489   Thumb Code    18  fatfs.o(i.MX_FATFS_Init)
    MemManage_Handler                        0x08002669   Thumb Code     4  stm32f1xx_it.o(i.MemManage_Handler)
    NMI_Handler                              0x0800266d   Thumb Code     4  stm32f1xx_it.o(i.NMI_Handler)
    PendSV_Handler                           0x08002671   Thumb Code     2  stm32f1xx_it.o(i.PendSV_Handler)
    SDIO_ConfigData                          0x0800269d   Thumb Code    44  stm32f1xx_ll_sdmmc.o(i.SDIO_ConfigData)
    SDIO_GetCommandResponse                  0x080026c9   Thumb Code     8  stm32f1xx_ll_sdmmc.o(i.SDIO_GetCommandResponse)
    SDIO_GetPowerState                       0x080026d1   Thumb Code    10  stm32f1xx_ll_sdmmc.o(i.SDIO_GetPowerState)
    SDIO_GetResponse                         0x080026db   Thumb Code    12  stm32f1xx_ll_sdmmc.o(i.SDIO_GetResponse)
    SDIO_Init                                0x080026e7   Thumb Code    52  stm32f1xx_ll_sdmmc.o(i.SDIO_Init)
    SDIO_PowerState_ON                       0x0800271b   Thumb Code    18  stm32f1xx_ll_sdmmc.o(i.SDIO_PowerState_ON)
    SDIO_ReadFIFO                            0x0800272d   Thumb Code     8  stm32f1xx_ll_sdmmc.o(i.SDIO_ReadFIFO)
    SDIO_SendCommand                         0x08002735   Thumb Code    40  stm32f1xx_ll_sdmmc.o(i.SDIO_SendCommand)
    SDIO_WriteFIFO                           0x0800275d   Thumb Code    12  stm32f1xx_ll_sdmmc.o(i.SDIO_WriteFIFO)
    SDMMC_CmdAppCommand                      0x08002769   Thumb Code    56  stm32f1xx_ll_sdmmc.o(i.SDMMC_CmdAppCommand)
    SDMMC_CmdAppOperCommand                  0x080027a1   Thumb Code    54  stm32f1xx_ll_sdmmc.o(i.SDMMC_CmdAppOperCommand)
    SDMMC_CmdBlockLength                     0x080027dd   Thumb Code    56  stm32f1xx_ll_sdmmc.o(i.SDMMC_CmdBlockLength)
    SDMMC_CmdBusWidth                        0x08002815   Thumb Code    56  stm32f1xx_ll_sdmmc.o(i.SDMMC_CmdBusWidth)
    SDMMC_CmdGoIdleState                     0x0800284d   Thumb Code    44  stm32f1xx_ll_sdmmc.o(i.SDMMC_CmdGoIdleState)
    SDMMC_CmdOperCond                        0x08002879   Thumb Code    52  stm32f1xx_ll_sdmmc.o(i.SDMMC_CmdOperCond)
    SDMMC_CmdReadMultiBlock                  0x080028ad   Thumb Code    56  stm32f1xx_ll_sdmmc.o(i.SDMMC_CmdReadMultiBlock)
    SDMMC_CmdReadSingleBlock                 0x080028e5   Thumb Code    56  stm32f1xx_ll_sdmmc.o(i.SDMMC_CmdReadSingleBlock)
    SDMMC_CmdSelDesel                        0x0800291d   Thumb Code    58  stm32f1xx_ll_sdmmc.o(i.SDMMC_CmdSelDesel)
    SDMMC_CmdSendCID                         0x08002957   Thumb Code    50  stm32f1xx_ll_sdmmc.o(i.SDMMC_CmdSendCID)
    SDMMC_CmdSendCSD                         0x08002989   Thumb Code    50  stm32f1xx_ll_sdmmc.o(i.SDMMC_CmdSendCSD)
    SDMMC_CmdSendSCR                         0x080029bb   Thumb Code    56  stm32f1xx_ll_sdmmc.o(i.SDMMC_CmdSendSCR)
    SDMMC_CmdSendStatus                      0x080029f3   Thumb Code    56  stm32f1xx_ll_sdmmc.o(i.SDMMC_CmdSendStatus)
    SDMMC_CmdSetRelAdd                       0x08002a2b   Thumb Code    56  stm32f1xx_ll_sdmmc.o(i.SDMMC_CmdSetRelAdd)
    SDMMC_CmdStopTransfer                    0x08002a65   Thumb Code    54  stm32f1xx_ll_sdmmc.o(i.SDMMC_CmdStopTransfer)
    SDMMC_CmdWriteMultiBlock                 0x08002aa1   Thumb Code    56  stm32f1xx_ll_sdmmc.o(i.SDMMC_CmdWriteMultiBlock)
    SDMMC_CmdWriteSingleBlock                0x08002ad9   Thumb Code    56  stm32f1xx_ll_sdmmc.o(i.SDMMC_CmdWriteSingleBlock)
    SD_initialize                            0x080032ed   Thumb Code    34  sd_diskio.o(i.SD_initialize)
    SD_ioctl                                 0x08003315   Thumb Code   100  sd_diskio.o(i.SD_ioctl)
    SD_read                                  0x0800337d   Thumb Code    64  sd_diskio.o(i.SD_read)
    SD_status                                0x080033c5   Thumb Code    34  sd_diskio.o(i.SD_status)
    SD_write                                 0x080033ed   Thumb Code    64  sd_diskio.o(i.SD_write)
    SVC_Handler                              0x08003435   Thumb Code     2  stm32f1xx_it.o(i.SVC_Handler)
    SysTick_Handler                          0x08003437   Thumb Code     8  stm32f1xx_it.o(i.SysTick_Handler)
    SystemClock_Config                       0x0800343f   Thumb Code    94  main.o(i.SystemClock_Config)
    SystemInit                               0x0800349d   Thumb Code     2  system_stm32f1xx.o(i.SystemInit)
    TIM_Base_SetConfig                       0x080034a1   Thumb Code   134  stm32f1xx_hal_tim.o(i.TIM_Base_SetConfig)
    TIM_CCxChannelCmd                        0x0800353d   Thumb Code    34  stm32f1xx_hal_tim.o(i.TIM_CCxChannelCmd)
    UsageFault_Handler                       0x0800355f   Thumb Code     4  stm32f1xx_it.o(i.UsageFault_Handler)
    clust2sect                               0x080036c7   Thumb Code    28  ff.o(i.clust2sect)
    disk_initialize                          0x08003f81   Thumb Code    40  diskio.o(i.disk_initialize)
    disk_ioctl                               0x08003fad   Thumb Code    36  diskio.o(i.disk_ioctl)
    disk_read                                0x08003fd5   Thumb Code    42  diskio.o(i.disk_read)
    disk_status                              0x08004005   Thumb Code    24  diskio.o(i.disk_status)
    disk_write                               0x08004021   Thumb Code    42  diskio.o(i.disk_write)
    f_close                                  0x08004051   Thumb Code    42  ff.o(i.f_close)
    f_lseek                                  0x0800407b   Thumb Code   614  ff.o(i.f_lseek)
    f_mount                                  0x080042e1   Thumb Code    94  ff.o(i.f_mount)
    f_open                                   0x08004345   Thumb Code   494  ff.o(i.f_open)
    f_opendir                                0x08004539   Thumb Code   140  ff.o(i.f_opendir)
    f_read                                   0x080045c5   Thumb Code   398  ff.o(i.f_read)
    f_readdir                                0x08004753   Thumb Code    90  ff.o(i.f_readdir)
    f_sync                                   0x080047ad   Thumb Code   162  ff.o(i.f_sync)
    ff_convert                               0x08004851   Thumb Code    70  ccsbcs.o(i.ff_convert)
    ff_wtoupper                              0x0800489d   Thumb Code    46  ccsbcs.o(i.ff_wtoupper)
    find_file_type                           0x080048d5   Thumb Code    40  file_sys_func.o(i.find_file_type)
    get_fat                                  0x08004c55   Thumb Code   230  ff.o(i.get_fat)
    get_fattime                              0x08004d3b   Thumb Code     4  fatfs.o(i.get_fattime)
    main                                     0x08004ee9   Thumb Code   184  main.o(i.main)
    put_fat                                  0x0800504d   Thumb Code   286  ff.o(i.put_fat)
    scan_file                                0x080051d1   Thumb Code   168  file_sys_func.o(i.scan_file)
    wav_read_header                          0x080053ed   Thumb Code  1344  wav_decoder.o(i.wav_read_header)
    ucAscii_1608                             0x08005970   Data        1520  lcd.o(.constdata)
    name_array                               0x08005f60   Data         128  lcd.o(.constdata)
    AHBPrescTable                            0x08005fe0   Data          16  system_stm32f1xx.o(.constdata)
    APBPrescTable                            0x08005ff0   Data           8  system_stm32f1xx.o(.constdata)
    SD_Driver                                0x08006574   Data          20  sd_diskio.o(.constdata)
    Region$$Table$$Base                      0x08006588   Number         0  anon$$obj.o(Region$$Table)
    Region$$Table$$Limit                     0x080065a8   Number         0  anon$$obj.o(Region$$Table)
    retSD                                    0x20000000   Data           1  fatfs.o(.data)
    SDPath                                   0x20000001   Data           4  fatfs.o(.data)
    uwTick                                   0x20000010   Data           4  stm32f1xx_hal.o(.data)
    uwTickPrio                               0x20000014   Data           4  stm32f1xx_hal.o(.data)
    uwTickFreq                               0x20000018   Data           1  stm32f1xx_hal.o(.data)
    SystemCoreClock                          0x2000001c   Data           4  system_stm32f1xx.o(.data)
    filelist                                 0x2000002c   Data       12800  file_sys_func.o(.bss)
    hsd                                      0x2000332c   Data         132  main.o(.bss)
    htim3                                    0x200033b0   Data          72  main.o(.bss)
    hsram1                                   0x200033f8   Data          72  main.o(.bss)
    wav_tag                                  0x20003440   Data         248  wav_decoder.o(.bss)
    disk                                     0x20003550   Data          12  ff_gen_drv.o(.bss)
    __libspace_start                         0x2000355c   Data          96  libspace.o(.bss)
    __temporary_stack_top$libspace           0x200035bc   Data           0  libspace.o(.bss)



==============================================================================

Memory Map of the image

  Image Entry point : 0x08000131

  Load Region LR_IROM1 (Base: 0x08000000, Size: 0x000065d4, Max: 0x00080000, ABSOLUTE)

    Execution Region ER_IROM1 (Exec base: 0x08000000, Load base: 0x08000000, Size: 0x000065a8, Max: 0x00080000, ABSOLUTE)

    Exec Addr    Load Addr    Size         Type   Attr      Idx    E Section Name        Object

    0x08000000   0x08000000   0x00000130   Data   RO            3    RESET               startup_stm32f103xe.o
    0x08000130   0x08000130   0x00000008   Code   RO         4710  * !!!main             c_w.l(__main.o)
    0x08000138   0x08000138   0x00000034   Code   RO         4985    !!!scatter          c_w.l(__scatter.o)
    0x0800016c   0x0800016c   0x0000001a   Code   RO         4987    !!handler_copy      c_w.l(__scatter_copy.o)
    0x08000186   0x08000186   0x00000002   PAD
    0x08000188   0x08000188   0x0000001c   Code   RO         4989    !!handler_zi        c_w.l(__scatter_zi.o)
    0x080001a4   0x080001a4   0x00000000   Code   RO         4693    .ARM.Collect$$_printf_percent$$00000000  c_w.l(_printf_percent.o)
    0x080001a4   0x080001a4   0x00000006   Code   RO         4692    .ARM.Collect$$_printf_percent$$00000009  c_w.l(_printf_d.o)
    0x080001aa   0x080001aa   0x00000006   Code   RO         4691    .ARM.Collect$$_printf_percent$$00000014  c_w.l(_printf_s.o)
    0x080001b0   0x080001b0   0x00000004   Code   RO         4788    .ARM.Collect$$_printf_percent$$00000017  c_w.l(_printf_percent_end.o)
    0x080001b4   0x080001b4   0x00000002   Code   RO         4922    .ARM.Collect$$libinit$$00000000  c_w.l(libinit.o)
    0x080001b6   0x080001b6   0x00000000   Code   RO         4798    .ARM.Collect$$libinit$$00000002  c_w.l(libinit2.o)
    0x080001b6   0x080001b6   0x00000000   Code   RO         4800    .ARM.Collect$$libinit$$00000004  c_w.l(libinit2.o)
    0x080001b6   0x080001b6   0x00000000   Code   RO         4803    .ARM.Collect$$libinit$$0000000A  c_w.l(libinit2.o)
    0x080001b6   0x080001b6   0x00000000   Code   RO         4805    .ARM.Collect$$libinit$$0000000C  c_w.l(libinit2.o)
    0x080001b6   0x080001b6   0x00000000   Code   RO         4807    .ARM.Collect$$libinit$$0000000E  c_w.l(libinit2.o)
    0x080001b6   0x080001b6   0x00000000   Code   RO         4810    .ARM.Collect$$libinit$$00000011  c_w.l(libinit2.o)
    0x080001b6   0x080001b6   0x00000000   Code   RO         4812    .ARM.Collect$$libinit$$00000013  c_w.l(libinit2.o)
    0x080001b6   0x080001b6   0x00000000   Code   RO         4814    .ARM.Collect$$libinit$$00000015  c_w.l(libinit2.o)
    0x080001b6   0x080001b6   0x00000000   Code   RO         4816    .ARM.Collect$$libinit$$00000017  c_w.l(libinit2.o)
    0x080001b6   0x080001b6   0x00000000   Code   RO         4818    .ARM.Collect$$libinit$$00000019  c_w.l(libinit2.o)
    0x080001b6   0x080001b6   0x00000000   Code   RO         4820    .ARM.Collect$$libinit$$0000001B  c_w.l(libinit2.o)
    0x080001b6   0x080001b6   0x00000000   Code   RO         4822    .ARM.Collect$$libinit$$0000001D  c_w.l(libinit2.o)
    0x080001b6   0x080001b6   0x00000000   Code   RO         4824    .ARM.Collect$$libinit$$0000001F  c_w.l(libinit2.o)
    0x080001b6   0x080001b6   0x00000000   Code   RO         4826    .ARM.Collect$$libinit$$00000021  c_w.l(libinit2.o)
    0x080001b6   0x080001b6   0x00000000   Code   RO         4828    .ARM.Collect$$libinit$$00000023  c_w.l(libinit2.o)
    0x080001b6   0x080001b6   0x00000000   Code   RO         4830    .ARM.Collect$$libinit$$00000025  c_w.l(libinit2.o)
    0x080001b6   0x080001b6   0x00000000   Code   RO         4834    .ARM.Collect$$libinit$$0000002C  c_w.l(libinit2.o)
    0x080001b6   0x080001b6   0x00000000   Code   RO         4836    .ARM.Collect$$libinit$$0000002E  c_w.l(libinit2.o)
    0x080001b6   0x080001b6   0x00000000   Code   RO         4838    .ARM.Collect$$libinit$$00000030  c_w.l(libinit2.o)
    0x080001b6   0x080001b6   0x00000000   Code   RO         4840    .ARM.Collect$$libinit$$00000032  c_w.l(libinit2.o)
    0x080001b6   0x080001b6   0x00000002   Code   RO         4841    .ARM.Collect$$libinit$$00000033  c_w.l(libinit2.o)
    0x080001b8   0x080001b8   0x00000002   Code   RO         4982    .ARM.Collect$$libshutdown$$00000000  c_w.l(libshutdown.o)
    0x080001ba   0x080001ba   0x00000000   Code   RO         4938    .ARM.Collect$$libshutdown$$00000002  c_w.l(libshutdown2.o)
    0x080001ba   0x080001ba   0x00000000   Code   RO         4940    .ARM.Collect$$libshutdown$$00000004  c_w.l(libshutdown2.o)
    0x080001ba   0x080001ba   0x00000000   Code   RO         4943    .ARM.Collect$$libshutdown$$00000007  c_w.l(libshutdown2.o)
    0x080001ba   0x080001ba   0x00000000   Code   RO         4946    .ARM.Collect$$libshutdown$$0000000A  c_w.l(libshutdown2.o)
    0x080001ba   0x080001ba   0x00000000   Code   RO         4948    .ARM.Collect$$libshutdown$$0000000C  c_w.l(libshutdown2.o)
    0x080001ba   0x080001ba   0x00000000   Code   RO         4951    .ARM.Collect$$libshutdown$$0000000F  c_w.l(libshutdown2.o)
    0x080001ba   0x080001ba   0x00000002   Code   RO         4952    .ARM.Collect$$libshutdown$$00000010  c_w.l(libshutdown2.o)
    0x080001bc   0x080001bc   0x00000000   Code   RO         4754    .ARM.Collect$$rtentry$$00000000  c_w.l(__rtentry.o)
    0x080001bc   0x080001bc   0x00000000   Code   RO         4861    .ARM.Collect$$rtentry$$00000002  c_w.l(__rtentry2.o)
    0x080001bc   0x080001bc   0x00000006   Code   RO         4873    .ARM.Collect$$rtentry$$00000004  c_w.l(__rtentry4.o)
    0x080001c2   0x080001c2   0x00000000   Code   RO         4863    .ARM.Collect$$rtentry$$00000009  c_w.l(__rtentry2.o)
    0x080001c2   0x080001c2   0x00000004   Code   RO         4864    .ARM.Collect$$rtentry$$0000000A  c_w.l(__rtentry2.o)
    0x080001c6   0x080001c6   0x00000000   Code   RO         4866    .ARM.Collect$$rtentry$$0000000C  c_w.l(__rtentry2.o)
    0x080001c6   0x080001c6   0x00000008   Code   RO         4867    .ARM.Collect$$rtentry$$0000000D  c_w.l(__rtentry2.o)
    0x080001ce   0x080001ce   0x00000002   Code   RO         4927    .ARM.Collect$$rtexit$$00000000  c_w.l(rtexit.o)
    0x080001d0   0x080001d0   0x00000000   Code   RO         4956    .ARM.Collect$$rtexit$$00000002  c_w.l(rtexit2.o)
    0x080001d0   0x080001d0   0x00000004   Code   RO         4957    .ARM.Collect$$rtexit$$00000003  c_w.l(rtexit2.o)
    0x080001d4   0x080001d4   0x00000006   Code   RO         4958    .ARM.Collect$$rtexit$$00000004  c_w.l(rtexit2.o)
    0x080001da   0x080001da   0x00000002   PAD
    0x080001dc   0x080001dc   0x00000040   Code   RO            4    .text               startup_stm32f103xe.o
    0x0800021c   0x0800021c   0x00000028   Code   RO         4663    .text               c_w.l(noretval__2sprintf.o)
    0x08000244   0x08000244   0x00000068   Code   RO         4665    .text               c_w.l(__printf.o)
    0x080002ac   0x080002ac   0x00000052   Code   RO         4667    .text               c_w.l(_printf_str.o)
    0x080002fe   0x080002fe   0x00000002   PAD
    0x08000300   0x08000300   0x00000078   Code   RO         4669    .text               c_w.l(_printf_dec.o)
    0x08000378   0x08000378   0x00000048   Code   RO         4694    .text               c_w.l(strcpy.o)
    0x080003c0   0x080003c0   0x00000018   Code   RO         4696    .text               c_w.l(strcat.o)
    0x080003d8   0x080003d8   0x0000004e   Code   RO         4702    .text               c_w.l(rt_memclr_w.o)
    0x08000426   0x08000426   0x00000056   Code   RO         4704    .text               c_w.l(strncpy.o)
    0x0800047c   0x0800047c   0x00000080   Code   RO         4706    .text               c_w.l(strcmpv7m.o)
    0x080004fc   0x080004fc   0x00000006   Code   RO         4708    .text               c_w.l(heapauxi.o)
    0x08000502   0x08000502   0x000000b2   Code   RO         4780    .text               c_w.l(_printf_intcommon.o)
    0x080005b4   0x080005b4   0x00000030   Code   RO         4782    .text               c_w.l(_printf_char_common.o)
    0x080005e4   0x080005e4   0x0000000a   Code   RO         4784    .text               c_w.l(_sputc.o)
    0x080005ee   0x080005ee   0x0000002c   Code   RO         4786    .text               c_w.l(_printf_char.o)
    0x0800061a   0x0800061a   0x00000044   Code   RO         4793    .text               c_w.l(rt_memclr.o)
    0x0800065e   0x0800065e   0x00000002   PAD
    0x08000660   0x08000660   0x00000008   Code   RO         4857    .text               c_w.l(libspace.o)
    0x08000668   0x08000668   0x00000002   Code   RO         4898    .text               c_w.l(use_no_semi.o)
    0x0800066a   0x0800066a   0x00000000   Code   RO         4900    .text               c_w.l(indicate_semi.o)
    0x0800066a   0x0800066a   0x0000004a   Code   RO         4901    .text               c_w.l(sys_stackheap_outer.o)
    0x080006b4   0x080006b4   0x00000012   Code   RO         4907    .text               c_w.l(exit.o)
    0x080006c6   0x080006c6   0x00000002   PAD
    0x080006c8   0x080006c8   0x0000000c   Code   RO         4925    .text               c_w.l(sys_exit.o)
    0x080006d4   0x080006d4   0x00000014   Code   RO          403    i.BSP_SD_GetCardInfo  bsp_driver_sd.o
    0x080006e8   0x080006e8   0x00000018   Code   RO          404    i.BSP_SD_GetCardState  bsp_driver_sd.o
    0x08000700   0x08000700   0x00000030   Code   RO          406    i.BSP_SD_Init       bsp_driver_sd.o
    0x08000730   0x08000730   0x0000000c   Code   RO          407    i.BSP_SD_IsDetected  bsp_driver_sd.o
    0x0800073c   0x0800073c   0x00000030   Code   RO          408    i.BSP_SD_ReadBlocks  bsp_driver_sd.o
    0x0800076c   0x0800076c   0x00000030   Code   RO          411    i.BSP_SD_WriteBlocks  bsp_driver_sd.o
    0x0800079c   0x0800079c   0x00000004   Code   RO          559    i.BusFault_Handler  stm32f1xx_it.o
    0x080007a0   0x080007a0   0x00000002   Code   RO          560    i.DebugMon_Handler  stm32f1xx_it.o
    0x080007a2   0x080007a2   0x00000010   Code   RO           13    i.Delay             lcd.o
    0x080007b2   0x080007b2   0x00000012   Code   RO         4015    i.FATFS_LinkDriver  ff_gen_drv.o
    0x080007c4   0x080007c4   0x00000054   Code   RO         4016    i.FATFS_LinkDriverEx  ff_gen_drv.o
    0x08000818   0x08000818   0x00000044   Code   RO         1790    i.FSMC_NORSRAM_Extended_Timing_Init  stm32f1xx_ll_fsmc.o
    0x0800085c   0x0800085c   0x00000078   Code   RO         1791    i.FSMC_NORSRAM_Init  stm32f1xx_ll_fsmc.o
    0x080008d4   0x080008d4   0x00000042   Code   RO         1792    i.FSMC_NORSRAM_Timing_Init  stm32f1xx_ll_fsmc.o
    0x08000916   0x08000916   0x00000002   PAD
    0x08000918   0x08000918   0x00000028   Code   RO          783    i.HAL_Delay         stm32f1xx_hal.o
    0x08000940   0x08000940   0x0000007c   Code   RO          635    i.HAL_FSMC_MspInit  stm32f1xx_hal_msp.o
    0x080009bc   0x080009bc   0x00000340   Code   RO         1096    i.HAL_GPIO_Init     stm32f1xx_hal_gpio.o
    0x08000cfc   0x08000cfc   0x0000000c   Code   RO         1100    i.HAL_GPIO_WritePin  stm32f1xx_hal_gpio.o
    0x08000d08   0x08000d08   0x0000000c   Code   RO          787    i.HAL_GetTick       stm32f1xx_hal.o
    0x08000d14   0x08000d14   0x00000018   Code   RO          793    i.HAL_IncTick       stm32f1xx_hal.o
    0x08000d2c   0x08000d2c   0x00000028   Code   RO          794    i.HAL_Init          stm32f1xx_hal.o
    0x08000d54   0x08000d54   0x0000004c   Code   RO          795    i.HAL_InitTick      stm32f1xx_hal.o
    0x08000da0   0x08000da0   0x00000054   Code   RO          636    i.HAL_MspInit       stm32f1xx_hal_msp.o
    0x08000df4   0x08000df4   0x0000007c   Code   RO         1262    i.HAL_NVIC_SetPriority  stm32f1xx_hal_cortex.o
    0x08000e70   0x08000e70   0x00000028   Code   RO         1263    i.HAL_NVIC_SetPriorityGrouping  stm32f1xx_hal_cortex.o
    0x08000e98   0x08000e98   0x0000018c   Code   RO          951    i.HAL_RCC_ClockConfig  stm32f1xx_hal_rcc.o
    0x08001024   0x08001024   0x00000094   Code   RO          960    i.HAL_RCC_GetSysClockFreq  stm32f1xx_hal_rcc.o
    0x080010b8   0x080010b8   0x00000464   Code   RO          963    i.HAL_RCC_OscConfig  stm32f1xx_hal_rcc.o
    0x0800151c   0x0800151c   0x000000c8   Code   RO         2328    i.HAL_SD_ConfigWideBusOperation  stm32f1xx_hal_sd.o
    0x080015e4   0x080015e4   0x000001c8   Code   RO         2333    i.HAL_SD_GetCardCSD  stm32f1xx_hal_sd.o
    0x080017ac   0x080017ac   0x00000026   Code   RO         2334    i.HAL_SD_GetCardInfo  stm32f1xx_hal_sd.o
    0x080017d2   0x080017d2   0x00000024   Code   RO         2335    i.HAL_SD_GetCardState  stm32f1xx_hal_sd.o
    0x080017f6   0x080017f6   0x0000003c   Code   RO         2340    i.HAL_SD_Init       stm32f1xx_hal_sd.o
    0x08001832   0x08001832   0x00000002   PAD
    0x08001834   0x08001834   0x000000ac   Code   RO         2341    i.HAL_SD_InitCard   stm32f1xx_hal_sd.o
    0x080018e0   0x080018e0   0x000000a8   Code   RO          638    i.HAL_SD_MspInit    stm32f1xx_hal_msp.o
    0x08001988   0x08001988   0x00000298   Code   RO         2344    i.HAL_SD_ReadBlocks  stm32f1xx_hal_sd.o
    0x08001c20   0x08001c20   0x00000230   Code   RO         2349    i.HAL_SD_WriteBlocks  stm32f1xx_hal_sd.o
    0x08001e50   0x08001e50   0x00000066   Code   RO         1912    i.HAL_SRAM_Init     stm32f1xx_hal_sram.o
    0x08001eb6   0x08001eb6   0x0000000a   Code   RO          640    i.HAL_SRAM_MspInit  stm32f1xx_hal_msp.o
    0x08001ec0   0x08001ec0   0x00000034   Code   RO         1267    i.HAL_SYSTICK_Config  stm32f1xx_hal_cortex.o
    0x08001ef4   0x08001ef4   0x0000009c   Code   RO         3316    i.HAL_TIMEx_MasterConfigSynchronization  stm32f1xx_hal_tim_ex.o
    0x08001f90   0x08001f90   0x000000c4   Code   RO         2603    i.HAL_TIM_Encoder_Init  stm32f1xx_hal_tim.o
    0x08002054   0x08002054   0x00000070   Code   RO          642    i.HAL_TIM_Encoder_MspInit  stm32f1xx_hal_msp.o
    0x080020c4   0x080020c4   0x000000cc   Code   RO         2606    i.HAL_TIM_Encoder_Start  stm32f1xx_hal_tim.o
    0x08002190   0x08002190   0x00000004   Code   RO          561    i.HardFault_Handler  stm32f1xx_it.o
    0x08002194   0x08002194   0x00000018   Code   RO           14    i.LCD_BackLed_Control  lcd.o
    0x080021ac   0x080021ac   0x0000001a   Code   RO           15    i.LCD_Clear         lcd.o
    0x080021c6   0x080021c6   0x00000002   PAD
    0x080021c8   0x080021c8   0x00000050   Code   RO           16    i.LCD_DrawChar      lcd.o
    0x08002218   0x08002218   0x00000040   Code   RO           20    i.LCD_DrawString    lcd.o
    0x08002258   0x08002258   0x0000001c   Code   RO           21    i.LCD_FillColor     lcd.o
    0x08002274   0x08002274   0x00000026   Code   RO           23    i.LCD_INIT          lcd.o
    0x0800229a   0x0800229a   0x00000002   PAD
    0x0800229c   0x0800229c   0x00000040   Code   RO           24    i.LCD_OpenWindow    lcd.o
    0x080022dc   0x080022dc   0x00000178   Code   RO           25    i.LCD_REG_Config    lcd.o
    0x08002454   0x08002454   0x00000034   Code   RO           28    i.LCD_Rst           lcd.o
    0x08002488   0x08002488   0x0000001c   Code   RO          521    i.MX_FATFS_Init     fatfs.o
    0x080024a4   0x080024a4   0x00000078   Code   RO          347    i.MX_FSMC_Init      main.o
    0x0800251c   0x0800251c   0x000000e0   Code   RO          348    i.MX_GPIO_Init      main.o
    0x080025fc   0x080025fc   0x0000006c   Code   RO          349    i.MX_TIM3_Init      main.o
    0x08002668   0x08002668   0x00000004   Code   RO          562    i.MemManage_Handler  stm32f1xx_it.o
    0x0800266c   0x0800266c   0x00000004   Code   RO          563    i.NMI_Handler       stm32f1xx_it.o
    0x08002670   0x08002670   0x00000002   Code   RO          564    i.PendSV_Handler    stm32f1xx_it.o
    0x08002672   0x08002672   0x00000002   PAD
    0x08002674   0x08002674   0x00000028   Code   RO          964    i.RCC_Delay         stm32f1xx_hal_rcc.o
    0x0800269c   0x0800269c   0x0000002c   Code   RO         2043    i.SDIO_ConfigData   stm32f1xx_ll_sdmmc.o
    0x080026c8   0x080026c8   0x00000008   Code   RO         2044    i.SDIO_GetCommandResponse  stm32f1xx_ll_sdmmc.o
    0x080026d0   0x080026d0   0x0000000a   Code   RO         2047    i.SDIO_GetPowerState  stm32f1xx_ll_sdmmc.o
    0x080026da   0x080026da   0x0000000c   Code   RO         2048    i.SDIO_GetResponse  stm32f1xx_ll_sdmmc.o
    0x080026e6   0x080026e6   0x00000034   Code   RO         2049    i.SDIO_Init         stm32f1xx_ll_sdmmc.o
    0x0800271a   0x0800271a   0x00000012   Code   RO         2051    i.SDIO_PowerState_ON  stm32f1xx_ll_sdmmc.o
    0x0800272c   0x0800272c   0x00000008   Code   RO         2052    i.SDIO_ReadFIFO     stm32f1xx_ll_sdmmc.o
    0x08002734   0x08002734   0x00000028   Code   RO         2053    i.SDIO_SendCommand  stm32f1xx_ll_sdmmc.o
    0x0800275c   0x0800275c   0x0000000c   Code   RO         2055    i.SDIO_WriteFIFO    stm32f1xx_ll_sdmmc.o
    0x08002768   0x08002768   0x00000038   Code   RO         2056    i.SDMMC_CmdAppCommand  stm32f1xx_ll_sdmmc.o
    0x080027a0   0x080027a0   0x0000003c   Code   RO         2057    i.SDMMC_CmdAppOperCommand  stm32f1xx_ll_sdmmc.o
    0x080027dc   0x080027dc   0x00000038   Code   RO         2058    i.SDMMC_CmdBlockLength  stm32f1xx_ll_sdmmc.o
    0x08002814   0x08002814   0x00000038   Code   RO         2059    i.SDMMC_CmdBusWidth  stm32f1xx_ll_sdmmc.o
    0x0800284c   0x0800284c   0x0000002c   Code   RO         2063    i.SDMMC_CmdGoIdleState  stm32f1xx_ll_sdmmc.o
    0x08002878   0x08002878   0x00000034   Code   RO         2065    i.SDMMC_CmdOperCond  stm32f1xx_ll_sdmmc.o
    0x080028ac   0x080028ac   0x00000038   Code   RO         2066    i.SDMMC_CmdReadMultiBlock  stm32f1xx_ll_sdmmc.o
    0x080028e4   0x080028e4   0x00000038   Code   RO         2067    i.SDMMC_CmdReadSingleBlock  stm32f1xx_ll_sdmmc.o
    0x0800291c   0x0800291c   0x0000003a   Code   RO         2070    i.SDMMC_CmdSelDesel  stm32f1xx_ll_sdmmc.o
    0x08002956   0x08002956   0x00000032   Code   RO         2071    i.SDMMC_CmdSendCID  stm32f1xx_ll_sdmmc.o
    0x08002988   0x08002988   0x00000032   Code   RO         2072    i.SDMMC_CmdSendCSD  stm32f1xx_ll_sdmmc.o
    0x080029ba   0x080029ba   0x00000038   Code   RO         2074    i.SDMMC_CmdSendSCR  stm32f1xx_ll_sdmmc.o
    0x080029f2   0x080029f2   0x00000038   Code   RO         2075    i.SDMMC_CmdSendStatus  stm32f1xx_ll_sdmmc.o
    0x08002a2a   0x08002a2a   0x00000038   Code   RO         2076    i.SDMMC_CmdSetRelAdd  stm32f1xx_ll_sdmmc.o
    0x08002a62   0x08002a62   0x00000002   PAD
    0x08002a64   0x08002a64   0x0000003c   Code   RO         2078    i.SDMMC_CmdStopTransfer  stm32f1xx_ll_sdmmc.o
    0x08002aa0   0x08002aa0   0x00000038   Code   RO         2080    i.SDMMC_CmdWriteMultiBlock  stm32f1xx_ll_sdmmc.o
    0x08002ad8   0x08002ad8   0x00000038   Code   RO         2081    i.SDMMC_CmdWriteSingleBlock  stm32f1xx_ll_sdmmc.o
    0x08002b10   0x08002b10   0x00000040   Code   RO         2082    i.SDMMC_GetCmdError  stm32f1xx_ll_sdmmc.o
    0x08002b50   0x08002b50   0x000001ac   Code   RO         2083    i.SDMMC_GetCmdResp1  stm32f1xx_ll_sdmmc.o
    0x08002cfc   0x08002cfc   0x00000064   Code   RO         2084    i.SDMMC_GetCmdResp2  stm32f1xx_ll_sdmmc.o
    0x08002d60   0x08002d60   0x00000058   Code   RO         2085    i.SDMMC_GetCmdResp3  stm32f1xx_ll_sdmmc.o
    0x08002db8   0x08002db8   0x000000b8   Code   RO         2086    i.SDMMC_GetCmdResp6  stm32f1xx_ll_sdmmc.o
    0x08002e70   0x08002e70   0x0000006c   Code   RO         2087    i.SDMMC_GetCmdResp7  stm32f1xx_ll_sdmmc.o
    0x08002edc   0x08002edc   0x00000142   Code   RO         2357    i.SD_FindSCR        stm32f1xx_hal_sd.o
    0x0800301e   0x0800301e   0x00000102   Code   RO         2358    i.SD_InitCard       stm32f1xx_hal_sd.o
    0x08003120   0x08003120   0x000000cc   Code   RO         2360    i.SD_PowerON        stm32f1xx_hal_sd.o
    0x080031ec   0x080031ec   0x00000030   Code   RO         2363    i.SD_SendStatus     stm32f1xx_hal_sd.o
    0x0800321c   0x0800321c   0x00000068   Code   RO         2364    i.SD_WideBus_Disable  stm32f1xx_hal_sd.o
    0x08003284   0x08003284   0x00000068   Code   RO         2365    i.SD_WideBus_Enable  stm32f1xx_hal_sd.o
    0x080032ec   0x080032ec   0x00000028   Code   RO         4127    i.SD_initialize     sd_diskio.o
    0x08003314   0x08003314   0x00000068   Code   RO         4128    i.SD_ioctl          sd_diskio.o
    0x0800337c   0x0800337c   0x00000048   Code   RO         4129    i.SD_read           sd_diskio.o
    0x080033c4   0x080033c4   0x00000028   Code   RO         4130    i.SD_status         sd_diskio.o
    0x080033ec   0x080033ec   0x00000048   Code   RO         4131    i.SD_write          sd_diskio.o
    0x08003434   0x08003434   0x00000002   Code   RO          565    i.SVC_Handler       stm32f1xx_it.o
    0x08003436   0x08003436   0x00000008   Code   RO          566    i.SysTick_Handler   stm32f1xx_it.o
    0x0800343e   0x0800343e   0x0000005e   Code   RO          350    i.SystemClock_Config  main.o
    0x0800349c   0x0800349c   0x00000002   Code   RO         3565    i.SystemInit        system_stm32f1xx.o
    0x0800349e   0x0800349e   0x00000002   PAD
    0x080034a0   0x080034a0   0x0000009c   Code   RO         2675    i.TIM_Base_SetConfig  stm32f1xx_hal_tim.o
    0x0800353c   0x0800353c   0x00000022   Code   RO         2676    i.TIM_CCxChannelCmd  stm32f1xx_hal_tim.o
    0x0800355e   0x0800355e   0x00000004   Code   RO          567    i.UsageFault_Handler  stm32f1xx_it.o
    0x08003562   0x08003562   0x00000002   PAD
    0x08003564   0x08003564   0x00000010   Code   RO         1269    i.__NVIC_GetPriorityGrouping  stm32f1xx_hal_cortex.o
    0x08003574   0x08003574   0x00000028   Code   RO         1270    i.__NVIC_SetPriority  stm32f1xx_hal_cortex.o
    0x0800359c   0x0800359c   0x00000060   Code   RO         3656    i.check_fs          ff.o
    0x080035fc   0x080035fc   0x00000010   Code   RO         3657    i.chk_chr           ff.o
    0x0800360c   0x0800360c   0x00000068   Code   RO         3658    i.chk_lock          ff.o
    0x08003674   0x08003674   0x00000024   Code   RO         3659    i.clear_lock        ff.o
    0x08003698   0x08003698   0x0000002e   Code   RO         3660    i.clmt_clust        ff.o
    0x080036c6   0x080036c6   0x0000001c   Code   RO         3661    i.clust2sect        ff.o
    0x080036e2   0x080036e2   0x000000a4   Code   RO         3662    i.create_chain      ff.o
    0x08003786   0x08003786   0x00000002   PAD
    0x08003788   0x08003788   0x00000204   Code   RO         3663    i.create_name       ff.o
    0x0800398c   0x0800398c   0x0000003c   Code   RO         3664    i.dec_lock          ff.o
    0x080039c8   0x080039c8   0x00000140   Code   RO         3665    i.dir_find          ff.o
    0x08003b08   0x08003b08   0x0000011c   Code   RO         3666    i.dir_next          ff.o
    0x08003c24   0x08003c24   0x00000100   Code   RO         3667    i.dir_read          ff.o
    0x08003d24   0x08003d24   0x000001c0   Code   RO         3668    i.dir_register      ff.o
    0x08003ee4   0x08003ee4   0x0000009a   Code   RO         3670    i.dir_sdi           ff.o
    0x08003f7e   0x08003f7e   0x00000002   PAD
    0x08003f80   0x08003f80   0x0000002c   Code   RO         3601    i.disk_initialize   diskio.o
    0x08003fac   0x08003fac   0x00000028   Code   RO         3602    i.disk_ioctl        diskio.o
    0x08003fd4   0x08003fd4   0x00000030   Code   RO         3603    i.disk_read         diskio.o
    0x08004004   0x08004004   0x0000001c   Code   RO         3604    i.disk_status       diskio.o
    0x08004020   0x08004020   0x00000030   Code   RO         3605    i.disk_write        diskio.o
    0x08004050   0x08004050   0x0000002a   Code   RO         3672    i.f_close           ff.o
    0x0800407a   0x0800407a   0x00000266   Code   RO         3678    i.f_lseek           ff.o
    0x080042e0   0x080042e0   0x00000064   Code   RO         3681    i.f_mount           ff.o
    0x08004344   0x08004344   0x000001f4   Code   RO         3682    i.f_open            ff.o
    0x08004538   0x08004538   0x0000008c   Code   RO         3683    i.f_opendir         ff.o
    0x080045c4   0x080045c4   0x0000018e   Code   RO         3687    i.f_read            ff.o
    0x08004752   0x08004752   0x0000005a   Code   RO         3688    i.f_readdir         ff.o
    0x080047ac   0x080047ac   0x000000a2   Code   RO         3691    i.f_sync            ff.o
    0x0800484e   0x0800484e   0x00000002   PAD
    0x08004850   0x08004850   0x0000004c   Code   RO         4095    i.ff_convert        ccsbcs.o
    0x0800489c   0x0800489c   0x00000038   Code   RO         4096    i.ff_wtoupper       ccsbcs.o
    0x080048d4   0x080048d4   0x00000028   Code   RO          307    i.find_file_type    file_sys_func.o
    0x080048fc   0x080048fc   0x0000026c   Code   RO         3696    i.find_volume       ff.o
    0x08004b68   0x08004b68   0x0000006a   Code   RO         3697    i.follow_path       ff.o
    0x08004bd2   0x08004bd2   0x00000002   PAD
    0x08004bd4   0x08004bd4   0x00000080   Code   RO         3698    i.gen_numname       ff.o
    0x08004c54   0x08004c54   0x000000e6   Code   RO         3700    i.get_fat           ff.o
    0x08004d3a   0x08004d3a   0x00000004   Code   RO          522    i.get_fattime       fatfs.o
    0x08004d3e   0x08004d3e   0x000000be   Code   RO         3701    i.get_fileinfo      ff.o
    0x08004dfc   0x08004dfc   0x0000003c   Code   RO         3702    i.get_ldnumber      ff.o
    0x08004e38   0x08004e38   0x00000098   Code   RO         3703    i.inc_lock          ff.o
    0x08004ed0   0x08004ed0   0x00000016   Code   RO         3704    i.ld_clust          ff.o
    0x08004ee6   0x08004ee6   0x00000002   PAD
    0x08004ee8   0x08004ee8   0x0000010c   Code   RO          351    i.main              main.o
    0x08004ff4   0x08004ff4   0x00000012   Code   RO         3705    i.mem_cpy           ff.o
    0x08005006   0x08005006   0x0000000e   Code   RO         3706    i.mem_set           ff.o
    0x08005014   0x08005014   0x00000038   Code   RO         3707    i.move_window       ff.o
    0x0800504c   0x0800504c   0x0000011e   Code   RO         3709    i.put_fat           ff.o
    0x0800516a   0x0800516a   0x00000066   Code   RO         3711    i.remove_chain      ff.o
    0x080051d0   0x080051d0   0x000000cc   Code   RO          308    i.scan_file         file_sys_func.o
    0x0800529c   0x0800529c   0x00000010   Code   RO         3712    i.st_clust          ff.o
    0x080052ac   0x080052ac   0x0000001a   Code   RO         3713    i.sum_sfn           ff.o
    0x080052c6   0x080052c6   0x000000a8   Code   RO         3714    i.sync_fs           ff.o
    0x0800536e   0x0800536e   0x00000052   Code   RO         3715    i.sync_window       ff.o
    0x080053c0   0x080053c0   0x0000002a   Code   RO         3716    i.validate          ff.o
    0x080053ea   0x080053ea   0x00000002   PAD
    0x080053ec   0x080053ec   0x00000584   Code   RO          706    i.wav_read_header   wav_decoder.o
    0x08005970   0x08005970   0x00000670   Data   RO           32    .constdata          lcd.o
    0x08005fe0   0x08005fe0   0x00000018   Data   RO         3566    .constdata          system_stm32f1xx.o
    0x08005ff8   0x08005ff8   0x000000ba   Data   RO         3718    .constdata          ff.o
    0x080060b2   0x080060b2   0x000004c0   Data   RO         4097    .constdata          ccsbcs.o
    0x08006572   0x08006572   0x00000002   PAD
    0x08006574   0x08006574   0x00000014   Data   RO         4132    .constdata          sd_diskio.o
    0x08006588   0x08006588   0x00000020   Data   RO         4983    Region$$Table       anon$$obj.o


    Execution Region RW_IRAM1 (Exec base: 0x20000000, Load base: 0x080065a8, Size: 0x000095c0, Max: 0x00010000, ABSOLUTE)

    Exec Addr    Load Addr    Size         Type   Attr      Idx    E Section Name        Object

    0x20000000   0x080065a8   0x00000005   Data   RW          525    .data               fatfs.o
    0x20000005   0x080065ad   0x00000003   PAD
    0x20000008   0x080065b0   0x00000008   Data   RW          643    .data               stm32f1xx_hal_msp.o
    0x20000010   0x080065b8   0x00000009   Data   RW          801    .data               stm32f1xx_hal.o
    0x20000019   0x080065c1   0x00000003   PAD
    0x2000001c   0x080065c4   0x00000004   Data   RW         3567    .data               system_stm32f1xx.o
    0x20000020   0x080065c8   0x00000008   Data   RW         3719    .data               ff.o
    0x20000028   0x080065d0   0x00000001   Data   RW         4133    .data               sd_diskio.o
    0x20000029   0x080065d1   0x00000003   PAD
    0x2000002c        -       0x00003280   Zero   RW          309    .bss                file_sys_func.o
    0x200032ac        -       0x00000194   Zero   RW          352    .bss                main.o
    0x20003440        -       0x000000f8   Zero   RW          707    .bss                wav_decoder.o
    0x20003538        -       0x00000018   Zero   RW         3717    .bss                ff.o
    0x20003550        -       0x0000000c   Zero   RW         4019    .bss                ff_gen_drv.o
    0x2000355c        -       0x00000060   Zero   RW         4858    .bss                c_w.l(libspace.o)
    0x200035bc   0x080065d1   0x00000004   PAD
    0x200035c0        -       0x00002000   Zero   RW            2    HEAP                startup_stm32f103xe.o
    0x200055c0        -       0x00004000   Zero   RW            1    STACK               startup_stm32f103xe.o


==============================================================================

Image component sizes


      Code (inc. data)   RO Data    RW Data    ZI Data      Debug   Object Name

       200         26          0          0          0       3888   bsp_driver_sd.o
       132         16       1216          0          0       2015   ccsbcs.o
       208         24          0          0          0       3745   diskio.o
        32         10          0          5          0       1436   fatfs.o
      6892         96        186          8         24      42295   ff.o
       102          6          0          0         12       1631   ff_gen_drv.o
       244         36          0          0      12928       2156   file_sys_func.o
       768         42       1648          0          0     521230   lcd.o
       814        124          0          0        404       4007   main.o
         0          0          0          0          0       4972   mp3_decoder.o
       328         32         20          1          0       4540   sd_diskio.o
        64         26        304          0      24576        812   startup_stm32f103xe.o
       192         36          0          9          0       6505   stm32f1xx_hal.o
       272         22          0          0          0      28758   stm32f1xx_hal_cortex.o
       844         40          0          0          0       2692   stm32f1xx_hal_gpio.o
       498         56          0          8          0       3640   stm32f1xx_hal_msp.o
      1708         84          0          0          0       4384   stm32f1xx_hal_rcc.o
      3226         34          0          0          0      13084   stm32f1xx_hal_sd.o
       102          0          0          0          0       1200   stm32f1xx_hal_sram.o
       590         22          0          0          0       3808   stm32f1xx_hal_tim.o
       156         22          0          0          0       1312   stm32f1xx_hal_tim_ex.o
        34          0          0          0          0       3834   stm32f1xx_it.o
       254         10          0          0          0       3827   stm32f1xx_ll_fsmc.o
      2110         46          0          0          0      23359   stm32f1xx_ll_sdmmc.o
         0          0          0          0          0        520   syscall.o
         2          0         24          4          0       1099   system_stm32f1xx.o
      1412        212          0          0        248       2528   wav_decoder.o

    ----------------------------------------------------------------------
     21212       1022       3432         44      38192     693277   Object Totals
         0          0         32          0          0          0   (incl. Generated)
        28          0          2          9          0          0   (incl. Padding)

    ----------------------------------------------------------------------

      Code (inc. data)   RO Data    RW Data    ZI Data      Debug   Library Member Name

         8          0          0          0          0         68   __main.o
       104          0          0          0          0         84   __printf.o
         0          0          0          0          0          0   __rtentry.o
        12          0          0          0          0          0   __rtentry2.o
         6          0          0          0          0          0   __rtentry4.o
        52          8          0          0          0          0   __scatter.o
        26          0          0          0          0          0   __scatter_copy.o
        28          0          0          0          0          0   __scatter_zi.o
        44          0          0          0          0        108   _printf_char.o
        48          6          0          0          0         96   _printf_char_common.o
         6          0          0          0          0          0   _printf_d.o
       120         16          0          0          0         92   _printf_dec.o
       178          0          0          0          0         88   _printf_intcommon.o
         0          0          0          0          0          0   _printf_percent.o
         4          0          0          0          0          0   _printf_percent_end.o
         6          0          0          0          0          0   _printf_s.o
        82          0          0          0          0         80   _printf_str.o
        10          0          0          0          0         68   _sputc.o
        18          0          0          0          0         80   exit.o
         6          0          0          0          0        152   heapauxi.o
         0          0          0          0          0          0   indicate_semi.o
         2          0          0          0          0          0   libinit.o
         2          0          0          0          0          0   libinit2.o
         2          0          0          0          0          0   libshutdown.o
         2          0          0          0          0          0   libshutdown2.o
         8          4          0          0         96         68   libspace.o
        40          6          0          0          0         84   noretval__2sprintf.o
        68          0          0          0          0         68   rt_memclr.o
        78          0          0          0          0         80   rt_memclr_w.o
         2          0          0          0          0          0   rtexit.o
        10          0          0          0          0          0   rtexit2.o
        24          0          0          0          0         68   strcat.o
       128          0          0          0          0         68   strcmpv7m.o
        72          0          0          0          0         80   strcpy.o
        86          0          0          0          0         76   strncpy.o
        12          4          0          0          0         68   sys_exit.o
        74          0          0          0          0         80   sys_stackheap_outer.o
         2          0          0          0          0         68   use_no_semi.o

    ----------------------------------------------------------------------
      1380         44          0          0        100       1724   Library Totals
        10          0          0          0          4          0   (incl. Padding)

    ----------------------------------------------------------------------

      Code (inc. data)   RO Data    RW Data    ZI Data      Debug   Library Name

      1370         44          0          0         96       1724   c_w.l

    ----------------------------------------------------------------------
      1380         44          0          0        100       1724   Library Totals

    ----------------------------------------------------------------------

==============================================================================


      Code (inc. data)   RO Data    RW Data    ZI Data      Debug   

     22592       1066       3432         44      38292     685949   Grand Totals
     22592       1066       3432         44      38292     685949   ELF Image Totals
     22592       1066       3432         44          0          0   ROM Totals

==============================================================================

    Total RO  Size (Code + RO Data)                26024 (  25.41kB)
    Total RW  Size (RW Data + ZI Data)             38336 (  37.44kB)
    Total ROM Size (Code + RO Data + RW Data)      26068 (  25.46kB)

==============================================================================

