Component: ARM Compiler 5.06 update 5 (build 528) Tool: armlink [4d35e2]

==============================================================================

Section Cross References

    startup_stm32f103xe.o(STACK) refers (Special) to heapauxi.o(.text) for __use_two_region_memory
    startup_stm32f103xe.o(HEAP) refers (Special) to heapauxi.o(.text) for __use_two_region_memory
    startup_stm32f103xe.o(RESET) refers (Special) to heapauxi.o(.text) for __use_two_region_memory
    startup_stm32f103xe.o(RESET) refers to startup_stm32f103xe.o(STACK) for __initial_sp
    startup_stm32f103xe.o(RESET) refers to startup_stm32f103xe.o(.text) for Reset_Handler
    startup_stm32f103xe.o(RESET) refers to stm32f1xx_it.o(i.NMI_Handler) for NMI_Handler
    startup_stm32f103xe.o(RESET) refers to stm32f1xx_it.o(i.HardFault_Handler) for HardFault_Handler
    startup_stm32f103xe.o(RESET) refers to stm32f1xx_it.o(i.MemManage_Handler) for MemManage_Handler
    startup_stm32f103xe.o(RESET) refers to stm32f1xx_it.o(i.BusFault_Handler) for BusFault_Handler
    startup_stm32f103xe.o(RESET) refers to stm32f1xx_it.o(i.UsageFault_Handler) for UsageFault_Handler
    startup_stm32f103xe.o(RESET) refers to stm32f1xx_it.o(i.SVC_Handler) for SVC_Handler
    startup_stm32f103xe.o(RESET) refers to stm32f1xx_it.o(i.DebugMon_Handler) for DebugMon_Handler
    startup_stm32f103xe.o(RESET) refers to stm32f1xx_it.o(i.PendSV_Handler) for PendSV_Handler
    startup_stm32f103xe.o(RESET) refers to stm32f1xx_it.o(i.SysTick_Handler) for SysTick_Handler
    startup_stm32f103xe.o(.text) refers (Special) to heapauxi.o(.text) for __use_two_region_memory
    startup_stm32f103xe.o(.text) refers to system_stm32f1xx.o(i.SystemInit) for SystemInit
    startup_stm32f103xe.o(.text) refers to __main.o(!!!main) for __main
    startup_stm32f103xe.o(.text) refers to startup_stm32f103xe.o(HEAP) for Heap_Mem
    startup_stm32f103xe.o(.text) refers to startup_stm32f103xe.o(STACK) for Stack_Mem
    lcd.o(i.LCD_BackLed_Control) refers to stm32f1xx_hal_gpio.o(i.HAL_GPIO_WritePin) for HAL_GPIO_WritePin
    lcd.o(i.LCD_Clear) refers to lcd.o(i.LCD_OpenWindow) for LCD_OpenWindow
    lcd.o(i.LCD_Clear) refers to lcd.o(i.LCD_FillColor) for LCD_FillColor
    lcd.o(i.LCD_DrawChar) refers to lcd.o(i.LCD_OpenWindow) for LCD_OpenWindow
    lcd.o(i.LCD_DrawChar) refers to lcd.o(.constdata) for .constdata
    lcd.o(i.LCD_DrawDot) refers to lcd.o(i.LCD_OpenWindow) for LCD_OpenWindow
    lcd.o(i.LCD_DrawDot) refers to lcd.o(i.LCD_FillColor) for LCD_FillColor
    lcd.o(i.LCD_DrawEllipse) refers to lcd.o(i.LCD_OpenWindow) for LCD_OpenWindow
    lcd.o(i.LCD_DrawEllipse) refers to fflt_clz.o(x$fpl$ffltu) for __aeabi_ui2f
    lcd.o(i.LCD_DrawEllipse) refers to dflt_clz.o(x$fpl$dfltu) for __aeabi_ui2d
    lcd.o(i.LCD_DrawEllipse) refers to scalbn.o(x$fpl$scalbn) for __ARM_scalbn
    lcd.o(i.LCD_DrawEllipse) refers to dmul.o(x$fpl$dmul) for __aeabi_dmul
    lcd.o(i.LCD_DrawEllipse) refers to dflt_clz.o(x$fpl$dflt) for __aeabi_i2d
    lcd.o(i.LCD_DrawEllipse) refers to daddsub_clz.o(x$fpl$dadd) for __aeabi_dadd
    lcd.o(i.LCD_DrawEllipse) refers to d2f.o(x$fpl$d2f) for __aeabi_d2f
    lcd.o(i.LCD_DrawEllipse) refers to fflt_clz.o(x$fpl$fflt) for __aeabi_i2f
    lcd.o(i.LCD_DrawEllipse) refers to fmul.o(x$fpl$fmul) for __aeabi_fmul
    lcd.o(i.LCD_DrawEllipse) refers to faddsub_clz.o(x$fpl$fadd) for __aeabi_fadd
    lcd.o(i.LCD_DrawEllipse) refers to ffixu.o(x$fpl$ffixu) for __aeabi_f2uiz
    lcd.o(i.LCD_DrawEllipse) refers to lcd.o(i.LCD_DrawDot) for LCD_DrawDot
    lcd.o(i.LCD_DrawEllipse) refers to faddsub_clz.o(x$fpl$fsub) for __aeabi_fsub
    lcd.o(i.LCD_DrawEllipse) refers to faddsub_clz.o(x$fpl$frsb) for __aeabi_frsub
    lcd.o(i.LCD_DrawEllipse) refers to fleqf.o(x$fpl$fleqf) for __aeabi_cfcmple
    lcd.o(i.LCD_DrawEllipse) refers to f2d.o(x$fpl$f2d) for __aeabi_f2d
    lcd.o(i.LCD_DrawEllipse) refers to daddsub_clz.o(x$fpl$dsub) for __aeabi_dsub
    lcd.o(i.LCD_DrawLine) refers to lcd.o(i.LCD_DrawDot) for LCD_DrawDot
    lcd.o(i.LCD_DrawString) refers to lcd.o(i.LCD_DrawChar) for LCD_DrawChar
    lcd.o(i.LCD_GetPointPixel) refers to lcd.o(i.LCD_OpenWindow) for LCD_OpenWindow
    lcd.o(i.LCD_GetPointPixel) refers to lcd.o(i.LCD_Read_PixelData) for LCD_Read_PixelData
    lcd.o(i.LCD_INIT) refers to lcd.o(i.LCD_BackLed_Control) for LCD_BackLed_Control
    lcd.o(i.LCD_INIT) refers to lcd.o(i.LCD_Rst) for LCD_Rst
    lcd.o(i.LCD_INIT) refers to lcd.o(i.LCD_REG_Config) for LCD_REG_Config
    lcd.o(i.LCD_INIT) refers to lcd.o(i.LCD_Clear) for LCD_Clear
    lcd.o(i.LCD_REG_Config) refers to lcd.o(i.Delay) for Delay
    lcd.o(i.LCD_Rst) refers to stm32f1xx_hal_gpio.o(i.HAL_GPIO_WritePin) for HAL_GPIO_WritePin
    lcd.o(i.LCD_Rst) refers to lcd.o(i.Delay) for Delay
    lcd.o(i.LCD_chinese_name) refers to lcd.o(i.LCD_OpenWindow) for LCD_OpenWindow
    lcd.o(i.LCD_chinese_name) refers to lcd.o(.constdata) for .constdata
[...]
    .text                                    0x080003c0   Section        0  strcat.o(.text)
    .text                                    0x080003d8   Section       78  rt_memclr_w.o(.text)
    .text                                    0x08000426   Section        0  heapauxi.o(.text)
    .text                                    0x0800042c   Section        0  _printf_intcommon.o(.text)
    .text                                    0x080004e0   Section        0  _printf_char_common.o(.text)
    _printf_input_char                       0x080004e1   Thumb Code    10  _printf_char_common.o(.text)
    .text                                    0x08000510   Section        0  _sputc.o(.text)
    .text                                    0x0800051a   Section        0  _printf_char.o(.text)
    .text                                    0x08000548   Section        8  libspace.o(.text)
    .text                                    0x08000550   Section        2  use_no_semi.o(.text)
    .text                                    0x08000552   Section       74  sys_stackheap_outer.o(.text)
    .text                                    0x08000552   Section        0  indicate_semi.o(.text)
    .text                                    0x0800059c   Section        0  exit.o(.text)
    .text                                    0x080005b0   Section        0  sys_exit.o(.text)
    i.BSP_SD_GetCardInfo                     0x080005bc   Section        0  bsp_driver_sd.o(i.BSP_SD_GetCardInfo)
    i.BSP_SD_GetCardState                    0x080005c8   Section        0  bsp_driver_sd.o(i.BSP_SD_GetCardState)
    i.BSP_SD_Init                            0x080005e0   Section        0  bsp_driver_sd.o(i.BSP_SD_Init)
    i.BSP_SD_IsDetected                      0x08000610   Section        0  bsp_driver_sd.o(i.BSP_SD_IsDetected)
    i.BSP_SD_ReadBlocks                      0x08000620   Section        0  bsp_driver_sd.o(i.BSP_SD_ReadBlocks)
    i.BSP_SD_WriteBlocks                     0x08000640   Section        0  bsp_driver_sd.o(i.BSP_SD_WriteBlocks)
    i.BusFault_Handler                       0x08000660   Section        0  stm32f1xx_it.o(i.BusFault_Handler)
    i.DebugMon_Handler                       0x08000662   Section        0  stm32f1xx_it.o(i.DebugMon_Handler)
    i.Delay                                  0x08000664   Section        0  lcd.o(i.Delay)
    i.FATFS_LinkDriver                       0x08000674   Section        0  ff_gen_drv.o(i.FATFS_LinkDriver)
    i.FATFS_LinkDriverEx                     0x0800067c   Section        0  ff_gen_drv.o(i.FATFS_LinkDriverEx)
    i.FSMC_NORSRAM_Extended_Timing_Init      0x080006bc   Section        0  stm32f1xx_ll_fsmc.o(i.FSMC_NORSRAM_Extended_Timing_Init)
    i.FSMC_NORSRAM_Init                      0x080006f8   Section        0  stm32f1xx_ll_fsmc.o(i.FSMC_NORSRAM_Init)
    i.FSMC_NORSRAM_Timing_Init               0x08000760   Section        0  stm32f1xx_ll_fsmc.o(i.FSMC_NORSRAM_Timing_Init)
    i.HAL_Delay                              0x080007a4   Section        0  stm32f1xx_hal.o(i.HAL_Delay)
    i.HAL_FSMC_MspInit                       0x080007c8   Section        0  stm32f1xx_hal_msp.o(i.HAL_FSMC_MspInit)
    HAL_FSMC_MspInit                         0x080007c9   Thumb Code    88  stm32f1xx_hal_msp.o(i.HAL_FSMC_MspInit)
    i.HAL_GPIO_Init                          0x08000830   Section        0  stm32f1xx_hal_gpio.o(i.HAL_GPIO_Init)
    i.HAL_GPIO_WritePin                      0x08000a28   Section        0  stm32f1xx_hal_gpio.o(i.HAL_GPIO_WritePin)
    i.HAL_GetTick                            0x08000a34   Section        0  stm32f1xx_hal.o(i.HAL_GetTick)
    i.HAL_IncTick                            0x08000a40   Section        0  stm32f1xx_hal.o(i.HAL_IncTick)
    i.HAL_Init                               0x08000a50   Section        0  stm32f1xx_hal.o(i.HAL_Init)
    i.HAL_InitTick                           0x08000a74   Section        0  stm32f1xx_hal.o(i.HAL_InitTick)
    i.HAL_MspInit                            0x08000ab4   Section        0  stm32f1xx_hal_msp.o(i.HAL_MspInit)
    i.HAL_NVIC_SetPriority                   0x08000af0   Section        0  stm32f1xx_hal_cortex.o(i.HAL_NVIC_SetPriority)
    i.HAL_NVIC_SetPriorityGrouping           0x08000b30   Section        0  stm32f1xx_hal_cortex.o(i.HAL_NVIC_SetPriorityGrouping)
    i.HAL_RCC_ClockConfig                    0x08000b54   Section        0  stm32f1xx_hal_rcc.o(i.HAL_RCC_ClockConfig)
    i.HAL_RCC_GetSysClockFreq                0x08000c80   Section        0  stm32f1xx_hal_rcc.o(i.HAL_RCC_GetSysClockFreq)
    i.HAL_RCC_OscConfig                      0x08000cec   Section        0  stm32f1xx_hal_rcc.o(i.HAL_RCC_OscConfig)
    i.HAL_SD_ConfigWideBusOperation          0x0800100c   Section        0  stm32f1xx_hal_sd.o(i.HAL_SD_ConfigWideBusOperation)
    i.HAL_SD_GetCardCSD                      0x08001124   Section        0  stm32f1xx_hal_sd.o(i.HAL_SD_GetCardCSD)
    i.HAL_SD_GetCardInfo                     0x080012bc   Section        0  stm32f1xx_hal_sd.o(i.HAL_SD_GetCardInfo)
    i.HAL_SD_GetCardState                    0x080012e0   Section        0  stm32f1xx_hal_sd.o(i.HAL_SD_GetCardState)
    i.HAL_SD_Init                            0x0800130c   Section        0  stm32f1xx_hal_sd.o(i.HAL_SD_Init)
    i.HAL_SD_InitCard                        0x08001344   Section        0  stm32f1xx_hal_sd.o(i.HAL_SD_InitCard)
    i.HAL_SD_MspInit                         0x080013b8   Section        0  stm32f1xx_hal_msp.o(i.HAL_SD_MspInit)
    i.HAL_SD_ReadBlocks                      0x0800143c   Section        0  stm32f1xx_hal_sd.o(i.HAL_SD_ReadBlocks)
    i.HAL_SD_WriteBlocks                     0x08001614   Section        0  stm32f1xx_hal_sd.o(i.HAL_SD_WriteBlocks)
    i.HAL_SRAM_Init                          0x080017c0   Section        0  stm32f1xx_hal_sram.o(i.HAL_SRAM_Init)
    i.HAL_SRAM_MspInit                       0x08001824   Section        0  stm32f1xx_hal_msp.o(i.HAL_SRAM_MspInit)
    i.HAL_SYSTICK_Config                     0x08001828   Section        0  stm32f1xx_hal_cortex.o(i.HAL_SYSTICK_Config)
    i.HAL_TIMEx_MasterConfigSynchronization  0x08001850   Section        0  stm32f1xx_hal_tim_ex.o(i.HAL_TIMEx_MasterConfigSynchronization)
    i.HAL_TIM_Encoder_Init                   0x080018cc   Section        0  stm32f1xx_hal_tim.o(i.HAL_TIM_Encoder_Init)
    i.HAL_TIM_Encoder_MspInit                0x08001970   Section        0  stm32f1xx_hal_msp.o(i.HAL_TIM_Encoder_MspInit)
    i.HAL_TIM_Encoder_Start                  0x080019c4   Section        0  stm32f1xx_hal_tim.o(i.HAL_TIM_Encoder_Start)
    i.HardFault_Handler                      0x08001a52   Section        0  stm32f1xx_it.o(i.HardFault_Handler)
    i.LCD_BackLed_Control                    0x08001a54   Section        0  lcd.o(i.LCD_BackLed_Control)
    i.LCD_Clear                              0x08001a6c   Section        0  lcd.o(i.LCD_Clear)
    i.LCD_DrawChar                           0x08001a88   Section        0  lcd.o(i.LCD_DrawChar)
    i.LCD_DrawString                         0x08001ad8   Section        0  lcd.o(i.LCD_DrawString)
    i.LCD_FillColor                          0x08001b18   Section        0  lcd.o(i.LCD_FillColor)
    i.LCD_INIT                               0x08001b34   Section        0  lcd.o(i.LCD_INIT)
    i.LCD_OpenWindow                         0x08001b5c   Section        0  lcd.o(i.LCD_OpenWindow)
    i.LCD_REG_Config                         0x08001b9c   Section        0  lcd.o(i.LCD_REG_Config)
    i.LCD_Rst                                0x08001d14   Section        0  lcd.o(i.LCD_Rst)
    i.MX_FATFS_Init                          0x08001d48   Section        0  fatfs.o(i.MX_FATFS_Init)
    i.MX_FSMC_Init                           0x08001d64   Section        0  main.o(i.MX_FSMC_Init)
    MX_FSMC_Init                             0x08001d65   Thumb Code   106  main.o(i.MX_FSMC_Init)
    i.MX_GPIO_Init                           0x08001ddc   Section        0  main.o(i.MX_GPIO_Init)
    MX_GPIO_Init                             0x08001ddd   Thumb Code   206  main.o(i.MX_GPIO_Init)
    i.MX_TIM3_Init                           0x08001ebc   Section        0  main.o(i.MX_TIM3_Init)
    MX_TIM3_Init                             0x08001ebd   Thumb Code   100  main.o(i.MX_TIM3_Init)
    i.MemManage_Handler                      0x08001f28   Section        0  stm32f1xx_it.o(i.MemManage_Handler)
    i.NMI_Handler                            0x08001f2a   Section        0  stm32f1xx_it.o(i.NMI_Handler)
    i.PendSV_Handler                         0x08001f2c   Section        0  stm32f1xx_it.o(i.PendSV_Handler)
    i.SDIO_ConfigData                        0x08001f2e   Section        0  stm32f1xx_ll_sdmmc.o(i.SDIO_ConfigData)
    i.SDIO_GetPowerState                     0x08001f52   Section        0  stm32f1xx_ll_sdmmc.o(i.SDIO_GetPowerState)
    i.SDIO_GetResponse                       0x08001f5a   Section        0  stm32f1xx_ll_sdmmc.o(i.SDIO_GetResponse)
    i.SDIO_Init                              0x08001f60   Section        0  stm32f1xx_ll_sdmmc.o(i.SDIO_Init)
    i.SDIO_PowerState_ON                     0x08001f84   Section        0  stm32f1xx_ll_sdmmc.o(i.SDIO_PowerState_ON)
    i.SDIO_ReadFIFO                          0x08001f94   Section        0  stm32f1xx_ll_sdmmc.o(i.SDIO_ReadFIFO)
    i.SDIO_SendCommand                       0x08001f9a   Section        0  stm32f1xx_ll_sdmmc.o(i.SDIO_SendCommand)
    i.SDIO_WriteFIFO                         0x08001fba   Section        0  stm32f1xx_ll_sdmmc.o(i.SDIO_WriteFIFO)
    i.SDMMC_CmdAppCommand                    0x08001fc4   Section        0  stm32f1xx_ll_sdmmc.o(i.SDMMC_CmdAppCommand)
    i.SDMMC_CmdAppOperCommand                0x08001ff8   Section        0  stm32f1xx_ll_sdmmc.o(i.SDMMC_CmdAppOperCommand)
    i.SDMMC_CmdBlockLength                   0x0800202c   Section        0  stm32f1xx_ll_sdmmc.o(i.SDMMC_CmdBlockLength)
    i.SDMMC_CmdBusWidth                      0x0800205e   Section        0  stm32f1xx_ll_sdmmc.o(i.SDMMC_CmdBusWidth)
    i.SDMMC_CmdGoIdleState                   0x08002090   Section        0  stm32f1xx_ll_sdmmc.o(i.SDMMC_CmdGoIdleState)
    i.SDMMC_CmdOperCond                      0x080020e0   Section        0  stm32f1xx_ll_sdmmc.o(i.SDMMC_CmdOperCond)
    i.SDMMC_CmdReadMultiBlock                0x08002154   Section        0  stm32f1xx_ll_sdmmc.o(i.SDMMC_CmdReadMultiBlock)
    i.SDMMC_CmdReadSingleBlock               0x08002186   Section        0  stm32f1xx_ll_sdmmc.o(i.SDMMC_CmdReadSingleBlock)
    i.SDMMC_CmdSelDesel                      0x080021b8   Section        0  stm32f1xx_ll_sdmmc.o(i.SDMMC_CmdSelDesel)
    i.SDMMC_CmdSendCID                       0x080021ea   Section        0  stm32f1xx_ll_sdmmc.o(i.SDMMC_CmdSendCID)
    i.SDMMC_CmdSendCSD                       0x08002216   Section        0  stm32f1xx_ll_sdmmc.o(i.SDMMC_CmdSendCSD)
    i.SDMMC_CmdSendSCR                       0x08002242   Section        0  stm32f1xx_ll_sdmmc.o(i.SDMMC_CmdSendSCR)
    i.SDMMC_CmdSendStatus                    0x08002272   Section        0  stm32f1xx_ll_sdmmc.o(i.SDMMC_CmdSendStatus)
    i.SDMMC_CmdSetRelAdd                     0x080022a4   Section        0  stm32f1xx_ll_sdmmc.o(i.SDMMC_CmdSetRelAdd)
    i.SDMMC_CmdStopTransfer                  0x080022d4   Section        0  stm32f1xx_ll_sdmmc.o(i.SDMMC_CmdStopTransfer)
    i.SDMMC_CmdWriteMultiBlock               0x08002308   Section        0  stm32f1xx_ll_sdmmc.o(i.SDMMC_CmdWriteMultiBlock)
    i.SDMMC_CmdWriteSingleBlock              0x0800233a   Section        0  stm32f1xx_ll_sdmmc.o(i.SDMMC_CmdWriteSingleBlock)
    i.SDMMC_GetCmdResp1                      0x0800236c   Section        0  stm32f1xx_ll_sdmmc.o(i.SDMMC_GetCmdResp1)
    SDMMC_GetCmdResp1                        0x0800236d   Thumb Code   278  stm32f1xx_ll_sdmmc.o(i.SDMMC_GetCmdResp1)
    i.SDMMC_GetCmdResp2                      0x0800248c   Section        0  stm32f1xx_ll_sdmmc.o(i.SDMMC_GetCmdResp2)
    SDMMC_GetCmdResp2                        0x0800248d   Thumb Code    76  stm32f1xx_ll_sdmmc.o(i.SDMMC_GetCmdResp2)
    i.SDMMC_GetCmdResp3                      0x080024dc   Section        0  stm32f1xx_ll_sdmmc.o(i.SDMMC_GetCmdResp3)
    SDMMC_GetCmdResp3                        0x080024dd   Thumb Code    62  stm32f1xx_ll_sdmmc.o(i.SDMMC_GetCmdResp3)
    i.SDMMC_GetCmdResp6                      0x08002520   Section        0  stm32f1xx_ll_sdmmc.o(i.SDMMC_GetCmdResp6)
    SDMMC_GetCmdResp6                        0x08002521   Thumb Code   130  stm32f1xx_ll_sdmmc.o(i.SDMMC_GetCmdResp6)
    i.SD_FindSCR                             0x080025a8   Section        0  stm32f1xx_hal_sd.o(i.SD_FindSCR)
    SD_FindSCR                               0x080025a9   Thumb Code   218  stm32f1xx_hal_sd.o(i.SD_FindSCR)
    i.SD_InitCard                            0x08002682   Section        0  stm32f1xx_hal_sd.o(i.SD_InitCard)
    SD_InitCard                              0x08002683   Thumb Code   238  stm32f1xx_hal_sd.o(i.SD_InitCard)
    i.SD_PowerON                             0x08002770   Section        0  stm32f1xx_hal_sd.o(i.SD_PowerON)
    SD_PowerON                               0x08002771   Thumb Code   174  stm32f1xx_hal_sd.o(i.SD_PowerON)
    i.SD_initialize                          0x08002824   Section        0  sd_diskio.o(i.SD_initialize)
    i.SD_ioctl                               0x08002844   Section        0  sd_diskio.o(i.SD_ioctl)
    i.SD_read                                0x08002894   Section        0  sd_diskio.o(i.SD_read)
    i.SD_status                              0x080028d0   Section        0  sd_diskio.o(i.SD_status)
    i.SD_write                               0x080028f0   Section        0  sd_diskio.o(i.SD_write)
    i.SVC_Handler                            0x0800292c   Section        0  stm32f1xx_it.o(i.SVC_Handler)
    i.SysTick_Handler                        0x0800292e   Section        0  stm32f1xx_it.o(i.SysTick_Handler)
    i.SystemClock_Config                     0x08002932   Section        0  main.o(i.SystemClock_Config)
    i.SystemInit                             0x08002990   Section        0  system_stm32f1xx.o(i.SystemInit)
    i.TIM_Base_SetConfig                     0x08002994   Section        0  stm32f1xx_hal_tim.o(i.TIM_Base_SetConfig)
    i.TIM_CCxChannelCmd                      0x08002a20   Section        0  stm32f1xx_hal_tim.o(i.TIM_CCxChannelCmd)
    i.UsageFault_Handler                     0x08002a3a   Section        0  stm32f1xx_it.o(i.UsageFault_Handler)
    i.__NVIC_SetPriority                     0x08002a3c   Section        0  stm32f1xx_hal_cortex.o(i.__NVIC_SetPriority)
    __NVIC_SetPriority                       0x08002a3d   Thumb Code    32  stm32f1xx_hal_cortex.o(i.__NVIC_SetPriority)
    i.check_fs                               0x08002a5c   Section        0  ff.o(i.check_fs)
    check_fs                                 0x08002a5d   Thumb Code    90  ff.o(i.check_fs)
    i.chk_chr                                0x08002abc   Section        0  ff.o(i.chk_chr)
    chk_chr                                  0x08002abd   Thumb Code    16  ff.o(i.chk_chr)
    i.chk_lock                               0x08002acc   Section        0  ff.o(i.chk_lock)
    chk_lock                                 0x08002acd   Thumb Code   100  ff.o(i.chk_lock)
    i.clear_lock                             0x08002b34   Section        0  ff.o(i.clear_lock)
    clear_lock                               0x08002b35   Thumb Code    32  ff.o(i.clear_lock)
    i.clmt_clust                             0x08002b58   Section        0  ff.o(i.clmt_clust)
    clmt_clust                               0x08002b59   Thumb Code    46  ff.o(i.clmt_clust)
    i.clust2sect                             0x08002b86   Section        0  ff.o(i.clust2sect)
    i.create_chain                           0x08002ba2   Section        0  ff.o(i.create_chain)
    create_chain                             0x08002ba3   Thumb Code   164  ff.o(i.create_chain)
    i.create_name                            0x08002c48   Section        0  ff.o(i.create_name)
    create_name                              0x08002c49   Thumb Code   492  ff.o(i.create_name)
    i.dec_lock                               0x08002e4c   Section        0  ff.o(i.dec_lock)
    dec_lock                                 0x08002e4d   Thumb Code    54  ff.o(i.dec_lock)
    i.dir_find                               0x08002e88   Section        0  ff.o(i.dir_find)
    dir_find                                 0x08002e89   Thumb Code   314  ff.o(i.dir_find)
    i.dir_next                               0x08002fc8   Section        0  ff.o(i.dir_next)
    dir_next                                 0x08002fc9   Thumb Code   284  ff.o(i.dir_next)
    i.dir_read                               0x080030e4   Section        0  ff.o(i.dir_read)
    dir_read                                 0x080030e5   Thumb Code   252  ff.o(i.dir_read)
    i.dir_register                           0x080031e4   Section        0  ff.o(i.dir_register)
    dir_register                             0x080031e5   Thumb Code   444  ff.o(i.dir_register)
    i.dir_sdi                                0x080033a4   Section        0  ff.o(i.dir_sdi)
    dir_sdi                                  0x080033a5   Thumb Code   154  ff.o(i.dir_sdi)
    i.disk_initialize                        0x08003440   Section        0  diskio.o(i.disk_initialize)
    i.disk_ioctl                             0x08003468   Section        0  diskio.o(i.disk_ioctl)
    i.disk_read                              0x08003484   Section        0  diskio.o(i.disk_read)
    i.disk_status                            0x080034a0   Section        0  diskio.o(i.disk_status)
    i.disk_write                             0x080034b8   Section        0  diskio.o(i.disk_write)
    i.f_close                                0x080034d4   Section        0  ff.o(i.f_close)
    i.f_lseek                                0x080034fe   Section        0  ff.o(i.f_lseek)
    i.f_mount                                0x08003764   Section        0  ff.o(i.f_mount)
    i.f_open                                 0x080037c8   Section        0  ff.o(i.f_open)
    i.f_opendir                              0x080039bc   Section        0  ff.o(i.f_opendir)
    i.f_read                                 0x08003a48   Section        0  ff.o(i.f_read)
    i.f_readdir                              0x08003bd6   Section        0  ff.o(i.f_readdir)
    i.f_sync                                 0x08003c30   Section        0  ff.o(i.f_sync)
    i.ff_convert                             0x08003cd4   Section        0  ccsbcs.o(i.ff_convert)
    i.ff_wtoupper                            0x08003d0c   Section        0  ccsbcs.o(i.ff_wtoupper)
    i.find_file_type                         0x08003d30   Section        0  file_sys_func.o(i.find_file_type)
    i.find_volume                            0x08003d58   Section        0  ff.o(i.find_volume)
    find_volume                              0x08003d59   Thumb Code   606  ff.o(i.find_volume)
    i.follow_path                            0x08003fc4   Section        0  ff.o(i.follow_path)
    follow_path                              0x08003fc5   Thumb Code   106  ff.o(i.follow_path)
    i.gen_numname                            0x08004030   Section        0  ff.o(i.gen_numname)
    gen_numname                              0x08004031   Thumb Code   122  ff.o(i.gen_numname)
    i.get_fat                                0x080040b0   Section        0  ff.o(i.get_fat)
    i.get_fattime                            0x08004196   Section        0  fatfs.o(i.get_fattime)
    i.get_fileinfo                           0x0800419a   Section        0  ff.o(i.get_fileinfo)
    get_fileinfo                             0x0800419b   Thumb Code   190  ff.o(i.get_fileinfo)
    i.get_ldnumber                           0x08004258   Section        0  ff.o(i.get_ldnumber)
    get_ldnumber                             0x08004259   Thumb Code    60  ff.o(i.get_ldnumber)
    i.inc_lock                               0x08004294   Section        0  ff.o(i.inc_lock)
    inc_lock                                 0x08004295   Thumb Code   146  ff.o(i.inc_lock)
    i.ld_clust                               0x0800432c   Section        0  ff.o(i.ld_clust)
    ld_clust                                 0x0800432d   Thumb Code    22  ff.o(i.ld_clust)
    i.main                                   0x08004344   Section        0  main.o(i.main)
    i.mem_cpy                                0x08004450   Section        0  ff.o(i.mem_cpy)
    mem_cpy                                  0x08004451   Thumb Code    18  ff.o(i.mem_cpy)
    i.mem_set                                0x08004462   Section        0  ff.o(i.mem_set)
    mem_set                                  0x08004463   Thumb Code    14  ff.o(i.mem_set)
    i.move_window                            0x08004470   Section        0  ff.o(i.move_window)
    move_window                              0x08004471   Thumb Code    56  ff.o(i.move_window)
    i.put_fat                                0x080044a8   Section        0  ff.o(i.put_fat)
    i.remove_chain                           0x080045c6   Section        0  ff.o(i.remove_chain)
    remove_chain                             0x080045c7   Thumb Code   102  ff.o(i.remove_chain)
    i.scan_file                              0x0800462c   Section        0  file_sys_func.o(i.scan_file)
    i.st_clust                               0x080046f8   Section        0  ff.o(i.st_clust)
    st_clust                                 0x080046f9   Thumb Code    16  ff.o(i.st_clust)
    i.sum_sfn                                0x08004708   Section        0  ff.o(i.sum_sfn)
    sum_sfn                                  0x08004709   Thumb Code    26  ff.o(i.sum_sfn)
    i.sync_fs                                0x08004722   Section        0  ff.o(i.sync_fs)
    sync_fs                                  0x08004723   Thumb Code   168  ff.o(i.sync_fs)
    i.sync_window                            0x080047ca   Section        0  ff.o(i.sync_window)
    sync_window                              0x080047cb   Thumb Code    82  ff.o(i.sync_window)
    i.validate                               0x0800481c   Section        0  ff.o(i.validate)
    validate                                 0x0800481d   Thumb Code    42  ff.o(i.validate)
    i.wav_read_header                        0x08004848   Section        0  wav_decoder.o(i.wav_read_header)
    .constdata                               0x08004a10   Section     1648  lcd.o(.constdata)
    .constdata                               0x08005080   Section       16  system_stm32f1xx.o(.constdata)
    .constdata                               0x08005090   Section      186  ff.o(.constdata)
    ExCvt                                    0x08005090   Data         128  ff.o(.constdata)
    LfnOfs                                   0x08005110   Data          13  ff.o(.constdata)
    vst                                      0x0800511e   Data          22  ff.o(.constdata)
    cst                                      0x08005134   Data          22  ff.o(.constdata)
    .constdata                               0x0800514a   Section     1216  ccsbcs.o(.constdata)
    Tbl                                      0x0800514a   Data         256  ccsbcs.o(.constdata)
    tbl_lower                                0x0800524a   Data         480  ccsbcs.o(.constdata)
    tbl_upper                                0x0800542a   Data         480  ccsbcs.o(.constdata)
    .constdata                               0x0800560c   Section       20  sd_diskio.o(.constdata)
    .data                                    0x20000000   Section        5  fatfs.o(.data)
    .data                                    0x20000008   Section        8  stm32f1xx_hal_msp.o(.data)
    FSMC_Initialized                         0x20000008   Data           4  stm32f1xx_hal_msp.o(.data)
    FSMC_DeInitialized                       0x2000000c   Data           4  stm32f1xx_hal_msp.o(.data)
    .data                                    0x20000010   Section       12  stm32f1xx_hal.o(.data)
    .data                                    0x2000001c   Section        4  system_stm32f1xx.o(.data)
    .data                                    0x20000020   Section        8  ff.o(.data)
    Fsid                                     0x20000020   Data           2  ff.o(.data)
    FatFs                                    0x20000024   Data           4  ff.o(.data)
    .data                                    0x20000028   Section        1  sd_diskio.o(.data)
    Stat                                     0x20000028   Data           1  sd_diskio.o(.data)
    .bss                                     0x2000002c   Section    12928  file_sys_func.o(.bss)
    lfname                                   0x2000322c   Data         128  file_sys_func.o(.bss)
    .bss                                     0x200032ac   Section      404  main.o(.bss)
    lfname                                   0x200032ac   Data         128  main.o(.bss)
    .bss                                     0x20003440   Section       36  wav_decoder.o(.bss)
    .bss                                     0x20003464   Section       24  ff.o(.bss)
    Files                                    0x20003464   Data          24  ff.o(.bss)
    .bss                                     0x2000347c   Section       12  ff_gen_drv.o(.bss)
    .bss                                     0x20003488   Section       96  libspace.o(.bss)
    HEAP                                     0x200034e8   Section     8192  startup_stm32f103xe.o(HEAP)
    Heap_Mem                                 0x200034e8   Data        8192  startup_stm32f103xe.o(HEAP)
    STACK                                    0x200054e8   Section    16384  startup_stm32f103xe.o(STACK)
    Stack_Mem                                0x200054e8   Data       16384  startup_stm32f103xe.o(STACK)
    __initial_sp                             0x200094e8   Data           0  startup_stm32f103xe.o(STACK)

    Global Symbols

    Symbol Name                              Value     Ov Type        Size  Object(Section)

    BuildAttributes$$THM_ISAv4$P$D$K$B$S$PE$A:L22UL41UL21$X:L11$S22US41US21$IEEE1$IW$USESV6$~STKCKD$USESV7$~SHL$OTIME$ROPI$EBA8$UX$STANDARDLIB$REQ8$EABIv2 0x00000000   Number         0  anon$$obj.o ABSOLUTE
    __ARM_use_no_argv                        0x00000000   Number         0  main.o ABSOLUTE
    __ARM_exceptions_init                     - Undefined Weak Reference
    __alloca_initialize                       - Undefined Weak Reference
    __arm_preinit_                            - Undefined Weak Reference
    __cpp_initialize__aeabi_                  - Undefined Weak Reference
    __cxa_finalize                            - Undefined Weak Reference
    __rt_locale                               - Undefined Weak Reference
    __sigvec_lookup                           - Undefined Weak Reference
    __user_heap_extent                        - Undefined Weak Reference
    _atexit_init                              - Undefined Weak Reference
    _call_atexit_fns                          - Undefined Weak Reference
    _clock_init                               - Undefined Weak Reference
    _fp_trap_init                             - Undefined Weak Reference
    _fp_trap_shutdown                         - Undefined Weak Reference
    _get_lc_collate                           - Undefined Weak Reference
    _get_lc_ctype                             - Undefined Weak Reference
    _get_lc_monetary                          - Undefined Weak Reference
    _get_lc_numeric                           - Undefined Weak Reference
    _get_lc_time                              - Undefined Weak Reference
    _getenv_init                              - Undefined Weak Reference
    _handle_redirection                       - Undefined Weak Reference
    _initio                                   - Undefined Weak Reference
    _mutex_acquire                            - Undefined Weak Reference
    _mutex_free                               - Undefined Weak Reference
    _mutex_release                            - Undefined Weak Reference
    _printf_mbtowc                            - Undefined Weak Reference
    _printf_post_padding                      - Undefined Weak Reference
    _printf_pre_padding                       - Undefined Weak Reference
    _printf_truncate_signed                   - Undefined Weak Reference
    _printf_truncate_unsigned                 - Undefined Weak Reference
    _rand_init                                - Undefined Weak Reference
    _signal_finish                            - Undefined Weak Reference
    _signal_init                              - Undefined Weak Reference
    _terminateio                              - Undefined Weak Reference
    __Vectors_Size                           0x00000130   Number         0  startup_stm32f103xe.o ABSOLUTE
    __Vectors                                0x08000000   Data           4  startup_stm32f103xe.o(RESET)
    __Vectors_End                            0x08000130   Data           0  startup_stm32f103xe.o(RESET)
    __main                                   0x08000131   Thumb Code     8  __main.o(!!!main)
    __scatterload                            0x08000139   Thumb Code     0  __scatter.o(!!!scatter)
    __scatterload_rt2                        0x08000139   Thumb Code    44  __scatter.o(!!!scatter)
    __scatterload_rt2_thumb_only             0x08000139   Thumb Code     0  __scatter.o(!!!scatter)
    __scatterload_null                       0x08000147   Thumb Code     0  __scatter.o(!!!scatter)
    __scatterload_copy                       0x0800016d   Thumb Code    26  __scatter_copy.o(!!handler_copy)
    __scatterload_zeroinit                   0x08000189   Thumb Code    28  __scatter_zi.o(!!handler_zi)
    _printf_d                                0x080001a5   Thumb Code     0  _printf_d.o(.ARM.Collect$$_printf_percent$$00000009)
    _printf_percent                          0x080001a5   Thumb Code     0  _printf_percent.o(.ARM.Collect$$_printf_percent$$00000000)
    _printf_s                                0x080001ab   Thumb Code     0  _printf_s.o(.ARM.Collect$$_printf_percent$$00000014)
    _printf_percent_end                      0x080001b1   Thumb Code     0  _printf_percent_end.o(.ARM.Collect$$_printf_percent$$00000017)
    __rt_lib_init                            0x080001b5   Thumb Code     0  libinit.o(.ARM.Collect$$libinit$$00000000)
    __rt_lib_init_alloca_1                   0x080001b7   Thumb Code     0  libinit2.o(.ARM.Collect$$libinit$$0000002E)
    __rt_lib_init_argv_1                     0x080001b7   Thumb Code     0  libinit2.o(.ARM.Collect$$libinit$$0000002C)
    __rt_lib_init_atexit_1                   0x080001b7   Thumb Code     0  libinit2.o(.ARM.Collect$$libinit$$0000001B)
    __rt_lib_init_clock_1                    0x080001b7   Thumb Code     0  libinit2.o(.ARM.Collect$$libinit$$00000021)
    __rt_lib_init_cpp_1                      0x080001b7   Thumb Code     0  libinit2.o(.ARM.Collect$$libinit$$00000032)
    __rt_lib_init_exceptions_1               0x080001b7   Thumb Code     0  libinit2.o(.ARM.Collect$$libinit$$00000030)
    __rt_lib_init_fp_1                       0x080001b7   Thumb Code     0  libinit2.o(.ARM.Collect$$libinit$$00000002)
    __rt_lib_init_fp_trap_1                  0x080001b7   Thumb Code     0  libinit2.o(.ARM.Collect$$libinit$$0000001F)
    __rt_lib_init_getenv_1                   0x080001b7   Thumb Code     0  libinit2.o(.ARM.Collect$$libinit$$00000023)
    __rt_lib_init_heap_1                     0x080001b7   Thumb Code     0  libinit2.o(.ARM.Collect$$libinit$$0000000A)
    __rt_lib_init_lc_collate_1               0x080001b7   Thumb Code     0  libinit2.o(.ARM.Collect$$libinit$$00000011)
    __rt_lib_init_lc_ctype_1                 0x080001b7   Thumb Code     0  libinit2.o(.ARM.Collect$$libinit$$00000013)
    __rt_lib_init_lc_monetary_1              0x080001b7   Thumb Code     0  libinit2.o(.ARM.Collect$$libinit$$00000015)
    __rt_lib_init_lc_numeric_1               0x080001b7   Thumb Code     0  libinit2.o(.ARM.Collect$$libinit$$00000017)
    __rt_lib_init_lc_time_1                  0x080001b7   Thumb Code     0  libinit2.o(.ARM.Collect$$libinit$$00000019)
    __rt_lib_init_preinit_1                  0x080001b7   Thumb Code     0  libinit2.o(.ARM.Collect$$libinit$$00000004)
    __rt_lib_init_rand_1                     0x080001b7   Thumb Code     0  libinit2.o(.ARM.Collect$$libinit$$0000000E)
    __rt_lib_init_return                     0x080001b7   Thumb Code     0  libinit2.o(.ARM.Collect$$libinit$$00000033)
    __rt_lib_init_signal_1                   0x080001b7   Thumb Code     0  libinit2.o(.ARM.Collect$$libinit$$0000001D)
    __rt_lib_init_stdio_1                    0x080001b7   Thumb Code     0  libinit2.o(.ARM.Collect$$libinit$$00000025)
    __rt_lib_init_user_alloc_1               0x080001b7   Thumb Code     0  libinit2.o(.ARM.Collect$$libinit$$0000000C)
    __rt_lib_shutdown                        0x080001b9   Thumb Code     0  libshutdown.o(.ARM.Collect$$libshutdown$$00000000)
    __rt_lib_shutdown_cpp_1                  0x080001bb   Thumb Code     0  libshutdown2.o(.ARM.Collect$$libshutdown$$00000002)
    __rt_lib_shutdown_fp_trap_1              0x080001bb   Thumb Code     0  libshutdown2.o(.ARM.Collect$$libshutdown$$00000007)
    __rt_lib_shutdown_heap_1                 0x080001bb   Thumb Code     0  libshutdown2.o(.ARM.Collect$$libshutdown$$0000000F)
    __rt_lib_shutdown_return                 0x080001bb   Thumb Code     0  libshutdown2.o(.ARM.Collect$$libshutdown$$00000010)
    __rt_lib_shutdown_signal_1               0x080001bb   Thumb Code     0  libshutdown2.o(.ARM.Collect$$libshutdown$$0000000A)
    __rt_lib_shutdown_stdio_1                0x080001bb   Thumb Code     0  libshutdown2.o(.ARM.Collect$$libshutdown$$00000004)
    __rt_lib_shutdown_user_alloc_1           0x080001bb   Thumb Code     0  libshutdown2.o(.ARM.Collect$$libshutdown$$0000000C)
    __rt_entry                               0x080001bd   Thumb Code     0  __rtentry.o(.ARM.Collect$$rtentry$$00000000)
    __rt_entry_presh_1                       0x080001bd   Thumb Code     0  __rtentry2.o(.ARM.Collect$$rtentry$$00000002)
    __rt_entry_sh                            0x080001bd   Thumb Code     0  __rtentry4.o(.ARM.Collect$$rtentry$$00000004)
    __rt_entry_li                            0x080001c3   Thumb Code     0  __rtentry2.o(.ARM.Collect$$rtentry$$0000000A)
    __rt_entry_postsh_1                      0x080001c3   Thumb Code     0  __rtentry2.o(.ARM.Collect$$rtentry$$00000009)
    __rt_entry_main                          0x080001c7   Thumb Code     0  __rtentry2.o(.ARM.Collect$$rtentry$$0000000D)
    __rt_entry_postli_1                      0x080001c7   Thumb Code     0  __rtentry2.o(.ARM.Collect$$rtentry$$0000000C)
    __rt_exit                                0x080001cf   Thumb Code     0  rtexit.o(.ARM.Collect$$rtexit$$00000000)
    __rt_exit_ls                             0x080001d1   Thumb Code     0  rtexit2.o(.ARM.Collect$$rtexit$$00000003)
    __rt_exit_prels_1                        0x080001d1   Thumb Code     0  rtexit2.o(.ARM.Collect$$rtexit$$00000002)
    __rt_exit_exit                           0x080001d5   Thumb Code     0  rtexit2.o(.ARM.Collect$$rtexit$$00000004)
    Reset_Handler                            0x080001dd   Thumb Code     8  startup_stm32f103xe.o(.text)
    ADC1_2_IRQHandler                        0x080001f7   Thumb Code     0  startup_stm32f103xe.o(.text)
    ADC3_IRQHandler                          0x080001f7   Thumb Code     0  startup_stm32f103xe.o(.text)
    CAN1_RX1_IRQHandler                      0x080001f7   Thumb Code     0  startup_stm32f103xe.o(.text)
    CAN1_SCE_IRQHandler                      0x080001f7   Thumb Code     0  startup_stm32f103xe.o(.text)
    DMA1_Channel1_IRQHandler                 0x080001f7   Thumb Code     0  startup_stm32f103xe.o(.text)
    DMA1_Channel2_IRQHandler                 0x080001f7   Thumb Code     0  startup_stm32f103xe.o(.text)
    DMA1_Channel3_IRQHandler                 0x080001f7   Thumb Code     0  startup_stm32f103xe.o(.text)
    DMA1_Channel4_IRQHandler                 0x080001f7   Thumb Code     0  startup_stm32f103xe.o(.text)
    DMA1_Channel5_IRQHandler                 0x080001f7   Thumb Code     0  startup_stm32f103xe.o(.text)
    DMA1_Channel6_IRQHandler                 0x080001f7   Thumb Code     0  startup_stm32f103xe.o(.text)
    DMA1_Channel7_IRQHandler                 0x080001f7   Thumb Code     0  startup_stm32f103xe.o(.text)
    DMA2_Channel1_IRQHandler                 0x080001f7   Thumb Code     0  startup_stm32f103xe.o(.text)
    DMA2_Channel2_IRQHandler                 0x080001f7   Thumb Code     0  startup_stm32f103xe.o(.text)
    DMA2_Channel3_IRQHandler                 0x080001f7   Thumb Code     0  startup_stm32f103xe.o(.text)
    DMA2_Channel4_5_IRQHandler               0x080001f7   Thumb Code     0  startup_stm32f103xe.o(.text)
    EXTI0_IRQHandler                         0x080001f7   Thumb Code     0  startup_stm32f103xe.o(.text)
    EXTI15_10_IRQHandler                     0x080001f7   Thumb Code     0  startup_stm32f103xe.o(.text)
    EXTI1_IRQHandler                         0x080001f7   Thumb Code     0  startup_stm32f103xe.o(.text)
    EXTI2_IRQHandler                         0x080001f7   Thumb Code     0  startup_stm32f103xe.o(.text)
    EXTI3_IRQHandler                         0x080001f7   Thumb Code     0  startup_stm32f103xe.o(.text)
    EXTI4_IRQHandler                         0x080001f7   Thumb Code     0  startup_stm32f103xe.o(.text)
    EXTI9_5_IRQHandler                       0x080001f7   Thumb Code     0  startup_stm32f103xe.o(.text)
    FLASH_IRQHandler                         0x080001f7   Thumb Code     0  startup_stm32f103xe.o(.text)
    FSMC_IRQHandler                          0x080001f7   Thumb Code     0  startup_stm32f103xe.o(.text)
    I2C1_ER_IRQHandler                       0x080001f7   Thumb Code     0  startup_stm32f103xe.o(.text)
    I2C1_EV_IRQHandler                       0x080001f7   Thumb Code     0  startup_stm32f103xe.o(.text)
    I2C2_ER_IRQHandler                       0x080001f7   Thumb Code     0  startup_stm32f103xe.o(.text)
    I2C2_EV_IRQHandler                       0x080001f7   Thumb Code     0  startup_stm32f103xe.o(.text)
    PVD_IRQHandler                           0x080001f7   Thumb Code     0  startup_stm32f103xe.o(.text)
    RCC_IRQHandler                           0x080001f7   Thumb Code     0  startup_stm32f103xe.o(.text)
    RTC_Alarm_IRQHandler                     0x080001f7   Thumb Code     0  startup_stm32f103xe.o(.text)
    RTC_IRQHandler                           0x080001f7   Thumb Code     0  startup_stm32f103xe.o(.text)
    SDIO_IRQHandler                          0x080001f7   Thumb Code     0  startup_stm32f103xe.o(.text)
    SPI1_IRQHandler                          0x080001f7   Thumb Code     0  startup_stm32f103xe.o(.text)
    SPI2_IRQHandler                          0x080001f7   Thumb Code     0  startup_stm32f103xe.o(.text)
    SPI3_IRQHandler                          0x080001f7   Thumb Code     0  startup_stm32f103xe.o(.text)
    TAMPER_IRQHandler                        0x080001f7   Thumb Code     0  startup_stm32f103xe.o(.text)
    TIM1_BRK_IRQHandler                      0x080001f7   Thumb Code     0  startup_stm32f103xe.o(.text)
    TIM1_CC_IRQHandler                       0x080001f7   Thumb Code     0  startup_stm32f103xe.o(.text)
    TIM1_TRG_COM_IRQHandler                  0x080001f7   Thumb Code     0  startup_stm32f103xe.o(.text)
    TIM1_UP_IRQHandler                       0x080001f7   Thumb Code     0  startup_stm32f103xe.o(.text)
    TIM2_IRQHandler                          0x080001f7   Thumb Code     0  startup_stm32f103xe.o(.text)
    TIM3_IRQHandler                          0x080001f7   Thumb Code     0  startup_stm32f103xe.o(.text)
    TIM4_IRQHandler                          0x080001f7   Thumb Code     0  startup_stm32f103xe.o(.text)
    TIM5_IRQHandler                          0x080001f7   Thumb Code     0  startup_stm32f103xe.o(.text)
    TIM6_IRQHandler                          0x080001f7   Thumb Code     0  startup_stm32f103xe.o(.text)
    TIM7_IRQHandler                          0x080001f7   Thumb Code     0  startup_stm32f103xe.o(.text)
    TIM8_BRK_IRQHandler                      0x080001f7   Thumb Code     0  startup_stm32f103xe.o(.text)
    TIM8_CC_IRQHandler                       0x080001f7   Thumb Code     0  startup_stm32f103xe.o(.text)
    TIM8_TRG_COM_IRQHandler                  0x080001f7   Thumb Code     0  startup_stm32f103xe.o(.text)
    TIM8_UP_IRQHandler                       0x080001f7   Thumb Code     0  startup_stm32f103xe.o(.text)
    UART4_IRQHandler                         0x080001f7   Thumb Code     0  startup_stm32f103xe.o(.text)
    UART5_IRQHandler                         0x080001f7   Thumb Code     0  startup_stm32f103xe.o(.text)
    USART1_IRQHandler                        0x080001f7   Thumb Code     0  startup_stm32f103xe.o(.text)
    USART2_IRQHandler                        0x080001f7   Thumb Code     0  startup_stm32f103xe.o(.text)
    USART3_IRQHandler                        0x080001f7   Thumb Code     0  startup_stm32f103xe.o(.text)
    USBWakeUp_IRQHandler                     0x080001f7   Thumb Code     0  startup_stm32f103xe.o(.text)
    USB_HP_CAN1_TX_IRQHandler                0x080001f7   Thumb Code     0  startup_stm32f103xe.o(.text)
    USB_LP_CAN1_RX0_IRQHandler               0x080001f7   Thumb Code     0  startup_stm32f103xe.o(.text)
    WWDG_IRQHandler                          0x080001f7   Thumb Code     0  startup_stm32f103xe.o(.text)
    __user_initial_stackheap                 0x080001f9   Thumb Code     0  startup_stm32f103xe.o(.text)
    __2sprintf                               0x0800021d   Thumb Code    34  noretval__2sprintf.o(.text)
    __printf                                 0x08000245   Thumb Code   104  __printf.o(.text)
    _printf_str                              0x080002ad   Thumb Code    82  _printf_str.o(.text)
    _printf_int_dec                          0x08000301   Thumb Code   104  _printf_dec.o(.text)
    strcpy                                   0x08000379   Thumb Code    72  strcpy.o(.text)
    strcat                                   0x080003c1   Thumb Code    24  strcat.o(.text)
    __aeabi_memclr4                          0x080003d9   Thumb Code     0  rt_memclr_w.o(.text)
    __aeabi_memclr8                          0x080003d9   Thumb Code     0  rt_memclr_w.o(.text)
    __rt_memclr_w                            0x080003d9   Thumb Code    78  rt_memclr_w.o(.text)
    _memset_w                                0x080003dd   Thumb Code     0  rt_memclr_w.o(.text)
    __use_two_region_memory                  0x08000427   Thumb Code     2  heapauxi.o(.text)
    __rt_heap_escrow                         0x08000429   Thumb Code     2  heapauxi.o(.text)
    __rt_heap_expand                         0x0800042b   Thumb Code     2  heapauxi.o(.text)
    _printf_int_common                       0x0800042d   Thumb Code   178  _printf_intcommon.o(.text)
    _printf_char_common                      0x080004eb   Thumb Code    32  _printf_char_common.o(.text)
    _sputc                                   0x08000511   Thumb Code    10  _sputc.o(.text)
    _printf_cs_common                        0x0800051b   Thumb Code    20  _printf_char.o(.text)
    _printf_char                             0x0800052f   Thumb Code    16  _printf_char.o(.text)
    _printf_string                           0x0800053f   Thumb Code     8  _printf_char.o(.text)
    __user_libspace                          0x08000549   Thumb Code     8  libspace.o(.text)
    __user_perproc_libspace                  0x08000549   Thumb Code     0  libspace.o(.text)
    __user_perthread_libspace                0x08000549   Thumb Code     0  libspace.o(.text)
    __I$use$semihosting                      0x08000551   Thumb Code     0  use_no_semi.o(.text)
    __use_no_semihosting_swi                 0x08000551   Thumb Code     2  use_no_semi.o(.text)
    __semihosting_library_function           0x08000553   Thumb Code     0  indicate_semi.o(.text)
    __user_setup_stackheap                   0x08000553   Thumb Code    74  sys_stackheap_outer.o(.text)
    exit                                     0x0800059d   Thumb Code    18  exit.o(.text)
    _sys_exit                                0x080005b1   Thumb Code     8  sys_exit.o(.text)
    BSP_SD_GetCardInfo                       0x080005bd   Thumb Code     8  bsp_driver_sd.o(i.BSP_SD_GetCardInfo)
    BSP_SD_GetCardState                      0x080005c9   Thumb Code    20  bsp_driver_sd.o(i.BSP_SD_GetCardState)
    BSP_SD_Init                              0x080005e1   Thumb Code    42  bsp_driver_sd.o(i.BSP_SD_Init)
    BSP_SD_IsDetected                        0x08000611   Thumb Code    14  bsp_driver_sd.o(i.BSP_SD_IsDetected)
    BSP_SD_ReadBlocks                        0x08000621   Thumb Code    26  bsp_driver_sd.o(i.BSP_SD_ReadBlocks)
    BSP_SD_WriteBlocks                       0x08000641   Thumb Code    26  bsp_driver_sd.o(i.BSP_SD_WriteBlocks)
    BusFault_Handler                         0x08000661   Thumb Code     2  stm32f1xx_it.o(i.BusFault_Handler)
    DebugMon_Handler                         0x08000663   Thumb Code     2  stm32f1xx_it.o(i.DebugMon_Handler)
    Delay                                    0x08000665   Thumb Code    16  lcd.o(i.Delay)
    FATFS_LinkDriver                         0x08000675   Thumb Code     6  ff_gen_drv.o(i.FATFS_LinkDriver)
    FATFS_LinkDriverEx                       0x0800067d   Thumb Code    60  ff_gen_drv.o(i.FATFS_LinkDriverEx)
    FSMC_NORSRAM_Extended_Timing_Init        0x080006bd   Thumb Code    56  stm32f1xx_ll_fsmc.o(i.FSMC_NORSRAM_Extended_Timing_Init)
    FSMC_NORSRAM_Init                        0x080006f9   Thumb Code    98  stm32f1xx_ll_fsmc.o(i.FSMC_NORSRAM_Init)
    FSMC_NORSRAM_Timing_Init                 0x08000761   Thumb Code    64  stm32f1xx_ll_fsmc.o(i.FSMC_NORSRAM_Timing_Init)
    HAL_Delay                                0x080007a5   Thumb Code    32  stm32f1xx_hal.o(i.HAL_Delay)
    HAL_GPIO_Init                            0x08000831   Thumb Code   462  stm32f1xx_hal_gpio.o(i.HAL_GPIO_Init)
    HAL_GPIO_WritePin                        0x08000a29   Thumb Code    10  stm32f1xx_hal_gpio.o(i.HAL_GPIO_WritePin)
    HAL_GetTick                              0x08000a35   Thumb Code     6  stm32f1xx_hal.o(i.HAL_GetTick)
    HAL_IncTick                              0x08000a41   Thumb Code    12  stm32f1xx_hal.o(i.HAL_IncTick)
    HAL_Init                                 0x08000a51   Thumb Code    32  stm32f1xx_hal.o(i.HAL_Init)
    HAL_InitTick                             0x08000a75   Thumb Code    54  stm32f1xx_hal.o(i.HAL_InitTick)
    HAL_MspInit                              0x08000ab5   Thumb Code    52  stm32f1xx_hal_msp.o(i.HAL_MspInit)
    HAL_NVIC_SetPriority                     0x08000af1   Thumb Code    60  stm32f1xx_hal_cortex.o(i.HAL_NVIC_SetPriority)
    HAL_NVIC_SetPriorityGrouping             0x08000b31   Thumb Code    26  stm32f1xx_hal_cortex.o(i.HAL_NVIC_SetPriorityGrouping)
    HAL_RCC_ClockConfig                      0x08000b55   Thumb Code   280  stm32f1xx_hal_rcc.o(i.HAL_RCC_ClockConfig)
    HAL_RCC_GetSysClockFreq                  0x08000c81   Thumb Code    74  stm32f1xx_hal_rcc.o(i.HAL_RCC_GetSysClockFreq)
    HAL_RCC_OscConfig                        0x08000ced   Thumb Code   778  stm32f1xx_hal_rcc.o(i.HAL_RCC_OscConfig)
    HAL_SD_ConfigWideBusOperation            0x0800100d   Thumb Code   276  stm32f1xx_hal_sd.o(i.HAL_SD_ConfigWideBusOperation)
    HAL_SD_GetCardCSD                        0x08001125   Thumb Code   402  stm32f1xx_hal_sd.o(i.HAL_SD_GetCardCSD)
    HAL_SD_GetCardInfo                       0x080012bd   Thumb Code    36  stm32f1xx_hal_sd.o(i.HAL_SD_GetCardInfo)
    HAL_SD_GetCardState                      0x080012e1   Thumb Code    44  stm32f1xx_hal_sd.o(i.HAL_SD_GetCardState)
    HAL_SD_Init                              0x0800130d   Thumb Code    54  stm32f1xx_hal_sd.o(i.HAL_SD_Init)
    HAL_SD_InitCard                          0x08001345   Thumb Code   108  stm32f1xx_hal_sd.o(i.HAL_SD_InitCard)
    HAL_SD_MspInit                           0x080013b9   Thumb Code   114  stm32f1xx_hal_msp.o(i.HAL_SD_MspInit)
    HAL_SD_ReadBlocks                        0x0800143d   Thumb Code   468  stm32f1xx_hal_sd.o(i.HAL_SD_ReadBlocks)
    HAL_SD_WriteBlocks                       0x08001615   Thumb Code   422  stm32f1xx_hal_sd.o(i.HAL_SD_WriteBlocks)
    HAL_SRAM_Init                            0x080017c1   Thumb Code   100  stm32f1xx_hal_sram.o(i.HAL_SRAM_Init)
    HAL_SRAM_MspInit                         0x08001825   Thumb Code     4  stm32f1xx_hal_msp.o(i.HAL_SRAM_MspInit)
    HAL_SYSTICK_Config                       0x08001829   Thumb Code    40  stm32f1xx_hal_cortex.o(i.HAL_SYSTICK_Config)
    HAL_TIMEx_MasterConfigSynchronization    0x08001851   Thumb Code   104  stm32f1xx_hal_tim_ex.o(i.HAL_TIMEx_MasterConfigSynchronization)
    HAL_TIM_Encoder_Init                     0x080018cd   Thumb Code   164  stm32f1xx_hal_tim.o(i.HAL_TIM_Encoder_Init)
    HAL_TIM_Encoder_MspInit                  0x08001971   Thumb Code    72  stm32f1xx_hal_msp.o(i.HAL_TIM_Encoder_MspInit)
    HAL_TIM_Encoder_Start                    0x080019c5   Thumb Code   142  stm32f1xx_hal_tim.o(i.HAL_TIM_Encoder_Start)
    HardFault_Handler                        0x08001a53   Thumb Code     2  stm32f1xx_it.o(i.HardFault_Handler)
    LCD_BackLed_Control                      0x08001a55   Thumb Code    20  lcd.o(i.LCD_BackLed_Control)
    LCD_Clear                                0x08001a6d   Thumb Code    26  lcd.o(i.LCD_Clear)
    LCD_DrawChar                             0x08001a89   Thumb Code    70  lcd.o(i.LCD_DrawChar)
    LCD_DrawString                           0x08001ad9   Thumb Code    64  lcd.o(i.LCD_DrawString)
    LCD_FillColor                            0x08001b19   Thumb Code    24  lcd.o(i.LCD_FillColor)
    LCD_INIT                                 0x08001b35   Thumb Code    38  lcd.o(i.LCD_INIT)
    LCD_OpenWindow                           0x08001b5d   Thumb Code    58  lcd.o(i.LCD_OpenWindow)
    LCD_REG_Config                           0x08001b9d   Thumb Code   368  lcd.o(i.LCD_REG_Config)
    LCD_Rst                                  0x08001d15   Thumb Code    42  lcd.o(i.LCD_Rst)
    MX_FATFS_Init                            0x08001d49   Thumb Code    18  fatfs.o(i.MX_FATFS_Init)
    MemManage_Handler                        0x08001f29   Thumb Code     2  stm32f1xx_it.o(i.MemManage_Handler)
    NMI_Handler                              0x08001f2b   Thumb Code     2  stm32f1xx_it.o(i.NMI_Handler)
    PendSV_Handler                           0x08001f2d   Thumb Code     2  stm32f1xx_it.o(i.PendSV_Handler)
    SDIO_ConfigData                          0x08001f2f   Thumb Code    36  stm32f1xx_ll_sdmmc.o(i.SDIO_ConfigData)
    SDIO_GetPowerState                       0x08001f53   Thumb Code     8  stm32f1xx_ll_sdmmc.o(i.SDIO_GetPowerState)
    SDIO_GetResponse                         0x08001f5b   Thumb Code     6  stm32f1xx_ll_sdmmc.o(i.SDIO_GetResponse)
    SDIO_Init                                0x08001f61   Thumb Code    36  stm32f1xx_ll_sdmmc.o(i.SDIO_Init)
    SDIO_PowerState_ON                       0x08001f85   Thumb Code    16  stm32f1xx_ll_sdmmc.o(i.SDIO_PowerState_ON)
    SDIO_ReadFIFO                            0x08001f95   Thumb Code     6  stm32f1xx_ll_sdmmc.o(i.SDIO_ReadFIFO)
    SDIO_SendCommand                         0x08001f9b   Thumb Code    32  stm32f1xx_ll_sdmmc.o(i.SDIO_SendCommand)
    SDIO_WriteFIFO                           0x08001fbb   Thumb Code    10  stm32f1xx_ll_sdmmc.o(i.SDIO_WriteFIFO)
    SDMMC_CmdAppCommand                      0x08001fc5   Thumb Code    50  stm32f1xx_ll_sdmmc.o(i.SDMMC_CmdAppCommand)
    SDMMC_CmdAppOperCommand                  0x08001ff9   Thumb Code    48  stm32f1xx_ll_sdmmc.o(i.SDMMC_CmdAppOperCommand)
    SDMMC_CmdBlockLength                     0x0800202d   Thumb Code    50  stm32f1xx_ll_sdmmc.o(i.SDMMC_CmdBlockLength)
    SDMMC_CmdBusWidth                        0x0800205f   Thumb Code    50  stm32f1xx_ll_sdmmc.o(i.SDMMC_CmdBusWidth)
    SDMMC_CmdGoIdleState                     0x08002091   Thumb Code    74  stm32f1xx_ll_sdmmc.o(i.SDMMC_CmdGoIdleState)
    SDMMC_CmdOperCond                        0x080020e1   Thumb Code   112  stm32f1xx_ll_sdmmc.o(i.SDMMC_CmdOperCond)
    SDMMC_CmdReadMultiBlock                  0x08002155   Thumb Code    50  stm32f1xx_ll_sdmmc.o(i.SDMMC_CmdReadMultiBlock)
    SDMMC_CmdReadSingleBlock                 0x08002187   Thumb Code    50  stm32f1xx_ll_sdmmc.o(i.SDMMC_CmdReadSingleBlock)
    SDMMC_CmdSelDesel                        0x080021b9   Thumb Code    50  stm32f1xx_ll_sdmmc.o(i.SDMMC_CmdSelDesel)
    SDMMC_CmdSendCID                         0x080021eb   Thumb Code    44  stm32f1xx_ll_sdmmc.o(i.SDMMC_CmdSendCID)
    SDMMC_CmdSendCSD                         0x08002217   Thumb Code    44  stm32f1xx_ll_sdmmc.o(i.SDMMC_CmdSendCSD)
    SDMMC_CmdSendSCR                         0x08002243   Thumb Code    48  stm32f1xx_ll_sdmmc.o(i.SDMMC_CmdSendSCR)
    SDMMC_CmdSendStatus                      0x08002273   Thumb Code    50  stm32f1xx_ll_sdmmc.o(i.SDMMC_CmdSendStatus)
    SDMMC_CmdSetRelAdd                       0x080022a5   Thumb Code    48  stm32f1xx_ll_sdmmc.o(i.SDMMC_CmdSetRelAdd)
    SDMMC_CmdStopTransfer                    0x080022d5   Thumb Code    46  stm32f1xx_ll_sdmmc.o(i.SDMMC_CmdStopTransfer)
    SDMMC_CmdWriteMultiBlock                 0x08002309   Thumb Code    50  stm32f1xx_ll_sdmmc.o(i.SDMMC_CmdWriteMultiBlock)
    SDMMC_CmdWriteSingleBlock                0x0800233b   Thumb Code    50  stm32f1xx_ll_sdmmc.o(i.SDMMC_CmdWriteSingleBlock)
    SD_initialize                            0x08002825   Thumb Code    26  sd_diskio.o(i.SD_initialize)
    SD_ioctl                                 0x08002845   Thumb Code    74  sd_diskio.o(i.SD_ioctl)
    SD_read                                  0x08002895   Thumb Code    52  sd_diskio.o(i.SD_read)
    SD_status                                0x080028d1   Thumb Code    26  sd_diskio.o(i.SD_status)
    SD_write                                 0x080028f1   Thumb Code    52  sd_diskio.o(i.SD_write)
    SVC_Handler                              0x0800292d   Thumb Code     2  stm32f1xx_it.o(i.SVC_Handler)
    SysTick_Handler                          0x0800292f   Thumb Code     4  stm32f1xx_it.o(i.SysTick_Handler)
    SystemClock_Config                       0x08002933   Thumb Code    94  main.o(i.SystemClock_Config)
    SystemInit                               0x08002991   Thumb Code     2  system_stm32f1xx.o(i.SystemInit)
    TIM_Base_SetConfig                       0x08002995   Thumb Code   120  stm32f1xx_hal_tim.o(i.TIM_Base_SetConfig)
    TIM_CCxChannelCmd                        0x08002a21   Thumb Code    26  stm32f1xx_hal_tim.o(i.TIM_CCxChannelCmd)
    UsageFault_Handler                       0x08002a3b   Thumb Code     2  stm32f1xx_it.o(i.UsageFault_Handler)
    clust2sect                               0x08002b87   Thumb Code    28  ff.o(i.clust2sect)
    disk_initialize                          0x08003441   Thumb Code    36  diskio.o(i.disk_initialize)
    disk_ioctl                               0x08003469   Thumb Code    24  diskio.o(i.disk_ioctl)
    disk_read                                0x08003485   Thumb Code    24  diskio.o(i.disk_read)
    disk_status                              0x080034a1   Thumb Code    18  diskio.o(i.disk_status)
    disk_write                               0x080034b9   Thumb Code    24  diskio.o(i.disk_write)
    f_close                                  0x080034d5   Thumb Code    42  ff.o(i.f_close)
    f_lseek                                  0x080034ff   Thumb Code   614  ff.o(i.f_lseek)
    f_mount                                  0x08003765   Thumb Code    94  ff.o(i.f_mount)
    f_open                                   0x080037c9   Thumb Code   494  ff.o(i.f_open)
    f_opendir                                0x080039bd   Thumb Code   140  ff.o(i.f_opendir)
    f_read                                   0x08003a49   Thumb Code   398  ff.o(i.f_read)
    f_readdir                                0x08003bd7   Thumb Code    90  ff.o(i.f_readdir)
    f_sync                                   0x08003c31   Thumb Code   162  ff.o(i.f_sync)
    ff_convert                               0x08003cd5   Thumb Code    52  ccsbcs.o(i.ff_convert)
    ff_wtoupper                              0x08003d0d   Thumb Code    28  ccsbcs.o(i.ff_wtoupper)
    find_file_type                           0x08003d31   Thumb Code    40  file_sys_func.o(i.find_file_type)
    get_fat                                  0x080040b1   Thumb Code   230  ff.o(i.get_fat)
    get_fattime                              0x08004197   Thumb Code     4  fatfs.o(i.get_fattime)
    main                                     0x08004345   Thumb Code   184  main.o(i.main)
    put_fat                                  0x080044a9   Thumb Code   286  ff.o(i.put_fat)
    scan_file                                0x0800462d   Thumb Code   168  file_sys_func.o(i.scan_file)
    wav_read_header                          0x08004849   Thumb Code   340  wav_decoder.o(i.wav_read_header)
    ucAscii_1608                             0x08004a10   Data        1520  lcd.o(.constdata)
    name_array                               0x08005000   Data         128  lcd.o(.constdata)
    AHBPrescTable                            0x08005080   Data          16  system_stm32f1xx.o(.constdata)
    SD_Driver                                0x0800560c   Data          20  sd_diskio.o(.constdata)
    Region$$Table$$Base                      0x08005620   Number         0  anon$$obj.o(Region$$Table)
    Region$$Table$$Limit                     0x08005640   Number         0  anon$$obj.o(Region$$Table)
    retSD                                    0x20000000   Data           1  fatfs.o(.data)
    SDPath                                   0x20000001   Data           4  fatfs.o(.data)
    uwTickFreq                               0x20000010   Data           1  stm32f1xx_hal.o(.data)
    uwTickPrio                               0x20000014   Data           4  stm32f1xx_hal.o(.data)
    uwTick                                   0x20000018   Data           4  stm32f1xx_hal.o(.data)
    SystemCoreClock                          0x2000001c   Data           4  system_stm32f1xx.o(.data)
    filelist                                 0x2000002c   Data       12800  file_sys_func.o(.bss)
    hsd                                      0x2000332c   Data         132  main.o(.bss)
    htim3                                    0x200033b0   Data          72  main.o(.bss)
    hsram1                                   0x200033f8   Data          72  main.o(.bss)
    wav_tag                                  0x20003440   Data          36  wav_decoder.o(.bss)
    disk                                     0x2000347c   Data          12  ff_gen_drv.o(.bss)
    __libspace_start                         0x20003488   Data          96  libspace.o(.bss)
    __temporary_stack_top$libspace           0x200034e8   Data           0  libspace.o(.bss)



==============================================================================

Memory Map of the image

  Image Entry point : 0x08000131

  Load Region LR_IROM1 (Base: 0x08000000, Size: 0x0000566c, Max: 0x00080000, ABSOLUTE)

    Execution Region ER_IROM1 (Exec base: 0x08000000, Load base: 0x08000000, Size: 0x00005640, Max: 0x00080000, ABSOLUTE)

    Exec Addr    Load Addr    Size         Type   Attr      Idx    E Section Name        Object

    0x08000000   0x08000000   0x00000130   Data   RO            3    RESET               startup_stm32f103xe.o
    0x08000130   0x08000130   0x00000008   Code   RO         4609  * !!!main             c_w.l(__main.o)
    0x08000138   0x08000138   0x00000034   Code   RO         4882    !!!scatter          c_w.l(__scatter.o)
    0x0800016c   0x0800016c   0x0000001a   Code   RO         4884    !!handler_copy      c_w.l(__scatter_copy.o)
    0x08000186   0x08000186   0x00000002   PAD
    0x08000188   0x08000188   0x0000001c   Code   RO         4886    !!handler_zi        c_w.l(__scatter_zi.o)
    0x080001a4   0x080001a4   0x00000000   Code   RO         4596    .ARM.Collect$$_printf_percent$$00000000  c_w.l(_printf_percent.o)
    0x080001a4   0x080001a4   0x00000006   Code   RO         4595    .ARM.Collect$$_printf_percent$$00000009  c_w.l(_printf_d.o)
    0x080001aa   0x080001aa   0x00000006   Code   RO         4594    .ARM.Collect$$_printf_percent$$00000014  c_w.l(_printf_s.o)
    0x080001b0   0x080001b0   0x00000004   Code   RO         4687    .ARM.Collect$$_printf_percent$$00000017  c_w.l(_printf_percent_end.o)
    0x080001b4   0x080001b4   0x00000002   Code   RO         4819    .ARM.Collect$$libinit$$00000000  c_w.l(libinit.o)
    0x080001b6   0x080001b6   0x00000000   Code   RO         4695    .ARM.Collect$$libinit$$00000002  c_w.l(libinit2.o)
    0x080001b6   0x080001b6   0x00000000   Code   RO         4697    .ARM.Collect$$libinit$$00000004  c_w.l(libinit2.o)
    0x080001b6   0x080001b6   0x00000000   Code   RO         4700    .ARM.Collect$$libinit$$0000000A  c_w.l(libinit2.o)
    0x080001b6   0x080001b6   0x00000000   Code   RO         4702    .ARM.Collect$$libinit$$0000000C  c_w.l(libinit2.o)
    0x080001b6   0x080001b6   0x00000000   Code   RO         4704    .ARM.Collect$$libinit$$0000000E  c_w.l(libinit2.o)
    0x080001b6   0x080001b6   0x00000000   Code   RO         4707    .ARM.Collect$$libinit$$00000011  c_w.l(libinit2.o)
    0x080001b6   0x080001b6   0x00000000   Code   RO         4709    .ARM.Collect$$libinit$$00000013  c_w.l(libinit2.o)
    0x080001b6   0x080001b6   0x00000000   Code   RO         4711    .ARM.Collect$$libinit$$00000015  c_w.l(libinit2.o)
    0x080001b6   0x080001b6   0x00000000   Code   RO         4713    .ARM.Collect$$libinit$$00000017  c_w.l(libinit2.o)
    0x080001b6   0x080001b6   0x00000000   Code   RO         4715    .ARM.Collect$$libinit$$00000019  c_w.l(libinit2.o)
    0x080001b6   0x080001b6   0x00000000   Code   RO         4717    .ARM.Collect$$libinit$$0000001B  c_w.l(libinit2.o)
    0x080001b6   0x080001b6   0x00000000   Code   RO         4719    .ARM.Collect$$libinit$$0000001D  c_w.l(libinit2.o)
    0x080001b6   0x080001b6   0x00000000   Code   RO         4721    .ARM.Collect$$libinit$$0000001F  c_w.l(libinit2.o)
    0x080001b6   0x080001b6   0x00000000   Code   RO         4723    .ARM.Collect$$libinit$$00000021  c_w.l(libinit2.o)
    0x080001b6   0x080001b6   0x00000000   Code   RO         4725    .ARM.Collect$$libinit$$00000023  c_w.l(libinit2.o)
    0x080001b6   0x080001b6   0x00000000   Code   RO         4727    .ARM.Collect$$libinit$$00000025  c_w.l(libinit2.o)
    0x080001b6   0x080001b6   0x00000000   Code   RO         4731    .ARM.Collect$$libinit$$0000002C  c_w.l(libinit2.o)
    0x080001b6   0x080001b6   0x00000000   Code   RO         4733    .ARM.Collect$$libinit$$0000002E  c_w.l(libinit2.o)
    0x080001b6   0x080001b6   0x00000000   Code   RO         4735    .ARM.Collect$$libinit$$00000030  c_w.l(libinit2.o)
    0x080001b6   0x080001b6   0x00000000   Code   RO         4737    .ARM.Collect$$libinit$$00000032  c_w.l(libinit2.o)
    0x080001b6   0x080001b6   0x00000002   Code   RO         4738    .ARM.Collect$$libinit$$00000033  c_w.l(libinit2.o)
    0x080001b8   0x080001b8   0x00000002   Code   RO         4879    .ARM.Collect$$libshutdown$$00000000  c_w.l(libshutdown.o)
    0x080001ba   0x080001ba   0x00000000   Code   RO         4835    .ARM.Collect$$libshutdown$$00000002  c_w.l(libshutdown2.o)
    0x080001ba   0x080001ba   0x00000000   Code   RO         4837    .ARM.Collect$$libshutdown$$00000004  c_w.l(libshutdown2.o)
    0x080001ba   0x080001ba   0x00000000   Code   RO         4840    .ARM.Collect$$libshutdown$$00000007  c_w.l(libshutdown2.o)
    0x080001ba   0x080001ba   0x00000000   Code   RO         4843    .ARM.Collect$$libshutdown$$0000000A  c_w.l(libshutdown2.o)
    0x080001ba   0x080001ba   0x00000000   Code   RO         4845    .ARM.Collect$$libshutdown$$0000000C  c_w.l(libshutdown2.o)
    0x080001ba   0x080001ba   0x00000000   Code   RO         4848    .ARM.Collect$$libshutdown$$0000000F  c_w.l(libshutdown2.o)
    0x080001ba   0x080001ba   0x00000002   Code   RO         4849    .ARM.Collect$$libshutdown$$00000010  c_w.l(libshutdown2.o)
    0x080001bc   0x080001bc   0x00000000   Code   RO         4653    .ARM.Collect$$rtentry$$00000000  c_w.l(__rtentry.o)
    0x080001bc   0x080001bc   0x00000000   Code   RO         4758    .ARM.Collect$$rtentry$$00000002  c_w.l(__rtentry2.o)
    0x080001bc   0x080001bc   0x00000006   Code   RO         4770    .ARM.Collect$$rtentry$$00000004  c_w.l(__rtentry4.o)
    0x080001c2   0x080001c2   0x00000000   Code   RO         4760    .ARM.Collect$$rtentry$$00000009  c_w.l(__rtentry2.o)
    0x080001c2   0x080001c2   0x00000004   Code   RO         4761    .ARM.Collect$$rtentry$$0000000A  c_w.l(__rtentry2.o)
    0x080001c6   0x080001c6   0x00000000   Code   RO         4763    .ARM.Collect$$rtentry$$0000000C  c_w.l(__rtentry2.o)
    0x080001c6   0x080001c6   0x00000008   Code   RO         4764    .ARM.Collect$$rtentry$$0000000D  c_w.l(__rtentry2.o)
    0x080001ce   0x080001ce   0x00000002   Code   RO         4824    .ARM.Collect$$rtexit$$00000000  c_w.l(rtexit.o)
    0x080001d0   0x080001d0   0x00000000   Code   RO         4853    .ARM.Collect$$rtexit$$00000002  c_w.l(rtexit2.o)
    0x080001d0   0x080001d0   0x00000004   Code   RO         4854    .ARM.Collect$$rtexit$$00000003  c_w.l(rtexit2.o)
    0x080001d4   0x080001d4   0x00000006   Code   RO         4855    .ARM.Collect$$rtexit$$00000004  c_w.l(rtexit2.o)
    0x080001da   0x080001da   0x00000002   PAD
    0x080001dc   0x080001dc   0x00000040   Code   RO            4    .text               startup_stm32f103xe.o
    0x0800021c   0x0800021c   0x00000028   Code   RO         4566    .text               c_w.l(noretval__2sprintf.o)
    0x08000244   0x08000244   0x00000068   Code   RO         4568    .text               c_w.l(__printf.o)
    0x080002ac   0x080002ac   0x00000052   Code   RO         4570    .text               c_w.l(_printf_str.o)
    0x080002fe   0x080002fe   0x00000002   PAD
    0x08000300   0x08000300   0x00000078   Code   RO         4572    .text               c_w.l(_printf_dec.o)
    0x08000378   0x08000378   0x00000048   Code   RO         4597    .text               c_w.l(strcpy.o)
    0x080003c0   0x080003c0   0x00000018   Code   RO         4599    .text               c_w.l(strcat.o)
    0x080003d8   0x080003d8   0x0000004e   Code   RO         4605    .text               c_w.l(rt_memclr_w.o)
    0x08000426   0x08000426   0x00000006   Code   RO         4607    .text               c_w.l(heapauxi.o)
    0x0800042c   0x0800042c   0x000000b2   Code   RO         4679    .text               c_w.l(_printf_intcommon.o)
    0x080004de   0x080004de   0x00000002   PAD
    0x080004e0   0x080004e0   0x00000030   Code   RO         4681    .text               c_w.l(_printf_char_common.o)
    0x08000510   0x08000510   0x0000000a   Code   RO         4683    .text               c_w.l(_sputc.o)
    0x0800051a   0x0800051a   0x0000002c   Code   RO         4685    .text               c_w.l(_printf_char.o)
    0x08000546   0x08000546   0x00000002   PAD
    0x08000548   0x08000548   0x00000008   Code   RO         4754    .text               c_w.l(libspace.o)
    0x08000550   0x08000550   0x00000002   Code   RO         4795    .text               c_w.l(use_no_semi.o)
    0x08000552   0x08000552   0x00000000   Code   RO         4797    .text               c_w.l(indicate_semi.o)
    0x08000552   0x08000552   0x0000004a   Code   RO         4798    .text               c_w.l(sys_stackheap_outer.o)
    0x0800059c   0x0800059c   0x00000012   Code   RO         4804    .text               c_w.l(exit.o)
    0x080005ae   0x080005ae   0x00000002   PAD
    0x080005b0   0x080005b0   0x0000000c   Code   RO         4822    .text               c_w.l(sys_exit.o)
    0x080005bc   0x080005bc   0x0000000c   Code   RO          397    i.BSP_SD_GetCardInfo  bsp_driver_sd.o
    0x080005c8   0x080005c8   0x00000018   Code   RO          398    i.BSP_SD_GetCardState  bsp_driver_sd.o
    0x080005e0   0x080005e0   0x00000030   Code   RO          400    i.BSP_SD_Init       bsp_driver_sd.o
    0x08000610   0x08000610   0x0000000e   Code   RO          401    i.BSP_SD_IsDetected  bsp_driver_sd.o
    0x0800061e   0x0800061e   0x00000002   PAD
    0x08000620   0x08000620   0x00000020   Code   RO          402    i.BSP_SD_ReadBlocks  bsp_driver_sd.o
    0x08000640   0x08000640   0x00000020   Code   RO          405    i.BSP_SD_WriteBlocks  bsp_driver_sd.o
    0x08000660   0x08000660   0x00000002   Code   RO          553    i.BusFault_Handler  stm32f1xx_it.o
    0x08000662   0x08000662   0x00000002   Code   RO          554    i.DebugMon_Handler  stm32f1xx_it.o
    0x08000664   0x08000664   0x00000010   Code   RO           13    i.Delay             lcd.o
    0x08000674   0x08000674   0x00000006   Code   RO         3921    i.FATFS_LinkDriver  ff_gen_drv.o
    0x0800067a   0x0800067a   0x00000002   PAD
    0x0800067c   0x0800067c   0x00000040   Code   RO         3922    i.FATFS_LinkDriverEx  ff_gen_drv.o
    0x080006bc   0x080006bc   0x0000003c   Code   RO         1748    i.FSMC_NORSRAM_Extended_Timing_Init  stm32f1xx_ll_fsmc.o
    0x080006f8   0x080006f8   0x00000068   Code   RO         1749    i.FSMC_NORSRAM_Init  stm32f1xx_ll_fsmc.o
    0x08000760   0x08000760   0x00000044   Code   RO         1750    i.FSMC_NORSRAM_Timing_Init  stm32f1xx_ll_fsmc.o
    0x080007a4   0x080007a4   0x00000024   Code   RO          772    i.HAL_Delay         stm32f1xx_hal.o
    0x080007c8   0x080007c8   0x00000068   Code   RO          628    i.HAL_FSMC_MspInit  stm32f1xx_hal_msp.o
    0x08000830   0x08000830   0x000001f8   Code   RO         1080    i.HAL_GPIO_Init     stm32f1xx_hal_gpio.o
    0x08000a28   0x08000a28   0x0000000a   Code   RO         1084    i.HAL_GPIO_WritePin  stm32f1xx_hal_gpio.o
    0x08000a32   0x08000a32   0x00000002   PAD
    0x08000a34   0x08000a34   0x0000000c   Code   RO          776    i.HAL_GetTick       stm32f1xx_hal.o
    0x08000a40   0x08000a40   0x00000010   Code   RO          782    i.HAL_IncTick       stm32f1xx_hal.o
    0x08000a50   0x08000a50   0x00000024   Code   RO          783    i.HAL_Init          stm32f1xx_hal.o
    0x08000a74   0x08000a74   0x00000040   Code   RO          784    i.HAL_InitTick      stm32f1xx_hal.o
    0x08000ab4   0x08000ab4   0x0000003c   Code   RO          629    i.HAL_MspInit       stm32f1xx_hal_msp.o
    0x08000af0   0x08000af0   0x00000040   Code   RO         1246    i.HAL_NVIC_SetPriority  stm32f1xx_hal_cortex.o
    0x08000b30   0x08000b30   0x00000024   Code   RO         1247    i.HAL_NVIC_SetPriorityGrouping  stm32f1xx_hal_cortex.o
    0x08000b54   0x08000b54   0x0000012c   Code   RO          940    i.HAL_RCC_ClockConfig  stm32f1xx_hal_rcc.o
    0x08000c80   0x08000c80   0x0000006c   Code   RO          949    i.HAL_RCC_GetSysClockFreq  stm32f1xx_hal_rcc.o
    0x08000cec   0x08000cec   0x00000320   Code   RO          952    i.HAL_RCC_OscConfig  stm32f1xx_hal_rcc.o
    0x0800100c   0x0800100c   0x00000118   Code   RO         2274    i.HAL_SD_ConfigWideBusOperation  stm32f1xx_hal_sd.o
    0x08001124   0x08001124   0x00000198   Code   RO         2279    i.HAL_SD_GetCardCSD  stm32f1xx_hal_sd.o
    0x080012bc   0x080012bc   0x00000024   Code   RO         2280    i.HAL_SD_GetCardInfo  stm32f1xx_hal_sd.o
    0x080012e0   0x080012e0   0x0000002c   Code   RO         2281    i.HAL_SD_GetCardState  stm32f1xx_hal_sd.o
    0x0800130c   0x0800130c   0x00000036   Code   RO         2286    i.HAL_SD_Init       stm32f1xx_hal_sd.o
    0x08001342   0x08001342   0x00000002   PAD
    0x08001344   0x08001344   0x00000074   Code   RO         2287    i.HAL_SD_InitCard   stm32f1xx_hal_sd.o
    0x080013b8   0x080013b8   0x00000084   Code   RO          631    i.HAL_SD_MspInit    stm32f1xx_hal_msp.o
    0x0800143c   0x0800143c   0x000001d8   Code   RO         2290    i.HAL_SD_ReadBlocks  stm32f1xx_hal_sd.o
    0x08001614   0x08001614   0x000001ac   Code   RO         2295    i.HAL_SD_WriteBlocks  stm32f1xx_hal_sd.o
    0x080017c0   0x080017c0   0x00000064   Code   RO         1870    i.HAL_SRAM_Init     stm32f1xx_hal_sram.o
    0x08001824   0x08001824   0x00000004   Code   RO          633    i.HAL_SRAM_MspInit  stm32f1xx_hal_msp.o
    0x08001828   0x08001828   0x00000028   Code   RO         1251    i.HAL_SYSTICK_Config  stm32f1xx_hal_cortex.o
    0x08001850   0x08001850   0x0000007c   Code   RO         3221    i.HAL_TIMEx_MasterConfigSynchronization  stm32f1xx_hal_tim_ex.o
    0x080018cc   0x080018cc   0x000000a4   Code   RO         2519    i.HAL_TIM_Encoder_Init  stm32f1xx_hal_tim.o
    0x08001970   0x08001970   0x00000054   Code   RO          635    i.HAL_TIM_Encoder_MspInit  stm32f1xx_hal_msp.o
    0x080019c4   0x080019c4   0x0000008e   Code   RO         2522    i.HAL_TIM_Encoder_Start  stm32f1xx_hal_tim.o
    0x08001a52   0x08001a52   0x00000002   Code   RO          555    i.HardFault_Handler  stm32f1xx_it.o
    0x08001a54   0x08001a54   0x00000018   Code   RO           14    i.LCD_BackLed_Control  lcd.o
    0x08001a6c   0x08001a6c   0x0000001a   Code   RO           15    i.LCD_Clear         lcd.o
    0x08001a86   0x08001a86   0x00000002   PAD
    0x08001a88   0x08001a88   0x00000050   Code   RO           16    i.LCD_DrawChar      lcd.o
    0x08001ad8   0x08001ad8   0x00000040   Code   RO           20    i.LCD_DrawString    lcd.o
    0x08001b18   0x08001b18   0x0000001c   Code   RO           21    i.LCD_FillColor     lcd.o
    0x08001b34   0x08001b34   0x00000026   Code   RO           23    i.LCD_INIT          lcd.o
    0x08001b5a   0x08001b5a   0x00000002   PAD
    0x08001b5c   0x08001b5c   0x00000040   Code   RO           24    i.LCD_OpenWindow    lcd.o
    0x08001b9c   0x08001b9c   0x00000178   Code   RO           25    i.LCD_REG_Config    lcd.o
    0x08001d14   0x08001d14   0x00000034   Code   RO           28    i.LCD_Rst           lcd.o
    0x08001d48   0x08001d48   0x0000001c   Code   RO          515    i.MX_FATFS_Init     fatfs.o
    0x08001d64   0x08001d64   0x00000078   Code   RO          341    i.MX_FSMC_Init      main.o
    0x08001ddc   0x08001ddc   0x000000e0   Code   RO          342    i.MX_GPIO_Init      main.o
    0x08001ebc   0x08001ebc   0x0000006c   Code   RO          343    i.MX_TIM3_Init      main.o
    0x08001f28   0x08001f28   0x00000002   Code   RO          556    i.MemManage_Handler  stm32f1xx_it.o
    0x08001f2a   0x08001f2a   0x00000002   Code   RO          557    i.NMI_Handler       stm32f1xx_it.o
    0x08001f2c   0x08001f2c   0x00000002   Code   RO          558    i.PendSV_Handler    stm32f1xx_it.o
    0x08001f2e   0x08001f2e   0x00000024   Code   RO         2001    i.SDIO_ConfigData   stm32f1xx_ll_sdmmc.o
    0x08001f52   0x08001f52   0x00000008   Code   RO         2005    i.SDIO_GetPowerState  stm32f1xx_ll_sdmmc.o
    0x08001f5a   0x08001f5a   0x00000006   Code   RO         2006    i.SDIO_GetResponse  stm32f1xx_ll_sdmmc.o
    0x08001f60   0x08001f60   0x00000024   Code   RO         2007    i.SDIO_Init         stm32f1xx_ll_sdmmc.o
    0x08001f84   0x08001f84   0x00000010   Code   RO         2009    i.SDIO_PowerState_ON  stm32f1xx_ll_sdmmc.o
    0x08001f94   0x08001f94   0x00000006   Code   RO         2010    i.SDIO_ReadFIFO     stm32f1xx_ll_sdmmc.o
    0x08001f9a   0x08001f9a   0x00000020   Code   RO         2011    i.SDIO_SendCommand  stm32f1xx_ll_sdmmc.o
    0x08001fba   0x08001fba   0x0000000a   Code   RO         2013    i.SDIO_WriteFIFO    stm32f1xx_ll_sdmmc.o
    0x08001fc4   0x08001fc4   0x00000032   Code   RO         2014    i.SDMMC_CmdAppCommand  stm32f1xx_ll_sdmmc.o
    0x08001ff6   0x08001ff6   0x00000002   PAD
    0x08001ff8   0x08001ff8   0x00000034   Code   RO         2015    i.SDMMC_CmdAppOperCommand  stm32f1xx_ll_sdmmc.o
    0x0800202c   0x0800202c   0x00000032   Code   RO         2016    i.SDMMC_CmdBlockLength  stm32f1xx_ll_sdmmc.o
    0x0800205e   0x0800205e   0x00000032   Code   RO         2017    i.SDMMC_CmdBusWidth  stm32f1xx_ll_sdmmc.o
    0x08002090   0x08002090   0x00000050   Code   RO         2021    i.SDMMC_CmdGoIdleState  stm32f1xx_ll_sdmmc.o
    0x080020e0   0x080020e0   0x00000074   Code   RO         2023    i.SDMMC_CmdOperCond  stm32f1xx_ll_sdmmc.o
    0x08002154   0x08002154   0x00000032   Code   RO         2024    i.SDMMC_CmdReadMultiBlock  stm32f1xx_ll_sdmmc.o
    0x08002186   0x08002186   0x00000032   Code   RO         2025    i.SDMMC_CmdReadSingleBlock  stm32f1xx_ll_sdmmc.o
    0x080021b8   0x080021b8   0x00000032   Code   RO         2028    i.SDMMC_CmdSelDesel  stm32f1xx_ll_sdmmc.o
    0x080021ea   0x080021ea   0x0000002c   Code   RO         2029    i.SDMMC_CmdSendCID  stm32f1xx_ll_sdmmc.o
    0x08002216   0x08002216   0x0000002c   Code   RO         2030    i.SDMMC_CmdSendCSD  stm32f1xx_ll_sdmmc.o
    0x08002242   0x08002242   0x00000030   Code   RO         2032    i.SDMMC_CmdSendSCR  stm32f1xx_ll_sdmmc.o
    0x08002272   0x08002272   0x00000032   Code   RO         2033    i.SDMMC_CmdSendStatus  stm32f1xx_ll_sdmmc.o
    0x080022a4   0x080022a4   0x00000030   Code   RO         2034    i.SDMMC_CmdSetRelAdd  stm32f1xx_ll_sdmmc.o
    0x080022d4   0x080022d4   0x00000034   Code   RO         2036    i.SDMMC_CmdStopTransfer  stm32f1xx_ll_sdmmc.o
    0x08002308   0x08002308   0x00000032   Code   RO         2038    i.SDMMC_CmdWriteMultiBlock  stm32f1xx_ll_sdmmc.o
    0x0800233a   0x0800233a   0x00000032   Code   RO         2039    i.SDMMC_CmdWriteSingleBlock  stm32f1xx_ll_sdmmc.o
    0x0800236c   0x0800236c   0x00000120   Code   RO         2040    i.SDMMC_GetCmdResp1  stm32f1xx_ll_sdmmc.o
    0x0800248c   0x0800248c   0x00000050   Code   RO         2041    i.SDMMC_GetCmdResp2  stm32f1xx_ll_sdmmc.o
    0x080024dc   0x080024dc   0x00000044   Code   RO         2042    i.SDMMC_GetCmdResp3  stm32f1xx_ll_sdmmc.o
    0x08002520   0x08002520   0x00000088   Code   RO         2043    i.SDMMC_GetCmdResp6  stm32f1xx_ll_sdmmc.o
    0x080025a8   0x080025a8   0x000000da   Code   RO         2303    i.SD_FindSCR        stm32f1xx_hal_sd.o
    0x08002682   0x08002682   0x000000ee   Code   RO         2304    i.SD_InitCard       stm32f1xx_hal_sd.o
    0x08002770   0x08002770   0x000000b4   Code   RO         2305    i.SD_PowerON        stm32f1xx_hal_sd.o
    0x08002824   0x08002824   0x00000020   Code   RO         4033    i.SD_initialize     sd_diskio.o
    0x08002844   0x08002844   0x00000050   Code   RO         4034    i.SD_ioctl          sd_diskio.o
    0x08002894   0x08002894   0x0000003c   Code   RO         4035    i.SD_read           sd_diskio.o
    0x080028d0   0x080028d0   0x00000020   Code   RO         4036    i.SD_status         sd_diskio.o
    0x080028f0   0x080028f0   0x0000003c   Code   RO         4037    i.SD_write          sd_diskio.o
    0x0800292c   0x0800292c   0x00000002   Code   RO          559    i.SVC_Handler       stm32f1xx_it.o
    0x0800292e   0x0800292e   0x00000004   Code   RO          560    i.SysTick_Handler   stm32f1xx_it.o
    0x08002932   0x08002932   0x0000005e   Code   RO          344    i.SystemClock_Config  main.o
    0x08002990   0x08002990   0x00000002   Code   RO         3470    i.SystemInit        system_stm32f1xx.o
    0x08002992   0x08002992   0x00000002   PAD
    0x08002994   0x08002994   0x0000008c   Code   RO         2591    i.TIM_Base_SetConfig  stm32f1xx_hal_tim.o
    0x08002a20   0x08002a20   0x0000001a   Code   RO         2592    i.TIM_CCxChannelCmd  stm32f1xx_hal_tim.o
    0x08002a3a   0x08002a3a   0x00000002   Code   RO          561    i.UsageFault_Handler  stm32f1xx_it.o
    0x08002a3c   0x08002a3c   0x00000020   Code   RO         1253    i.__NVIC_SetPriority  stm32f1xx_hal_cortex.o
    0x08002a5c   0x08002a5c   0x00000060   Code   RO         3562    i.check_fs          ff.o
    0x08002abc   0x08002abc   0x00000010   Code   RO         3563    i.chk_chr           ff.o
    0x08002acc   0x08002acc   0x00000068   Code   RO         3564    i.chk_lock          ff.o
    0x08002b34   0x08002b34   0x00000024   Code   RO         3565    i.clear_lock        ff.o
    0x08002b58   0x08002b58   0x0000002e   Code   RO         3566    i.clmt_clust        ff.o
    0x08002b86   0x08002b86   0x0000001c   Code   RO         3567    i.clust2sect        ff.o
    0x08002ba2   0x08002ba2   0x000000a4   Code   RO         3568    i.create_chain      ff.o
    0x08002c46   0x08002c46   0x00000002   PAD
    0x08002c48   0x08002c48   0x00000204   Code   RO         3569    i.create_name       ff.o
    0x08002e4c   0x08002e4c   0x0000003c   Code   RO         3570    i.dec_lock          ff.o
    0x08002e88   0x08002e88   0x00000140   Code   RO         3571    i.dir_find          ff.o
    0x08002fc8   0x08002fc8   0x0000011c   Code   RO         3572    i.dir_next          ff.o
    0x080030e4   0x080030e4   0x00000100   Code   RO         3573    i.dir_read          ff.o
    0x080031e4   0x080031e4   0x000001c0   Code   RO         3574    i.dir_register      ff.o
    0x080033a4   0x080033a4   0x0000009a   Code   RO         3576    i.dir_sdi           ff.o
    0x0800343e   0x0800343e   0x00000002   PAD
    0x08003440   0x08003440   0x00000028   Code   RO         3507    i.disk_initialize   diskio.o
    0x08003468   0x08003468   0x0000001c   Code   RO         3508    i.disk_ioctl        diskio.o
    0x08003484   0x08003484   0x0000001c   Code   RO         3509    i.disk_read         diskio.o
    0x080034a0   0x080034a0   0x00000018   Code   RO         3510    i.disk_status       diskio.o
    0x080034b8   0x080034b8   0x0000001c   Code   RO         3511    i.disk_write        diskio.o
    0x080034d4   0x080034d4   0x0000002a   Code   RO         3578    i.f_close           ff.o
    0x080034fe   0x080034fe   0x00000266   Code   RO         3584    i.f_lseek           ff.o
    0x08003764   0x08003764   0x00000064   Code   RO         3587    i.f_mount           ff.o
    0x080037c8   0x080037c8   0x000001f4   Code   RO         3588    i.f_open            ff.o
    0x080039bc   0x080039bc   0x0000008c   Code   RO         3589    i.f_opendir         ff.o
    0x08003a48   0x08003a48   0x0000018e   Code   RO         3593    i.f_read            ff.o
    0x08003bd6   0x08003bd6   0x0000005a   Code   RO         3594    i.f_readdir         ff.o
    0x08003c30   0x08003c30   0x000000a2   Code   RO         3597    i.f_sync            ff.o
    0x08003cd2   0x08003cd2   0x00000002   PAD
    0x08003cd4   0x08003cd4   0x00000038   Code   RO         4001    i.ff_convert        ccsbcs.o
    0x08003d0c   0x08003d0c   0x00000024   Code   RO         4002    i.ff_wtoupper       ccsbcs.o
    0x08003d30   0x08003d30   0x00000028   Code   RO          301    i.find_file_type    file_sys_func.o
    0x08003d58   0x08003d58   0x0000026c   Code   RO         3602    i.find_volume       ff.o
    0x08003fc4   0x08003fc4   0x0000006a   Code   RO         3603    i.follow_path       ff.o
    0x0800402e   0x0800402e   0x00000002   PAD
    0x08004030   0x08004030   0x00000080   Code   RO         3604    i.gen_numname       ff.o
    0x080040b0   0x080040b0   0x000000e6   Code   RO         3606    i.get_fat           ff.o
    0x08004196   0x08004196   0x00000004   Code   RO          516    i.get_fattime       fatfs.o
    0x0800419a   0x0800419a   0x000000be   Code   RO         3607    i.get_fileinfo      ff.o
    0x08004258   0x08004258   0x0000003c   Code   RO         3608    i.get_ldnumber      ff.o
    0x08004294   0x08004294   0x00000098   Code   RO         3609    i.inc_lock          ff.o
    0x0800432c   0x0800432c   0x00000016   Code   RO         3610    i.ld_clust          ff.o
    0x08004342   0x08004342   0x00000002   PAD
    0x08004344   0x08004344   0x0000010c   Code   RO          345    i.main              main.o
    0x08004450   0x08004450   0x00000012   Code   RO         3611    i.mem_cpy           ff.o
    0x08004462   0x08004462   0x0000000e   Code   RO         3612    i.mem_set           ff.o
    0x08004470   0x08004470   0x00000038   Code   RO         3613    i.move_window       ff.o
    0x080044a8   0x080044a8   0x0000011e   Code   RO         3615    i.put_fat           ff.o
    0x080045c6   0x080045c6   0x00000066   Code   RO         3617    i.remove_chain      ff.o
    0x0800462c   0x0800462c   0x000000cc   Code   RO          302    i.scan_file         file_sys_func.o
    0x080046f8   0x080046f8   0x00000010   Code   RO         3618    i.st_clust          ff.o
    0x08004708   0x08004708   0x0000001a   Code   RO         3619    i.sum_sfn           ff.o
    0x08004722   0x08004722   0x000000a8   Code   RO         3620    i.sync_fs           ff.o
    0x080047ca   0x080047ca   0x00000052   Code   RO         3621    i.sync_window       ff.o
    0x0800481c   0x0800481c   0x0000002a   Code   RO         3622    i.validate          ff.o
    0x08004846   0x08004846   0x00000002   PAD
    0x08004848   0x08004848   0x000001c8   Code   RO          695    i.wav_read_header   wav_decoder.o
    0x08004a10   0x08004a10   0x00000670   Data   RO           32    .constdata          lcd.o
    0x08005080   0x08005080   0x00000010   Data   RO         3471    .constdata          system_stm32f1xx.o
    0x08005090   0x08005090   0x000000ba   Data   RO         3624    .constdata          ff.o
    0x0800514a   0x0800514a   0x000004c0   Data   RO         4003    .constdata          ccsbcs.o
    0x0800560a   0x0800560a   0x00000002   PAD
    0x0800560c   0x0800560c   0x00000014   Data   RO         4038    .constdata          sd_diskio.o
    0x08005620   0x08005620   0x00000020   Data   RO         4880    Region$$Table       anon$$obj.o


    Execution Region RW_IRAM1 (Exec base: 0x20000000, Load base: 0x08005640, Size: 0x000094e8, Max: 0x00010000, ABSOLUTE)

    Exec Addr    Load Addr    Size         Type   Attr      Idx    E Section Name        Object

    0x20000000   0x08005640   0x00000005   Data   RW          519    .data               fatfs.o
    0x20000005   0x08005645   0x00000003   PAD
    0x20000008   0x08005648   0x00000008   Data   RW          636    .data               stm32f1xx_hal_msp.o
    0x20000010   0x08005650   0x0000000c   Data   RW          790    .data               stm32f1xx_hal.o
    0x2000001c   0x0800565c   0x00000004   Data   RW         3473    .data               system_stm32f1xx.o
    0x20000020   0x08005660   0x00000008   Data   RW         3625    .data               ff.o
    0x20000028   0x08005668   0x00000001   Data   RW         4039    .data               sd_diskio.o
    0x20000029   0x08005669   0x00000003   PAD
    0x2000002c        -       0x00003280   Zero   RW          303    .bss                file_sys_func.o
    0x200032ac        -       0x00000194   Zero   RW          346    .bss                main.o
    0x20003440        -       0x00000024   Zero   RW          696    .bss                wav_decoder.o
    0x20003464        -       0x00000018   Zero   RW         3623    .bss                ff.o
    0x2000347c        -       0x0000000c   Zero   RW         3925    .bss                ff_gen_drv.o
    0x20003488        -       0x00000060   Zero   RW         4755    .bss                c_w.l(libspace.o)
    0x200034e8        -       0x00002000   Zero   RW            2    HEAP                startup_stm32f103xe.o
    0x200054e8        -       0x00004000   Zero   RW            1    STACK               startup_stm32f103xe.o


==============================================================================

Image component sizes


      Code (inc. data)   RO Data    RW Data    ZI Data      Debug   Object Name

       162         26          0          0          0       3736   bsp_driver_sd.o
        92         12       1216          0          0       1987   ccsbcs.o
       148         22          0          0          0       3597   diskio.o
        32         10          0          5          0       1436   fatfs.o
      6892         96        186          8         24      42295   ff.o
        70          4          0          0         12       1587   ff_gen_drv.o
       244         36          0          0      12928       2156   file_sys_func.o
       768         42       1648          0          0     521230   lcd.o
       814        124          0          0        404       4007   main.o
         0          0          0          0          0       4972   mp3_decoder.o
       264         34         20          1          0       4380   sd_diskio.o
        64         26        304          0      24576        812   startup_stm32f103xe.o
       164         28          0         12          0       6521   stm32f1xx_hal.o
       172         14          0          0          0      28290   stm32f1xx_hal_cortex.o
       514         42          0          0          0       2908   stm32f1xx_hal_gpio.o
       384         54          0          8          0       3564   stm32f1xx_hal_msp.o
      1208         76          0          0          0       4078   stm32f1xx_hal_rcc.o
      2474         34          0          0          0      12152   stm32f1xx_hal_sd.o
       100          0          0          0          0       1208   stm32f1xx_hal_sram.o
       472         20          0          0          0       4662   stm32f1xx_hal_tim.o
       124         20          0          0          0       1328   stm32f1xx_hal_tim_ex.o
        20          0          0          0          0       3806   stm32f1xx_it.o
       232         14          0          0          0       3867   stm32f1xx_ll_fsmc.o
      1656         46          0          0          0      22135   stm32f1xx_ll_sdmmc.o
         0          0          0          0          0        520   syscall.o
         2          0         16          4          0       1099   system_stm32f1xx.o
       456        116          0          0         36       1924   wav_decoder.o

    ----------------------------------------------------------------------
     17556        896       3424         44      37980     690257   Object Totals
         0          0         32          0          0          0   (incl. Generated)
        28          0          2          6          0          0   (incl. Padding)

    ----------------------------------------------------------------------

      Code (inc. data)   RO Data    RW Data    ZI Data      Debug   Library Member Name

         8          0          0          0          0         68   __main.o
       104          0          0          0          0         84   __printf.o
         0          0          0          0          0          0   __rtentry.o
        12          0          0          0          0          0   __rtentry2.o
         6          0          0          0          0          0   __rtentry4.o
        52          8          0          0          0          0   __scatter.o
        26          0          0          0          0          0   __scatter_copy.o
        28          0          0          0          0          0   __scatter_zi.o
        44          0          0          0          0        108   _printf_char.o
        48          6          0          0          0         96   _printf_char_common.o
         6          0          0          0          0          0   _printf_d.o
       120         16          0          0          0         92   _printf_dec.o
       178          0          0          0          0         88   _printf_intcommon.o
         0          0          0          0          0          0   _printf_percent.o
         4          0          0          0          0          0   _printf_percent_end.o
         6          0          0          0          0          0   _printf_s.o
        82          0          0          0          0         80   _printf_str.o
        10          0          0          0          0         68   _sputc.o
        18          0          0          0          0         80   exit.o
         6          0          0          0          0        152   heapauxi.o
         0          0          0          0          0          0   indicate_semi.o
         2          0          0          0          0          0   libinit.o
         2          0          0          0          0          0   libinit2.o
         2          0          0          0          0          0   libshutdown.o
         2          0          0          0          0          0   libshutdown2.o
         8          4          0          0         96         68   libspace.o
        40          6          0          0          0         84   noretval__2sprintf.o
        78          0          0          0          0         80   rt_memclr_w.o
         2          0          0          0          0          0   rtexit.o
        10          0          0          0          0          0   rtexit2.o
        24          0          0          0          0         68   strcat.o
        72          0          0          0          0         80   strcpy.o
        12          4          0          0          0         68   sys_exit.o
        74          0          0          0          0         80   sys_stackheap_outer.o
         2          0          0          0          0         68   use_no_semi.o

    ----------------------------------------------------------------------
      1100         44          0          0         96       1512   Library Totals
        12          0          0          0          0          0   (incl. Padding)

    ----------------------------------------------------------------------

      Code (inc. data)   RO Data    RW Data    ZI Data      Debug   Library Name

      1088         44          0          0         96       1512   c_w.l

    ----------------------------------------------------------------------
      1100         44          0          0         96       1512   Library Totals

    ----------------------------------------------------------------------

==============================================================================


      Code (inc. data)   RO Data    RW Data    ZI Data      Debug   

     18656        940       3424         44      38076     683185   Grand Totals
     18656        940       3424         44      38076     683185   ELF Image Totals
     18656        940       3424         44          0          0   ROM Totals

==============================================================================

    Total RO  Size (Code + RO Data)                22080 (  21.56kB)
    Total RW  Size (RW Data + ZI Data)             38120 (  37.23kB)
    Total ROM Size (Code + RO Data + RW Data)      22124 (  21.61kB)

==============================================================================

