<html>
<body>
<pre>
<h1>µVision Build Log</h1>
<h2>Tool Versions:</h2>
IDE-Version: ÂµVision V5.24.2.0
Copyright (C) 2017 ARM Ltd and ARM Germany GmbH. All rights reserved.
License Information: billq Bill Fung, kkk, LIC=UJWGK-Z0FMT-BRUXT-RXU7I-TT55Y-1S3VP
 
Tool Versions:
Toolchain:       MDK-ARM Plus  Version: 5.24.1
Toolchain Path:  C:\Keil_v5\ARM\ARMCC\Bin
C Compiler:      Armcc.exe V5.06 update 5 (build 528)
Assembler:       Armasm.exe V5.06 update 5 (build 528)
Linker/Locator:  ArmLink.exe V5.06 update 5 (build 528)
Library Manager: ArmAr.exe V5.06 update 5 (build 528)
Hex Converter:   FromElf.exe V5.06 update 5 (build 528)
CPU DLL:         SARMCM3.DLL V5.24.1
Dialog DLL:      DCM.DLL V1.16.0.0
Target DLL:      CMSIS_AGDI.dll V1.28.3.0
Dialog DLL:      TCM.DLL V1.32.0.0
 
<h2>Project:</h2>
C:\Users\Bill Fung\Documents\GitHub\ELEC3300-DAP\SDIO\MDK-ARM\SDIO.uvprojx
Project File Date:  11/10/2021

<h2>Output:</h2>
*** Using Compiler 'V5.06 update 5 (build 528)', folder: 'C:\Keil_v5\ARM\ARMCC\Bin'
Build target 'SDIO'
compiling MP3_decoder.c...
../Inc/mp3_decoder.h(29): warning:  #47-D: incompatible redefinition of macro "MP3_FRAME_ID_UNSYNC_LYRICIST"  (declared at line 28)
  #define MP3_FRAME_ID_UNSYNC_LYRICIST	"SYLT"
..\Src\MP3_decoder.c(18): warning:  #223-D: function "strcat" declared implicitly
  	strcat(path, "0:/MUSIC/");
..\Src\MP3_decoder.c(25): warning:  #167-D: argument of type "int *" is incompatible with parameter of type "UINT *"
  	f_read(&myFILE, ReadBuffer, 1, &fnum);
..\Src\MP3_decoder.c(29): warning:  #1-D: last line of file ends without a newline
  }
..\Src\MP3_decoder.c(13): warning:  #177-D: variable "res"  was declared but never referenced
  	FRESULT res;
..\Src\MP3_decoder.c(16): warning:  #177-D: variable "string"  was declared but never referenced
  	char string[1024] = {0};
..\Src\MP3_decoder.c: 6 warnings, 0 errors
linking...
Program Size: Code=22592 RO-data=3432 RW-data=44 ZI-data=38292  
FromELF: creating hex file...
"SDIO\SDIO.axf" - 0 Error(s), 6 Warning(s).

<h2>Software Packages used:</h2>

Package Vendor: ARM
                http://www.keil.com/pack/ARM.CMSIS.5.8.0.pack
                ARM.CMSIS.5.8.0
                CMSIS (Common Microcontroller Software Interface Standard)
   * Component: CORE Version: 5.5.0

Package Vendor: Keil
                http://www.keil.com/pack/Keil.STM32F1xx_DFP.2.3.0.pack
                Keil.STM32F1xx_DFP.2.3.0
                STMicroelectronics STM32F1 Series Device Support, Drivers and Examples

<h2>Collection of Component include folders:</h2>
  .\RTE\_SDIO
  C:\Keil_v5\ARM\PACK\ARM\CMSIS\5.8.0\CMSIS\Core\Include
  C:\Keil_v5\ARM\PACK\Keil\STM32F1xx_DFP\2.3.0\Device\Include

<h2>Collection of Component Files used:</h2>

   * Component: ARM::CMSIS:CORE:5.5.0
Build Time Elapsed:  00:00:03
</pre>
</body>
</html>
